Archive member included to satisfy reference by file (symbol)

/usr/lib/gcc/arm-none-eabi/13.2.1/../../../arm-none-eabi/lib/thumb/v7e-m+fp/hard/libc_nano.a(libc_a-init.o)
                              /usr/lib/gcc/arm-none-eabi/13.2.1/../../../arm-none-eabi/lib/thumb/v7e-m+fp/hard/crt0.o (__libc_init_array)
/usr/lib/gcc/arm-none-eabi/13.2.1/../../../arm-none-eabi/lib/thumb/v7e-m+fp/hard/libc_nano.a(libc_a-memset.o)
                              /usr/lib/gcc/arm-none-eabi/13.2.1/../../../arm-none-eabi/lib/thumb/v7e-m+fp/hard/crt0.o (memset)
/usr/lib/gcc/arm-none-eabi/13.2.1/../../../arm-none-eabi/lib/thumb/v7e-m+fp/hard/libc_nano.a(libc_a-nano-vfprintf_float.o)
                              (_printf_float)
/usr/lib/gcc/arm-none-eabi/13.2.1/../../../arm-none-eabi/lib/thumb/v7e-m+fp/hard/libc_nano.a(libc_a-dtoa.o)
                              /usr/lib/gcc/arm-none-eabi/13.2.1/../../../arm-none-eabi/lib/thumb/v7e-m+fp/hard/libc_nano.a(libc_a-nano-vfprintf_float.o) (_dtoa_r)
/usr/lib/gcc/arm-none-eabi/13.2.1/../../../arm-none-eabi/lib/thumb/v7e-m+fp/hard/libc_nano.a(libc_a-memcpy.o)
                              /usr/lib/gcc/arm-none-eabi/13.2.1/../../../arm-none-eabi/lib/thumb/v7e-m+fp/hard/libc_nano.a(libc_a-dtoa.o) (memcpy)
/usr/lib/gcc/arm-none-eabi/13.2.1/../../../arm-none-eabi/lib/thumb/v7e-m+fp/hard/libc_nano.a(libc_a-malloc.o)
                              /usr/lib/gcc/arm-none-eabi/13.2.1/../../../arm-none-eabi/lib/thumb/v7e-m+fp/hard/libc_nano.a(libc_a-dtoa.o) (malloc)
/usr/lib/gcc/arm-none-eabi/13.2.1/../../../arm-none-eabi/lib/thumb/v7e-m+fp/hard/libc_nano.a(libc_a-nano-vfprintf_i.o)
                              /usr/lib/gcc/arm-none-eabi/13.2.1/../../../arm-none-eabi/lib/thumb/v7e-m+fp/hard/libc_nano.a(libc_a-nano-vfprintf_float.o) (_printf_common)
/usr/lib/gcc/arm-none-eabi/13.2.1/../../../arm-none-eabi/lib/thumb/v7e-m+fp/hard/libc_nano.a(libc_a-exit.o)
                              /usr/lib/gcc/arm-none-eabi/13.2.1/../../../arm-none-eabi/lib/thumb/v7e-m+fp/hard/crt0.o (exit)
/usr/lib/gcc/arm-none-eabi/13.2.1/../../../arm-none-eabi/lib/thumb/v7e-m+fp/hard/libc_nano.a(libc_a-atexit.o)
                              /usr/lib/gcc/arm-none-eabi/13.2.1/../../../arm-none-eabi/lib/thumb/v7e-m+fp/hard/crt0.o (atexit)
/usr/lib/gcc/arm-none-eabi/13.2.1/../../../arm-none-eabi/lib/thumb/v7e-m+fp/hard/libc_nano.a(libc_a-fini.o)
                              /usr/lib/gcc/arm-none-eabi/13.2.1/../../../arm-none-eabi/lib/thumb/v7e-m+fp/hard/crt0.o (__libc_fini_array)
/usr/lib/gcc/arm-none-eabi/13.2.1/../../../arm-none-eabi/lib/thumb/v7e-m+fp/hard/libc_nano.a(libc_a-assert.o)
                              /usr/lib/gcc/arm-none-eabi/13.2.1/../../../arm-none-eabi/lib/thumb/v7e-m+fp/hard/libc_nano.a(libc_a-dtoa.o) (__assert_func)
/usr/lib/gcc/arm-none-eabi/13.2.1/../../../arm-none-eabi/lib/thumb/v7e-m+fp/hard/libc_nano.a(libc_a-mprec.o)
                              /usr/lib/gcc/arm-none-eabi/13.2.1/../../../arm-none-eabi/lib/thumb/v7e-m+fp/hard/libc_nano.a(libc_a-dtoa.o) (_Balloc)
/usr/lib/gcc/arm-none-eabi/13.2.1/../../../arm-none-eabi/lib/thumb/v7e-m+fp/hard/libc_nano.a(libc_a-impure.o)
                              /usr/lib/gcc/arm-none-eabi/13.2.1/../../../arm-none-eabi/lib/thumb/v7e-m+fp/hard/libc_nano.a(libc_a-malloc.o) (_impure_ptr)
/usr/lib/gcc/arm-none-eabi/13.2.1/../../../arm-none-eabi/lib/thumb/v7e-m+fp/hard/libc_nano.a(libc_a-localeconv.o)
                              /usr/lib/gcc/arm-none-eabi/13.2.1/../../../arm-none-eabi/lib/thumb/v7e-m+fp/hard/libc_nano.a(libc_a-nano-vfprintf_float.o) (_localeconv_r)
/usr/lib/gcc/arm-none-eabi/13.2.1/../../../arm-none-eabi/lib/thumb/v7e-m+fp/hard/libc_nano.a(libc_a-findfp.o)
                              /usr/lib/gcc/arm-none-eabi/13.2.1/../../../arm-none-eabi/lib/thumb/v7e-m+fp/hard/libc_nano.a(libc_a-exit.o) (__stdio_exit_handler)
/usr/lib/gcc/arm-none-eabi/13.2.1/../../../arm-none-eabi/lib/thumb/v7e-m+fp/hard/libc_nano.a(libc_a-abort.o)
                              /usr/lib/gcc/arm-none-eabi/13.2.1/../../../arm-none-eabi/lib/thumb/v7e-m+fp/hard/libc_nano.a(libc_a-assert.o) (abort)
/usr/lib/gcc/arm-none-eabi/13.2.1/../../../arm-none-eabi/lib/thumb/v7e-m+fp/hard/libc_nano.a(libc_a-strlen.o)
                              /usr/lib/gcc/arm-none-eabi/13.2.1/../../../arm-none-eabi/lib/thumb/v7e-m+fp/hard/libc_nano.a(libc_a-nano-vfprintf_float.o) (strlen)
/usr/lib/gcc/arm-none-eabi/13.2.1/../../../arm-none-eabi/lib/thumb/v7e-m+fp/hard/libc_nano.a(libc_a-fflush.o)
                              /usr/lib/gcc/arm-none-eabi/13.2.1/../../../arm-none-eabi/lib/thumb/v7e-m+fp/hard/libc_nano.a(libc_a-findfp.o) (_fflush_r)
/usr/lib/gcc/arm-none-eabi/13.2.1/../../../arm-none-eabi/lib/thumb/v7e-m+fp/hard/libc_nano.a(libc_a-callocr.o)
                              /usr/lib/gcc/arm-none-eabi/13.2.1/../../../arm-none-eabi/lib/thumb/v7e-m+fp/hard/libc_nano.a(libc_a-mprec.o) (_calloc_r)
[...]
Memory Configuration

Name             Origin             Length             Attributes
RAM              0x20000000         0x00008000         xrw
CCMRAM           0x10000000         0x00002000         xrw
FLASH            0x08000000         0x00020000         xr
*default*        0x00000000         0xffffffff

Linker script and memory map

LOAD /usr/lib/gcc/arm-none-eabi/13.2.1/thumb/v7e-m+fp/hard/crti.o
LOAD /usr/lib/gcc/arm-none-eabi/13.2.1/thumb/v7e-m+fp/hard/crtbegin.o
LOAD /usr/lib/gcc/arm-none-eabi/13.2.1/../../../arm-none-eabi/lib/thumb/v7e-m+fp/hard/crt0.o
START GROUP
LOAD /usr/lib/gcc/arm-none-eabi/13.2.1/../../../arm-none-eabi/lib/thumb/v7e-m+fp/hard/libc_nano.a
LOAD /usr/lib/gcc/arm-none-eabi/13.2.1/../../../arm-none-eabi/lib/thumb/v7e-m+fp/hard/libm.a
END GROUP
LOAD CMakeFiles/adc_usb.dir/Core/Src/adc_read.c.obj
LOAD CMakeFiles/adc_usb.dir/Core/Src/main.c.obj
LOAD CMakeFiles/adc_usb.dir/Core/Src/stm32f3xx_it.c.obj
LOAD CMakeFiles/adc_usb.dir/Core/Src/stm32f3xx_hal_msp.c.obj
LOAD CMakeFiles/adc_usb.dir/USB_DEVICE/App/usb_device.c.obj
LOAD CMakeFiles/adc_usb.dir/USB_DEVICE/App/usbd_desc.c.obj
LOAD CMakeFiles/adc_usb.dir/USB_DEVICE/App/usbd_cdc_if.c.obj
LOAD CMakeFiles/adc_usb.dir/USB_DEVICE/Target/usbd_conf.c.obj
LOAD CMakeFiles/adc_usb.dir/Drivers/STM32F3xx_HAL_Driver/Src/stm32f3xx_ll_usb.c.obj
LOAD CMakeFiles/adc_usb.dir/Drivers/STM32F3xx_HAL_Driver/Src/stm32f3xx_hal_pcd.c.obj
LOAD CMakeFiles/adc_usb.dir/Drivers/STM32F3xx_HAL_Driver/Src/stm32f3xx_hal_pcd_ex.c.obj
LOAD CMakeFiles/adc_usb.dir/Drivers/STM32F3xx_HAL_Driver/Src/stm32f3xx_hal.c.obj
LOAD CMakeFiles/adc_usb.dir/Drivers/STM32F3xx_HAL_Driver/Src/stm32f3xx_hal_rcc.c.obj
LOAD CMakeFiles/adc_usb.dir/Drivers/STM32F3xx_HAL_Driver/Src/stm32f3xx_hal_rcc_ex.c.obj
LOAD CMakeFiles/adc_usb.dir/Drivers/STM32F3xx_HAL_Driver/Src/stm32f3xx_hal_gpio.c.obj
LOAD CMakeFiles/adc_usb.dir/Drivers/STM32F3xx_HAL_Driver/Src/stm32f3xx_hal_dma.c.obj
LOAD CMakeFiles/adc_usb.dir/Drivers/STM32F3xx_HAL_Driver/Src/stm32f3xx_hal_cortex.c.obj
LOAD CMakeFiles/adc_usb.dir/Drivers/STM32F3xx_HAL_Driver/Src/stm32f3xx_hal_pwr.c.obj
LOAD CMakeFiles/adc_usb.dir/Drivers/STM32F3xx_HAL_Driver/Src/stm32f3xx_hal_pwr_ex.c.obj
LOAD CMakeFiles/adc_usb.dir/Drivers/STM32F3xx_HAL_Driver/Src/stm32f3xx_hal_flash.c.obj
LOAD CMakeFiles/adc_usb.dir/Drivers/STM32F3xx_HAL_Driver/Src/stm32f3xx_hal_flash_ex.c.obj
LOAD CMakeFiles/adc_usb.dir/Drivers/STM32F3xx_HAL_Driver/Src/stm32f3xx_hal_i2c.c.obj
LOAD CMakeFiles/adc_usb.dir/Drivers/STM32F3xx_HAL_Driver/Src/stm32f3xx_hal_i2c_ex.c.obj
LOAD CMakeFiles/adc_usb.dir/Drivers/STM32F3xx_HAL_Driver/Src/stm32f3xx_hal_exti.c.obj
LOAD CMakeFiles/adc_usb.dir/Drivers/STM32F3xx_HAL_Driver/Src/stm32f3xx_hal_adc.c.obj
LOAD CMakeFiles/adc_usb.dir/Drivers/STM32F3xx_HAL_Driver/Src/stm32f3xx_hal_adc_ex.c.obj
LOAD CMakeFiles/adc_usb.dir/Core/Src/system_stm32f3xx.c.obj
LOAD CMakeFiles/adc_usb.dir/Middlewares/ST/STM32_USB_Device_Library/Core/Src/usbd_core.c.obj
LOAD CMakeFiles/adc_usb.dir/Middlewares/ST/STM32_USB_Device_Library/Core/Src/usbd_ctlreq.c.obj
LOAD CMakeFiles/adc_usb.dir/Middlewares/ST/STM32_USB_Device_Library/Core/Src/usbd_ioreq.c.obj
LOAD CMakeFiles/adc_usb.dir/Middlewares/ST/STM32_USB_Device_Library/Class/CDC/Src/usbd_cdc.c.obj
LOAD CMakeFiles/adc_usb.dir/Core/Src/sysmem.c.obj
LOAD CMakeFiles/adc_usb.dir/Core/Src/syscalls.c.obj
LOAD CMakeFiles/adc_usb.dir/startup_stm32f303xc.s.obj
START GROUP
LOAD /usr/lib/gcc/arm-none-eabi/13.2.1/thumb/v7e-m+fp/hard/libgcc.a
LOAD /usr/lib/gcc/arm-none-eabi/13.2.1/../../../arm-none-eabi/lib/thumb/v7e-m+fp/hard/libg_nano.a
LOAD /usr/lib/gcc/arm-none-eabi/13.2.1/../../../arm-none-eabi/lib/thumb/v7e-m+fp/hard/libc_nano.a
END GROUP
START GROUP
LOAD /usr/lib/gcc/arm-none-eabi/13.2.1/thumb/v7e-m+fp/hard/libgcc.a
LOAD /usr/lib/gcc/arm-none-eabi/13.2.1/../../../arm-none-eabi/lib/thumb/v7e-m+fp/hard/libc_nano.a
END GROUP
LOAD /usr/lib/gcc/arm-none-eabi/13.2.1/thumb/v7e-m+fp/hard/crtend.o
LOAD /usr/lib/gcc/arm-none-eabi/13.2.1/thumb/v7e-m+fp/hard/crtn.o
                0x20008000                        _estack = (ORIGIN (RAM) + LENGTH (RAM))
                0x00000200                        _Min_Heap_Size = 0x200
                0x00000400                        _Min_Stack_Size = 0x400

.isr_vector     0x08000000      0x188
                0x08000000                        . = ALIGN (0x4)
 *(.isr_vector)
 .isr_vector    0x08000000      0x188 CMakeFiles/adc_usb.dir/startup_stm32f303xc.s.obj
                0x08000000                g_pfnVectors
                0x08000188                        . = ALIGN (0x4)

.text           0x080001c0     0xdf90
                0x080001c0                        . = ALIGN (0x4)
 *(.text)
 .text          0x080001c0       0x88 /usr/lib/gcc/arm-none-eabi/13.2.1/thumb/v7e-m+fp/hard/crtbegin.o
 .text          0x08000248       0x50 /usr/lib/gcc/arm-none-eabi/13.2.1/../../../arm-none-eabi/lib/thumb/v7e-m+fp/hard/libc_nano.a(libc_a-init.o)
                0x08000248                __libc_init_array
 .text          0x08000298       0xa4 /usr/lib/gcc/arm-none-eabi/13.2.1/../../../arm-none-eabi/lib/thumb/v7e-m+fp/hard/libc_nano.a(libc_a-memset.o)
                0x08000298                memset
 .text          0x0800033c      0x6b0 /usr/lib/gcc/arm-none-eabi/13.2.1/../../../arm-none-eabi/lib/thumb/v7e-m+fp/hard/libc_nano.a(libc_a-nano-vfprintf_float.o)
                0x0800033c                __cvt
                0x0800044c                __exponent
                0x080004d0                _printf_float
 *fill*         0x080009ec        0x4 
 .text          0x080009f0      0xfdc /usr/lib/gcc/arm-none-eabi/13.2.1/../../../arm-none-eabi/lib/thumb/v7e-m+fp/hard/libc_nano.a(libc_a-dtoa.o)
                0x08000b1c                _dtoa_r
 .text          0x080019cc      0x134 /usr/lib/gcc/arm-none-eabi/13.2.1/../../../arm-none-eabi/lib/thumb/v7e-m+fp/hard/libc_nano.a(libc_a-memcpy.o)
                0x080019cc                memcpy
 .text          0x08001b00       0x20 /usr/lib/gcc/arm-none-eabi/13.2.1/../../../arm-none-eabi/lib/thumb/v7e-m+fp/hard/libc_nano.a(libc_a-malloc.o)
                0x08001b00                malloc
                0x08001b10                free
 .text          0x08001b20      0x3a8 /usr/lib/gcc/arm-none-eabi/13.2.1/../../../arm-none-eabi/lib/thumb/v7e-m+fp/hard/libc_nano.a(libc_a-nano-vfprintf_i.o)
                0x08001b20                _printf_common
                0x08001c44                _printf_i
 .text          0x08001ec8       0x4c /usr/lib/gcc/arm-none-eabi/13.2.1/../../../arm-none-eabi/lib/thumb/v7e-m+fp/hard/libc_nano.a(libc_a-assert.o)
                0x08001ec8                __assert_func
                0x08001f08                __assert
 .text          0x08001f14      0xb10 /usr/lib/gcc/arm-none-eabi/13.2.1/../../../arm-none-eabi/lib/thumb/v7e-m+fp/hard/libc_nano.a(libc_a-mprec.o)
                0x08001f14                _Balloc
                0x08001f94                _Bfree
                0x08001fdc                __multadd
                0x08002078                __s2b
                0x0800212c                __hi0bits
                0x08002170                __lo0bits
                0x080021d0                __i2b
                0x080021fc                __multiply
                0x08002368                __pow5mult
                0x08002448                __lshift
                0x08002530                __mcmp
                0x08002574                __mdiff
                0x080026ec                __ulp
                0x08002750                __b2d
                0x0800280c                __d2b
                0x080028cc                __ratio
                0x0800292c                _mprec_log10
                0x0800296c                __copybits
                0x080029c8                __any_on
 .text          0x08002a24       0x14 /usr/lib/gcc/arm-none-eabi/13.2.1/../../../arm-none-eabi/lib/thumb/v7e-m+fp/hard/libc_nano.a(libc_a-localeconv.o)
                0x08002a24                __localeconv_l
                0x08002a28                _localeconv_r
                0x08002a30                localeconv
 .text          0x08002a38      0x224 /usr/lib/gcc/arm-none-eabi/13.2.1/../../../arm-none-eabi/lib/thumb/v7e-m+fp/hard/libc_nano.a(libc_a-findfp.o)
                0x08002b68                __sfp
                0x08002c0c                __sinit
                0x08002c2c                __sfp_lock_acquire
                0x08002c30                __sfp_lock_release
                0x08002c34                __fp_lock_all
                0x08002c48                __fp_unlock_all
 .text          0x08002c5c       0x10 /usr/lib/gcc/arm-none-eabi/13.2.1/../../../arm-none-eabi/lib/thumb/v7e-m+fp/hard/libc_nano.a(libc_a-abort.o)
                0x08002c5c                abort
 *fill*         0x08002c6c       0x14 
 .text          0x08002c80       0xd8 /usr/lib/gcc/arm-none-eabi/13.2.1/../../../arm-none-eabi/lib/thumb/v7e-m+fp/hard/libc_nano.a(libc_a-strlen.o)
                0x08002c80                strlen
 .text          0x08002d58      0x1a8 /usr/lib/gcc/arm-none-eabi/13.2.1/../../../arm-none-eabi/lib/thumb/v7e-m+fp/hard/libc_nano.a(libc_a-fflush.o)
                0x08002d58                __sflush_r
                0x08002e7c                _fflush_r
                0x08002eb4                fflush
 .text          0x08002f00       0x28 /usr/lib/gcc/arm-none-eabi/13.2.1/../../../arm-none-eabi/lib/thumb/v7e-m+fp/hard/libc_nano.a(libc_a-callocr.o)
                0x08002f00                _calloc_r
 .text          0x08002f28      0x148 /usr/lib/gcc/arm-none-eabi/13.2.1/../../../arm-none-eabi/lib/thumb/v7e-m+fp/hard/libc_nano.a(libc_a-mallocr.o)
                0x08002f70                _malloc_r
 .text          0x08003070       0xbc /usr/lib/gcc/arm-none-eabi/13.2.1/../../../arm-none-eabi/lib/thumb/v7e-m+fp/hard/libc_nano.a(libc_a-freer.o)
                0x08003070                _free_r
 .text          0x0800312c       0x44 /usr/lib/gcc/arm-none-eabi/13.2.1/../../../arm-none-eabi/lib/thumb/v7e-m+fp/hard/libc_nano.a(libc_a-fwalk.o)
                0x0800312c                _fwalk_sglue
 .text          0x08003170       0x30 /usr/lib/gcc/arm-none-eabi/13.2.1/../../../arm-none-eabi/lib/thumb/v7e-m+fp/hard/libc_nano.a(libc_a-wctomb_r.o)
                0x08003170                _wctomb_r
                0x08003184                __ascii_wctomb
 .text          0x080031a0       0xa0 /usr/lib/gcc/arm-none-eabi/13.2.1/../../../arm-none-eabi/lib/thumb/v7e-m+fp/hard/libc_nano.a(libc_a-memchr.o)
                0x080031a0                memchr
 .text          0x08003240       0x44 /usr/lib/gcc/arm-none-eabi/13.2.1/../../../arm-none-eabi/lib/thumb/v7e-m+fp/hard/libc_nano.a(libc_a-fprintf.o)
                0x08003240                _fprintf_r
                0x08003240                _fiprintf_r
                0x0800325c                fprintf
                0x0800325c                fiprintf
 .text          0x08003284        0x8 /usr/lib/gcc/arm-none-eabi/13.2.1/../../../arm-none-eabi/lib/thumb/v7e-m+fp/hard/libc_nano.a(libc_a-mlock.o)
                0x08003284                __malloc_lock
                0x08003288                __malloc_unlock
 .text          0x0800328c      0x314 /usr/lib/gcc/arm-none-eabi/13.2.1/../../../arm-none-eabi/lib/thumb/v7e-m+fp/hard/libc_nano.a(libc_a-nano-vfprintf.o)
                0x080032c8                __sfputs_r
                0x080032f8                __sprint_r
                0x08003318                _vfiprintf_r
                0x08003318                _vfprintf_r
                0x08003584                vfiprintf
                0x08003584                vfprintf
 .text          0x080035a0       0xa0 /usr/lib/gcc/arm-none-eabi/13.2.1/../../../arm-none-eabi/lib/thumb/v7e-m+fp/hard/libc_nano.a(libc_a-wbuf.o)
                0x080035a0                __swbuf_r
                0x08003628                __swbuf
 .text          0x08003640       0x24 /usr/lib/gcc/arm-none-eabi/13.2.1/../../../arm-none-eabi/lib/thumb/v7e-m+fp/hard/libc_nano.a(libc_a-sbrkr.o)
                0x08003640                _sbrk_r
 .text          0x08003664       0x94 /usr/lib/gcc/arm-none-eabi/13.2.1/../../../arm-none-eabi/lib/thumb/v7e-m+fp/hard/libc_nano.a(libc_a-stdio.o)
                0x08003664                __sread
                0x08003688                __seofread
                0x0800368c                __swrite
                0x080036cc                __sseek
                0x080036f0                __sclose
 .text          0x080036f8      0x300 /usr/lib/gcc/arm-none-eabi/13.2.1/../../../arm-none-eabi/lib/thumb/v7e-m+fp/hard/libc_nano.a(libc_a-fvwrite.o)
                0x080036f8                __sfvwrite_r
 .text          0x080039f8       0x40 /usr/lib/gcc/arm-none-eabi/13.2.1/../../../arm-none-eabi/lib/thumb/v7e-m+fp/hard/libc_nano.a(libc_a-mbtowc_r.o)
                0x080039f8                _mbtowc_r
                0x08003a0c                __ascii_mbtowc
 .text          0x08003a38      0x260 /usr/lib/gcc/arm-none-eabi/13.2.1/../../../arm-none-eabi/lib/thumb/v7e-m+fp/hard/libc_nano.a(libc_a-signal.o)
                0x08003a38                _init_signal_r
                0x08003a64                _signal_r
                0x08003ab0                _raise_r
                0x08003b00                __sigtramp_r
                0x08003b60                raise
                0x08003bb4                signal
                0x08003c00                _init_signal
                0x08003c34                __sigtramp
 .text          0x08003c98       0x24 /usr/lib/gcc/arm-none-eabi/13.2.1/../../../arm-none-eabi/lib/thumb/v7e-m+fp/hard/libc_nano.a(libc_a-closer.o)
                0x08003c98                _close_r
 .text          0x08003cbc      0x100 /usr/lib/gcc/arm-none-eabi/13.2.1/../../../arm-none-eabi/lib/thumb/v7e-m+fp/hard/libc_nano.a(libc_a-memmove.o)
                0x08003cbc                memmove
 .text          0x08003dbc       0xc4 /usr/lib/gcc/arm-none-eabi/13.2.1/../../../arm-none-eabi/lib/thumb/v7e-m+fp/hard/libc_nano.a(libc_a-wsetup.o)
                0x08003dbc                __swsetup_r
 .text          0x08003e80       0x2c /usr/lib/gcc/arm-none-eabi/13.2.1/../../../arm-none-eabi/lib/thumb/v7e-m+fp/hard/libc_nano.a(libc_a-readr.o)
                0x08003e80                _read_r
 .text          0x08003eac       0x64 /usr/lib/gcc/arm-none-eabi/13.2.1/../../../arm-none-eabi/lib/thumb/v7e-m+fp/hard/libc_nano.a(libc_a-reallocr.o)
                0x08003eac                _realloc_r
 .text          0x08003f10      0x114 /usr/lib/gcc/arm-none-eabi/13.2.1/../../../arm-none-eabi/lib/thumb/v7e-m+fp/hard/libc_nano.a(libc_a-makebuf.o)
                0x08003f10                __smakebuf_r
                0x08003fd4                __swhatbuf_r
 .text          0x08004024       0x2c /usr/lib/gcc/arm-none-eabi/13.2.1/../../../arm-none-eabi/lib/thumb/v7e-m+fp/hard/libc_nano.a(libc_a-lseekr.o)
                0x08004024                _lseek_r
 .text          0x08004050       0x2c /usr/lib/gcc/arm-none-eabi/13.2.1/../../../arm-none-eabi/lib/thumb/v7e-m+fp/hard/libc_nano.a(libc_a-writer.o)
                0x08004050                _write_r
 .text          0x0800407c       0x24 /usr/lib/gcc/arm-none-eabi/13.2.1/../../../arm-none-eabi/lib/thumb/v7e-m+fp/hard/libc_nano.a(libc_a-isattyr.o)
                0x0800407c                _isatty_r
 .text          0x080040a0       0x10 /usr/lib/gcc/arm-none-eabi/13.2.1/../../../arm-none-eabi/lib/thumb/v7e-m+fp/hard/libc_nano.a(libc_a-msizer.o)
                0x080040a0                _malloc_usable_size_r
 .text          0x080040b0       0x30 /usr/lib/gcc/arm-none-eabi/13.2.1/../../../arm-none-eabi/lib/thumb/v7e-m+fp/hard/libc_nano.a(libc_a-signalr.o)
                0x080040b0                _kill_r
                0x080040dc                _getpid_r
 .text          0x080040e0       0x2c /usr/lib/gcc/arm-none-eabi/13.2.1/../../../arm-none-eabi/lib/thumb/v7e-m+fp/hard/libc_nano.a(libc_a-fstatr.o)
                0x080040e0                _fstat_r
 .text          0x0800410c      0x378 /usr/lib/gcc/arm-none-eabi/13.2.1/thumb/v7e-m+fp/hard/libgcc.a(_arm_addsubdf3.o)
                0x0800410c                __aeabi_drsub
                0x08004114                __aeabi_dsub
                0x08004114                __subdf3
                0x08004118                __adddf3
                0x08004118                __aeabi_dadd
                0x08004390                __aeabi_ui2d
                0x08004390                __floatunsidf
                0x080043b0                __floatsidf
                0x080043b0                __aeabi_i2d
                0x080043d4                __extendsfdf2
                0x080043d4                __aeabi_f2d
                0x08004418                __aeabi_ul2d
                0x08004418                __floatundidf
                0x08004428                __floatdidf
                0x08004428                __aeabi_l2d
 .text          0x08004484      0x424 /usr/lib/gcc/arm-none-eabi/13.2.1/thumb/v7e-m+fp/hard/libgcc.a(_arm_muldivdf3.o)
                0x08004484                __aeabi_dmul
                0x08004484                __muldf3
                0x080046d8                __aeabi_ddiv
                0x080046d8                __divdf3
 .text          0x080048a8      0x110 /usr/lib/gcc/arm-none-eabi/13.2.1/thumb/v7e-m+fp/hard/libgcc.a(_arm_cmpdf2.o)
                0x080048a8                __gtdf2
                0x080048a8                __gedf2
                0x080048b0                __ltdf2
                0x080048b0                __ledf2
                0x080048b8                __cmpdf2
                0x080048b8                __eqdf2
                0x080048b8                __nedf2
                0x08004934                __aeabi_cdrcmple
                0x08004944                __aeabi_cdcmple
                0x08004944                __aeabi_cdcmpeq
                0x08004954                __aeabi_dcmpeq
                0x08004968                __aeabi_dcmplt
                0x0800497c                __aeabi_dcmple
                0x08004990                __aeabi_dcmpge
                0x080049a4                __aeabi_dcmpgt
 .text          0x080049b8       0x2c /usr/lib/gcc/arm-none-eabi/13.2.1/thumb/v7e-m+fp/hard/libgcc.a(_arm_unorddf2.o)
                0x080049b8                __aeabi_dcmpun
                0x080049b8                __unorddf2
 .text          0x080049e4       0x50 /usr/lib/gcc/arm-none-eabi/13.2.1/thumb/v7e-m+fp/hard/libgcc.a(_arm_fixdfsi.o)
                0x080049e4                __fixdfsi
                0x080049e4                __aeabi_d2iz
 .text          0x08004a34       0x18 /usr/lib/gcc/arm-none-eabi/13.2.1/../../../arm-none-eabi/lib/thumb/v7e-m+fp/hard/libg_nano.a(libc_a-putchar.o)
                0x08004a34                _putchar_r
                0x08004a3c                putchar
 .text          0x08004a4c        0xc /usr/lib/gcc/arm-none-eabi/13.2.1/../../../arm-none-eabi/lib/thumb/v7e-m+fp/hard/libg_nano.a(libc_a-errno.o)
                0x08004a4c                __errno
 .text          0x08004a58       0xa4 /usr/lib/gcc/arm-none-eabi/13.2.1/../../../arm-none-eabi/lib/thumb/v7e-m+fp/hard/libg_nano.a(libc_a-putc.o)
                0x08004a58                _putc_r
                0x08004aa4                putc
 .text          0x08004afc       0x48 /usr/lib/gcc/arm-none-eabi/13.2.1/../../../arm-none-eabi/lib/thumb/v7e-m+fp/hard/libg_nano.a(libc_a-printf.o)
                0x08004afc                _printf_r
                0x08004afc                _iprintf_r
                0x08004b1c                printf
                0x08004b1c                iprintf
 *(.text*)
 .text.main     0x08004b44       0xa8 CMakeFiles/adc_usb.dir/Core/Src/main.c.obj
                0x08004b44                main
 .text.SystemClock_Config
                0x08004bec       0xc8 CMakeFiles/adc_usb.dir/Core/Src/main.c.obj
                0x08004bec                SystemClock_Config
 .text.MX_ADC1_Init
                0x08004cb4      0x134 CMakeFiles/adc_usb.dir/Core/Src/main.c.obj
 .text.MX_ADC2_Init
                0x08004de8       0xf4 CMakeFiles/adc_usb.dir/Core/Src/main.c.obj
 .text.MX_ADC3_Init
                0x08004edc       0xe0 CMakeFiles/adc_usb.dir/Core/Src/main.c.obj
 .text.MX_ADC4_Init
                0x08004fbc       0xf4 CMakeFiles/adc_usb.dir/Core/Src/main.c.obj
 .text.MX_GPIO_Init
                0x080050b0       0xe0 CMakeFiles/adc_usb.dir/Core/Src/main.c.obj
 .text.Error_Handler
                0x08005190        0xc CMakeFiles/adc_usb.dir/Core/Src/main.c.obj
                0x08005190                Error_Handler
 .text.NMI_Handler
                0x0800519c        0x8 CMakeFiles/adc_usb.dir/Core/Src/stm32f3xx_it.c.obj
                0x0800519c                NMI_Handler
 .text.HardFault_Handler
                0x080051a4        0x8 CMakeFiles/adc_usb.dir/Core/Src/stm32f3xx_it.c.obj
                0x080051a4                HardFault_Handler
 .text.MemManage_Handler
                0x080051ac        0x8 CMakeFiles/adc_usb.dir/Core/Src/stm32f3xx_it.c.obj
                0x080051ac                MemManage_Handler
 .text.BusFault_Handler
                0x080051b4        0x8 CMakeFiles/adc_usb.dir/Core/Src/stm32f3xx_it.c.obj
                0x080051b4                BusFault_Handler
 .text.UsageFault_Handler
                0x080051bc        0x8 CMakeFiles/adc_usb.dir/Core/Src/stm32f3xx_it.c.obj
                0x080051bc                UsageFault_Handler
 .text.SVC_Handler
                0x080051c4        0xe CMakeFiles/adc_usb.dir/Core/Src/stm32f3xx_it.c.obj
                0x080051c4                SVC_Handler
 .text.DebugMon_Handler
                0x080051d2        0xe CMakeFiles/adc_usb.dir/Core/Src/stm32f3xx_it.c.obj
                0x080051d2                DebugMon_Handler
 .text.PendSV_Handler
                0x080051e0        0xe CMakeFiles/adc_usb.dir/Core/Src/stm32f3xx_it.c.obj
                0x080051e0                PendSV_Handler
 .text.SysTick_Handler
                0x080051ee        0xc CMakeFiles/adc_usb.dir/Core/Src/stm32f3xx_it.c.obj
                0x080051ee                SysTick_Handler
 *fill*         0x080051fa        0x2 
 .text.USB_LP_CAN_RX0_IRQHandler
                0x080051fc       0x14 CMakeFiles/adc_usb.dir/Core/Src/stm32f3xx_it.c.obj
                0x080051fc                USB_LP_CAN_RX0_IRQHandler
 .text.HAL_MspInit
                0x08005210       0x48 CMakeFiles/adc_usb.dir/Core/Src/stm32f3xx_hal_msp.c.obj
                0x08005210                HAL_MspInit
 .text.HAL_ADC_MspInit
                0x08005258      0x20c CMakeFiles/adc_usb.dir/Core/Src/stm32f3xx_hal_msp.c.obj
                0x08005258                HAL_ADC_MspInit
 .text._write   0x08005464       0x3c CMakeFiles/adc_usb.dir/USB_DEVICE/App/usb_device.c.obj
                0x08005464                _write
 .text.MX_USB_DEVICE_Init
                0x080054a0       0x60 CMakeFiles/adc_usb.dir/USB_DEVICE/App/usb_device.c.obj
                0x080054a0                MX_USB_DEVICE_Init
 .text.USBD_FS_DeviceDescriptor
                0x08005500       0x24 CMakeFiles/adc_usb.dir/USB_DEVICE/App/usbd_desc.c.obj
                0x08005500                USBD_FS_DeviceDescriptor
 .text.USBD_FS_LangIDStrDescriptor
                0x08005524       0x24 CMakeFiles/adc_usb.dir/USB_DEVICE/App/usbd_desc.c.obj
                0x08005524                USBD_FS_LangIDStrDescriptor
 .text.USBD_FS_ProductStrDescriptor
                0x08005548       0x3c CMakeFiles/adc_usb.dir/USB_DEVICE/App/usbd_desc.c.obj
                0x08005548                USBD_FS_ProductStrDescriptor
 .text.USBD_FS_ManufacturerStrDescriptor
                0x08005584       0x28 CMakeFiles/adc_usb.dir/USB_DEVICE/App/usbd_desc.c.obj
                0x08005584                USBD_FS_ManufacturerStrDescriptor
 .text.USBD_FS_SerialStrDescriptor
                0x080055ac       0x24 CMakeFiles/adc_usb.dir/USB_DEVICE/App/usbd_desc.c.obj
                0x080055ac                USBD_FS_SerialStrDescriptor
 .text.USBD_FS_ConfigStrDescriptor
                0x080055d0       0x3c CMakeFiles/adc_usb.dir/USB_DEVICE/App/usbd_desc.c.obj
                0x080055d0                USBD_FS_ConfigStrDescriptor
 .text.USBD_FS_InterfaceStrDescriptor
                0x0800560c       0x3c CMakeFiles/adc_usb.dir/USB_DEVICE/App/usbd_desc.c.obj
                0x0800560c                USBD_FS_InterfaceStrDescriptor
 .text.Get_SerialNum
                0x08005648       0x58 CMakeFiles/adc_usb.dir/USB_DEVICE/App/usbd_desc.c.obj
 .text.IntToUnicode
                0x080056a0       0x7e CMakeFiles/adc_usb.dir/USB_DEVICE/App/usbd_desc.c.obj
 *fill*         0x0800571e        0x2 
 .text.CDC_Init_FS
                0x08005720       0x28 CMakeFiles/adc_usb.dir/USB_DEVICE/App/usbd_cdc_if.c.obj
 .text.CDC_DeInit_FS
                0x08005748       0x10 CMakeFiles/adc_usb.dir/USB_DEVICE/App/usbd_cdc_if.c.obj
 .text.CDC_Control_FS
                0x08005758       0xbc CMakeFiles/adc_usb.dir/USB_DEVICE/App/usbd_cdc_if.c.obj
 .text.CDC_Receive_FS
                0x08005814       0x28 CMakeFiles/adc_usb.dir/USB_DEVICE/App/usbd_cdc_if.c.obj
 .text.CDC_Transmit_FS
                0x0800583c       0x4c CMakeFiles/adc_usb.dir/USB_DEVICE/App/usbd_cdc_if.c.obj
                0x0800583c                CDC_Transmit_FS
 .text.HAL_PCD_MspInit
                0x08005888       0x98 CMakeFiles/adc_usb.dir/USB_DEVICE/Target/usbd_conf.c.obj
                0x08005888                HAL_PCD_MspInit
 .text.HAL_PCD_SetupStageCallback
                0x08005920       0x24 CMakeFiles/adc_usb.dir/USB_DEVICE/Target/usbd_conf.c.obj
                0x08005920                HAL_PCD_SetupStageCallback
 .text.HAL_PCD_DataOutStageCallback
                0x08005944       0x36 CMakeFiles/adc_usb.dir/USB_DEVICE/Target/usbd_conf.c.obj
                0x08005944                HAL_PCD_DataOutStageCallback
 .text.HAL_PCD_DataInStageCallback
                0x0800597a       0x34 CMakeFiles/adc_usb.dir/USB_DEVICE/Target/usbd_conf.c.obj
                0x0800597a                HAL_PCD_DataInStageCallback
 .text.HAL_PCD_SOFCallback
                0x080059ae       0x1c CMakeFiles/adc_usb.dir/USB_DEVICE/Target/usbd_conf.c.obj
                0x080059ae                HAL_PCD_SOFCallback
 .text.HAL_PCD_ResetCallback
                0x080059ca       0x3c CMakeFiles/adc_usb.dir/USB_DEVICE/Target/usbd_conf.c.obj
                0x080059ca                HAL_PCD_ResetCallback
 *fill*         0x08005a06        0x2 
 .text.HAL_PCD_SuspendCallback
                0x08005a08       0x34 CMakeFiles/adc_usb.dir/USB_DEVICE/Target/usbd_conf.c.obj
                0x08005a08                HAL_PCD_SuspendCallback
 .text.HAL_PCD_ResumeCallback
                0x08005a3c       0x1c CMakeFiles/adc_usb.dir/USB_DEVICE/Target/usbd_conf.c.obj
                0x08005a3c                HAL_PCD_ResumeCallback
 .text.USBD_LL_Init
                0x08005a58       0xb4 CMakeFiles/adc_usb.dir/USB_DEVICE/Target/usbd_conf.c.obj
                0x08005a58                USBD_LL_Init
 .text.USBD_LL_Start
                0x08005b0c       0x36 CMakeFiles/adc_usb.dir/USB_DEVICE/Target/usbd_conf.c.obj
                0x08005b0c                USBD_LL_Start
 .text.USBD_LL_OpenEP
                0x08005b42       0x4c CMakeFiles/adc_usb.dir/USB_DEVICE/Target/usbd_conf.c.obj
                0x08005b42                USBD_LL_OpenEP
 .text.USBD_LL_CloseEP
                0x08005b8e       0x3e CMakeFiles/adc_usb.dir/USB_DEVICE/Target/usbd_conf.c.obj
                0x08005b8e                USBD_LL_CloseEP
 .text.USBD_LL_StallEP
                0x08005bcc       0x3e CMakeFiles/adc_usb.dir/USB_DEVICE/Target/usbd_conf.c.obj
                0x08005bcc                USBD_LL_StallEP
 .text.USBD_LL_ClearStallEP
                0x08005c0a       0x3e CMakeFiles/adc_usb.dir/USB_DEVICE/Target/usbd_conf.c.obj
                0x08005c0a                USBD_LL_ClearStallEP
 .text.USBD_LL_IsStallEP
                0x08005c48       0x58 CMakeFiles/adc_usb.dir/USB_DEVICE/Target/usbd_conf.c.obj
                0x08005c48                USBD_LL_IsStallEP
 .text.USBD_LL_SetUSBAddress
                0x08005ca0       0x3e CMakeFiles/adc_usb.dir/USB_DEVICE/Target/usbd_conf.c.obj
                0x08005ca0                USBD_LL_SetUSBAddress
 .text.USBD_LL_Transmit
                0x08005cde       0x46 CMakeFiles/adc_usb.dir/USB_DEVICE/Target/usbd_conf.c.obj
                0x08005cde                USBD_LL_Transmit
 .text.USBD_LL_PrepareReceive
                0x08005d24       0x46 CMakeFiles/adc_usb.dir/USB_DEVICE/Target/usbd_conf.c.obj
                0x08005d24                USBD_LL_PrepareReceive
 .text.USBD_LL_GetRxDataSize
                0x08005d6a       0x26 CMakeFiles/adc_usb.dir/USB_DEVICE/Target/usbd_conf.c.obj
                0x08005d6a                USBD_LL_GetRxDataSize
 .text.USBD_static_malloc
                0x08005d90       0x1c CMakeFiles/adc_usb.dir/USB_DEVICE/Target/usbd_conf.c.obj
                0x08005d90                USBD_static_malloc
 .text.USBD_static_free
                0x08005dac       0x14 CMakeFiles/adc_usb.dir/USB_DEVICE/Target/usbd_conf.c.obj
                0x08005dac                USBD_static_free
 .text.HAL_PCDEx_SetConnectionState
                0x08005dc0       0x18 CMakeFiles/adc_usb.dir/USB_DEVICE/Target/usbd_conf.c.obj
                0x08005dc0                HAL_PCDEx_SetConnectionState
 .text.USBD_Get_USB_Status
                0x08005dd8       0x58 CMakeFiles/adc_usb.dir/USB_DEVICE/Target/usbd_conf.c.obj
 .text.USB_EnableGlobalInt
                0x08005e30       0x2e CMakeFiles/adc_usb.dir/Drivers/STM32F3xx_HAL_Driver/Src/stm32f3xx_ll_usb.c.obj
                0x08005e30                USB_EnableGlobalInt
 .text.USB_DisableGlobalInt
                0x08005e5e       0x36 CMakeFiles/adc_usb.dir/Drivers/STM32F3xx_HAL_Driver/Src/stm32f3xx_ll_usb.c.obj
                0x08005e5e                USB_DisableGlobalInt
 .text.USB_DevInit
                0x08005e94       0x3c CMakeFiles/adc_usb.dir/Drivers/STM32F3xx_HAL_Driver/Src/stm32f3xx_ll_usb.c.obj
                0x08005e94                USB_DevInit
 .text.USB_ActivateEndpoint
                0x08005ed0      0x788 CMakeFiles/adc_usb.dir/Drivers/STM32F3xx_HAL_Driver/Src/stm32f3xx_ll_usb.c.obj
                0x08005ed0                USB_ActivateEndpoint
 .text.USB_DeactivateEndpoint
                0x08006658      0x3da CMakeFiles/adc_usb.dir/Drivers/STM32F3xx_HAL_Driver/Src/stm32f3xx_ll_usb.c.obj
                0x08006658                USB_DeactivateEndpoint
 .text.USB_EPStartXfer
                0x08006a32     0x1764 CMakeFiles/adc_usb.dir/Drivers/STM32F3xx_HAL_Driver/Src/stm32f3xx_ll_usb.c.obj
                0x08006a32                USB_EPStartXfer
 .text.USB_EPSetStall
                0x08008196       0xa2 CMakeFiles/adc_usb.dir/Drivers/STM32F3xx_HAL_Driver/Src/stm32f3xx_ll_usb.c.obj
                0x08008196                USB_EPSetStall
 .text.USB_EPClearStall
                0x08008238      0x15c CMakeFiles/adc_usb.dir/Drivers/STM32F3xx_HAL_Driver/Src/stm32f3xx_ll_usb.c.obj
                0x08008238                USB_EPClearStall
 .text.USB_SetDevAddress
                0x08008394       0x28 CMakeFiles/adc_usb.dir/Drivers/STM32F3xx_HAL_Driver/Src/stm32f3xx_ll_usb.c.obj
                0x08008394                USB_SetDevAddress
 .text.USB_DevConnect
                0x080083bc       0x16 CMakeFiles/adc_usb.dir/Drivers/STM32F3xx_HAL_Driver/Src/stm32f3xx_ll_usb.c.obj
                0x080083bc                USB_DevConnect
 .text.USB_ReadInterrupts
                0x080083d2       0x20 CMakeFiles/adc_usb.dir/Drivers/STM32F3xx_HAL_Driver/Src/stm32f3xx_ll_usb.c.obj
                0x080083d2                USB_ReadInterrupts
 .text.USB_WritePMA
                0x080083f2       0x8e CMakeFiles/adc_usb.dir/Drivers/STM32F3xx_HAL_Driver/Src/stm32f3xx_ll_usb.c.obj
                0x080083f2                USB_WritePMA
 .text.USB_ReadPMA
                0x08008480       0xa0 CMakeFiles/adc_usb.dir/Drivers/STM32F3xx_HAL_Driver/Src/stm32f3xx_ll_usb.c.obj
                0x08008480                USB_ReadPMA
 .text.HAL_PCD_Init
                0x08008520      0x18e CMakeFiles/adc_usb.dir/Drivers/STM32F3xx_HAL_Driver/Src/stm32f3xx_hal_pcd.c.obj
                0x08008520                HAL_PCD_Init
 .text.HAL_PCD_Start
                0x080086ae       0x4c CMakeFiles/adc_usb.dir/Drivers/STM32F3xx_HAL_Driver/Src/stm32f3xx_hal_pcd.c.obj
                0x080086ae                HAL_PCD_Start
 .text.HAL_PCD_IRQHandler
                0x080086fa      0x1a8 CMakeFiles/adc_usb.dir/Drivers/STM32F3xx_HAL_Driver/Src/stm32f3xx_hal_pcd.c.obj
                0x080086fa                HAL_PCD_IRQHandler
 .text.HAL_PCD_SetAddress
                0x080088a2       0x48 CMakeFiles/adc_usb.dir/Drivers/STM32F3xx_HAL_Driver/Src/stm32f3xx_hal_pcd.c.obj
                0x080088a2                HAL_PCD_SetAddress
 .text.HAL_PCD_EP_Open
                0x080088ea       0xba CMakeFiles/adc_usb.dir/Drivers/STM32F3xx_HAL_Driver/Src/stm32f3xx_hal_pcd.c.obj
                0x080088ea                HAL_PCD_EP_Open
 .text.HAL_PCD_EP_Close
                0x080089a4       0x90 CMakeFiles/adc_usb.dir/Drivers/STM32F3xx_HAL_Driver/Src/stm32f3xx_hal_pcd.c.obj
                0x080089a4                HAL_PCD_EP_Close
 .text.HAL_PCD_EP_Receive
                0x08008a34       0x62 CMakeFiles/adc_usb.dir/Drivers/STM32F3xx_HAL_Driver/Src/stm32f3xx_hal_pcd.c.obj
                0x08008a34                HAL_PCD_EP_Receive
 .text.HAL_PCD_EP_GetRxCount
                0x08008a96       0x30 CMakeFiles/adc_usb.dir/Drivers/STM32F3xx_HAL_Driver/Src/stm32f3xx_hal_pcd.c.obj
                0x08008a96                HAL_PCD_EP_GetRxCount
 .text.HAL_PCD_EP_Transmit
                0x08008ac6       0x6e CMakeFiles/adc_usb.dir/Drivers/STM32F3xx_HAL_Driver/Src/stm32f3xx_hal_pcd.c.obj
                0x08008ac6                HAL_PCD_EP_Transmit
 .text.HAL_PCD_EP_SetStall
                0x08008b34       0xa4 CMakeFiles/adc_usb.dir/Drivers/STM32F3xx_HAL_Driver/Src/stm32f3xx_hal_pcd.c.obj
                0x08008b34                HAL_PCD_EP_SetStall
 .text.HAL_PCD_EP_ClrStall
                0x08008bd8       0xa8 CMakeFiles/adc_usb.dir/Drivers/STM32F3xx_HAL_Driver/Src/stm32f3xx_hal_pcd.c.obj
                0x08008bd8                HAL_PCD_EP_ClrStall
 .text.PCD_EP_ISR_Handler
                0x08008c80      0x79e CMakeFiles/adc_usb.dir/Drivers/STM32F3xx_HAL_Driver/Src/stm32f3xx_hal_pcd.c.obj
 .text.HAL_PCD_EP_DB_Receive
                0x0800941e      0x21a CMakeFiles/adc_usb.dir/Drivers/STM32F3xx_HAL_Driver/Src/stm32f3xx_hal_pcd.c.obj
 .text.HAL_PCD_EP_DB_Transmit
                0x08009638      0x7f4 CMakeFiles/adc_usb.dir/Drivers/STM32F3xx_HAL_Driver/Src/stm32f3xx_hal_pcd.c.obj
 .text.HAL_PCDEx_PMAConfig
                0x08009e2c       0x86 CMakeFiles/adc_usb.dir/Drivers/STM32F3xx_HAL_Driver/Src/stm32f3xx_hal_pcd_ex.c.obj
                0x08009e2c                HAL_PCDEx_PMAConfig
 *fill*         0x08009eb2        0x2 
 .text.HAL_Init
                0x08009eb4       0x2c CMakeFiles/adc_usb.dir/Drivers/STM32F3xx_HAL_Driver/Src/stm32f3xx_hal.c.obj
                0x08009eb4                HAL_Init
 .text.HAL_InitTick
                0x08009ee0       0x60 CMakeFiles/adc_usb.dir/Drivers/STM32F3xx_HAL_Driver/Src/stm32f3xx_hal.c.obj
                0x08009ee0                HAL_InitTick
 .text.HAL_IncTick
                0x08009f40       0x28 CMakeFiles/adc_usb.dir/Drivers/STM32F3xx_HAL_Driver/Src/stm32f3xx_hal.c.obj
                0x08009f40                HAL_IncTick
 .text.HAL_GetTick
                0x08009f68       0x18 CMakeFiles/adc_usb.dir/Drivers/STM32F3xx_HAL_Driver/Src/stm32f3xx_hal.c.obj
                0x08009f68                HAL_GetTick
 .text.HAL_Delay
                0x08009f80       0x48 CMakeFiles/adc_usb.dir/Drivers/STM32F3xx_HAL_Driver/Src/stm32f3xx_hal.c.obj
                0x08009f80                HAL_Delay
 .text.HAL_RCC_OscConfig
                0x08009fc8     0x101c CMakeFiles/adc_usb.dir/Drivers/STM32F3xx_HAL_Driver/Src/stm32f3xx_hal_rcc.c.obj
                0x08009fc8                HAL_RCC_OscConfig
 .text.HAL_RCC_ClockConfig
                0x0800afe4      0x2dc CMakeFiles/adc_usb.dir/Drivers/STM32F3xx_HAL_Driver/Src/stm32f3xx_hal_rcc.c.obj
                0x0800afe4                HAL_RCC_ClockConfig
 .text.HAL_RCC_GetSysClockFreq
                0x0800b2c0       0xa8 CMakeFiles/adc_usb.dir/Drivers/STM32F3xx_HAL_Driver/Src/stm32f3xx_hal_rcc.c.obj
                0x0800b2c0                HAL_RCC_GetSysClockFreq
 .text.HAL_RCCEx_PeriphCLKConfig
                0x0800b368      0x35c CMakeFiles/adc_usb.dir/Drivers/STM32F3xx_HAL_Driver/Src/stm32f3xx_hal_rcc_ex.c.obj
                0x0800b368                HAL_RCCEx_PeriphCLKConfig
 .text.HAL_GPIO_Init
                0x0800b6c4      0x2f4 CMakeFiles/adc_usb.dir/Drivers/STM32F3xx_HAL_Driver/Src/stm32f3xx_hal_gpio.c.obj
                0x0800b6c4                HAL_GPIO_Init
 .text.HAL_GPIO_WritePin
                0x0800b9b8       0x30 CMakeFiles/adc_usb.dir/Drivers/STM32F3xx_HAL_Driver/Src/stm32f3xx_hal_gpio.c.obj
                0x0800b9b8                HAL_GPIO_WritePin
 .text.__NVIC_SetPriorityGrouping
                0x0800b9e8       0x48 CMakeFiles/adc_usb.dir/Drivers/STM32F3xx_HAL_Driver/Src/stm32f3xx_hal_cortex.c.obj
 .text.__NVIC_GetPriorityGrouping
                0x0800ba30       0x1c CMakeFiles/adc_usb.dir/Drivers/STM32F3xx_HAL_Driver/Src/stm32f3xx_hal_cortex.c.obj
 .text.__NVIC_EnableIRQ
                0x0800ba4c       0x3c CMakeFiles/adc_usb.dir/Drivers/STM32F3xx_HAL_Driver/Src/stm32f3xx_hal_cortex.c.obj
 .text.__NVIC_SetPriority
                0x0800ba88       0x54 CMakeFiles/adc_usb.dir/Drivers/STM32F3xx_HAL_Driver/Src/stm32f3xx_hal_cortex.c.obj
 .text.NVIC_EncodePriority
                0x0800badc       0x66 CMakeFiles/adc_usb.dir/Drivers/STM32F3xx_HAL_Driver/Src/stm32f3xx_hal_cortex.c.obj
 *fill*         0x0800bb42        0x2 
 .text.SysTick_Config
                0x0800bb44       0x44 CMakeFiles/adc_usb.dir/Drivers/STM32F3xx_HAL_Driver/Src/stm32f3xx_hal_cortex.c.obj
 .text.HAL_NVIC_SetPriorityGrouping
                0x0800bb88       0x16 CMakeFiles/adc_usb.dir/Drivers/STM32F3xx_HAL_Driver/Src/stm32f3xx_hal_cortex.c.obj
                0x0800bb88                HAL_NVIC_SetPriorityGrouping
 .text.HAL_NVIC_SetPriority
                0x0800bb9e       0x38 CMakeFiles/adc_usb.dir/Drivers/STM32F3xx_HAL_Driver/Src/stm32f3xx_hal_cortex.c.obj
                0x0800bb9e                HAL_NVIC_SetPriority
 .text.HAL_NVIC_EnableIRQ
                0x0800bbd6       0x1c CMakeFiles/adc_usb.dir/Drivers/STM32F3xx_HAL_Driver/Src/stm32f3xx_hal_cortex.c.obj
                0x0800bbd6                HAL_NVIC_EnableIRQ
 .text.HAL_SYSTICK_Config
                0x0800bbf2       0x18 CMakeFiles/adc_usb.dir/Drivers/STM32F3xx_HAL_Driver/Src/stm32f3xx_hal_cortex.c.obj
                0x0800bbf2                HAL_SYSTICK_Config
 *fill*         0x0800bc0a        0x2 
 .text.HAL_ADC_Init
                0x0800bc0c      0x3c0 CMakeFiles/adc_usb.dir/Drivers/STM32F3xx_HAL_Driver/Src/stm32f3xx_hal_adc_ex.c.obj
                0x0800bc0c                HAL_ADC_Init
 .text.HAL_ADC_ConfigChannel
                0x0800bfcc      0x5d4 CMakeFiles/adc_usb.dir/Drivers/STM32F3xx_HAL_Driver/Src/stm32f3xx_hal_adc_ex.c.obj
                0x0800bfcc                HAL_ADC_ConfigChannel
 .text.HAL_ADCEx_MultiModeConfigChannel
                0x0800c5a0      0x1e4 CMakeFiles/adc_usb.dir/Drivers/STM32F3xx_HAL_Driver/Src/stm32f3xx_hal_adc_ex.c.obj
                0x0800c5a0                HAL_ADCEx_MultiModeConfigChannel
 .text.ADC_Disable
                0x0800c784       0xcc CMakeFiles/adc_usb.dir/Drivers/STM32F3xx_HAL_Driver/Src/stm32f3xx_hal_adc_ex.c.obj
 .text.SystemInit
                0x0800c850       0x24 CMakeFiles/adc_usb.dir/Core/Src/system_stm32f3xx.c.obj
                0x0800c850                SystemInit
 .text.USBD_Init
                0x0800c874       0x70 CMakeFiles/adc_usb.dir/Middlewares/ST/STM32_USB_Device_Library/Core/Src/usbd_core.c.obj
                0x0800c874                USBD_Init
 .text.USBD_RegisterClass
                0x0800c8e4       0x4c CMakeFiles/adc_usb.dir/Middlewares/ST/STM32_USB_Device_Library/Core/Src/usbd_core.c.obj
                0x0800c8e4                USBD_RegisterClass
 .text.USBD_Start
                0x0800c930       0x18 CMakeFiles/adc_usb.dir/Middlewares/ST/STM32_USB_Device_Library/Core/Src/usbd_core.c.obj
                0x0800c930                USBD_Start
 .text.USBD_RunTestMode
                0x0800c948       0x16 CMakeFiles/adc_usb.dir/Middlewares/ST/STM32_USB_Device_Library/Core/Src/usbd_core.c.obj
                0x0800c948                USBD_RunTestMode
 .text.USBD_SetClassConfig
                0x0800c95e       0x3e CMakeFiles/adc_usb.dir/Middlewares/ST/STM32_USB_Device_Library/Core/Src/usbd_core.c.obj
                0x0800c95e                USBD_SetClassConfig
 .text.USBD_ClrClassConfig
                0x0800c99c       0x26 CMakeFiles/adc_usb.dir/Middlewares/ST/STM32_USB_Device_Library/Core/Src/usbd_core.c.obj
                0x0800c99c                USBD_ClrClassConfig
 .text.USBD_LL_SetupStage
                0x0800c9c2       0x9a CMakeFiles/adc_usb.dir/Middlewares/ST/STM32_USB_Device_Library/Core/Src/usbd_core.c.obj
                0x0800c9c2                USBD_LL_SetupStage
 .text.USBD_LL_DataOutStage
                0x0800ca5c       0xe2 CMakeFiles/adc_usb.dir/Middlewares/ST/STM32_USB_Device_Library/Core/Src/usbd_core.c.obj
                0x0800ca5c                USBD_LL_DataOutStage
 .text.USBD_LL_DataInStage
                0x0800cb3e      0x14a CMakeFiles/adc_usb.dir/Middlewares/ST/STM32_USB_Device_Library/Core/Src/usbd_core.c.obj
                0x0800cb3e                USBD_LL_DataInStage
 .text.USBD_LL_Reset
                0x0800cc88       0x82 CMakeFiles/adc_usb.dir/Middlewares/ST/STM32_USB_Device_Library/Core/Src/usbd_core.c.obj
                0x0800cc88                USBD_LL_Reset
 .text.USBD_LL_SetSpeed
                0x0800cd0a       0x20 CMakeFiles/adc_usb.dir/Middlewares/ST/STM32_USB_Device_Library/Core/Src/usbd_core.c.obj
                0x0800cd0a                USBD_LL_SetSpeed
 .text.USBD_LL_Suspend
                0x0800cd2a       0x2a CMakeFiles/adc_usb.dir/Middlewares/ST/STM32_USB_Device_Library/Core/Src/usbd_core.c.obj
                0x0800cd2a                USBD_LL_Suspend
 .text.USBD_LL_Resume
                0x0800cd54       0x2c CMakeFiles/adc_usb.dir/Middlewares/ST/STM32_USB_Device_Library/Core/Src/usbd_core.c.obj
                0x0800cd54                USBD_LL_Resume
 .text.USBD_LL_SOF
                0x0800cd80       0x34 CMakeFiles/adc_usb.dir/Middlewares/ST/STM32_USB_Device_Library/Core/Src/usbd_core.c.obj
                0x0800cd80                USBD_LL_SOF
 .text.USBD_StdDevReq
                0x0800cdb4       0xd4 CMakeFiles/adc_usb.dir/Middlewares/ST/STM32_USB_Device_Library/Core/Src/usbd_ctlreq.c.obj
                0x0800cdb4                USBD_StdDevReq
 .text.USBD_StdItfReq
                0x0800ce88       0x90 CMakeFiles/adc_usb.dir/Middlewares/ST/STM32_USB_Device_Library/Core/Src/usbd_ctlreq.c.obj
                0x0800ce88                USBD_StdItfReq
 .text.USBD_StdEPReq
                0x0800cf18      0x2c6 CMakeFiles/adc_usb.dir/Middlewares/ST/STM32_USB_Device_Library/Core/Src/usbd_ctlreq.c.obj
                0x0800cf18                USBD_StdEPReq
 *fill*         0x0800d1de        0x2 
 .text.USBD_GetDescriptor
                0x0800d1e0      0x2d0 CMakeFiles/adc_usb.dir/Middlewares/ST/STM32_USB_Device_Library/Core/Src/usbd_ctlreq.c.obj
 .text.USBD_SetAddress
                0x0800d4b0       0x86 CMakeFiles/adc_usb.dir/Middlewares/ST/STM32_USB_Device_Library/Core/Src/usbd_ctlreq.c.obj
 *fill*         0x0800d536        0x2 
 .text.USBD_SetConfig
                0x0800d538      0x11c CMakeFiles/adc_usb.dir/Middlewares/ST/STM32_USB_Device_Library/Core/Src/usbd_ctlreq.c.obj
 .text.USBD_GetConfig
                0x0800d654       0x6a CMakeFiles/adc_usb.dir/Middlewares/ST/STM32_USB_Device_Library/Core/Src/usbd_ctlreq.c.obj
 .text.USBD_GetStatus
                0x0800d6be       0x66 CMakeFiles/adc_usb.dir/Middlewares/ST/STM32_USB_Device_Library/Core/Src/usbd_ctlreq.c.obj
 .text.USBD_SetFeature
                0x0800d724       0x28 CMakeFiles/adc_usb.dir/Middlewares/ST/STM32_USB_Device_Library/Core/Src/usbd_ctlreq.c.obj
 .text.USBD_ClrFeature
                0x0800d74c       0x42 CMakeFiles/adc_usb.dir/Middlewares/ST/STM32_USB_Device_Library/Core/Src/usbd_ctlreq.c.obj
 .text.USBD_ParseSetupRequest
                0x0800d78e       0x74 CMakeFiles/adc_usb.dir/Middlewares/ST/STM32_USB_Device_Library/Core/Src/usbd_ctlreq.c.obj
                0x0800d78e                USBD_ParseSetupRequest
 .text.USBD_CtlError
                0x0800d802       0x22 CMakeFiles/adc_usb.dir/Middlewares/ST/STM32_USB_Device_Library/Core/Src/usbd_ctlreq.c.obj
                0x0800d802                USBD_CtlError
 .text.USBD_GetString
                0x0800d824       0x84 CMakeFiles/adc_usb.dir/Middlewares/ST/STM32_USB_Device_Library/Core/Src/usbd_ctlreq.c.obj
                0x0800d824                USBD_GetString
 .text.USBD_GetLen
                0x0800d8a8       0x30 CMakeFiles/adc_usb.dir/Middlewares/ST/STM32_USB_Device_Library/Core/Src/usbd_ctlreq.c.obj
 .text.USBD_CtlSendData
                0x0800d8d8       0x38 CMakeFiles/adc_usb.dir/Middlewares/ST/STM32_USB_Device_Library/Core/Src/usbd_ioreq.c.obj
                0x0800d8d8                USBD_CtlSendData
 .text.USBD_CtlContinueSendData
                0x0800d910       0x24 CMakeFiles/adc_usb.dir/Middlewares/ST/STM32_USB_Device_Library/Core/Src/usbd_ioreq.c.obj
                0x0800d910                USBD_CtlContinueSendData
 .text.USBD_CtlPrepareRx
                0x0800d934       0x3c CMakeFiles/adc_usb.dir/Middlewares/ST/STM32_USB_Device_Library/Core/Src/usbd_ioreq.c.obj
                0x0800d934                USBD_CtlPrepareRx
 .text.USBD_CtlContinueRx
                0x0800d970       0x24 CMakeFiles/adc_usb.dir/Middlewares/ST/STM32_USB_Device_Library/Core/Src/usbd_ioreq.c.obj
                0x0800d970                USBD_CtlContinueRx
 .text.USBD_CtlSendStatus
                0x0800d994       0x26 CMakeFiles/adc_usb.dir/Middlewares/ST/STM32_USB_Device_Library/Core/Src/usbd_ioreq.c.obj
                0x0800d994                USBD_CtlSendStatus
 .text.USBD_CtlReceiveStatus
                0x0800d9ba       0x26 CMakeFiles/adc_usb.dir/Middlewares/ST/STM32_USB_Device_Library/Core/Src/usbd_ioreq.c.obj
                0x0800d9ba                USBD_CtlReceiveStatus
 .text.USBD_CDC_Init
                0x0800d9e0       0xf4 CMakeFiles/adc_usb.dir/Middlewares/ST/STM32_USB_Device_Library/Class/CDC/Src/usbd_cdc.c.obj
 .text.USBD_CDC_DeInit
                0x0800dad4       0x6e CMakeFiles/adc_usb.dir/Middlewares/ST/STM32_USB_Device_Library/Class/CDC/Src/usbd_cdc.c.obj
 .text.USBD_CDC_Setup
                0x0800db42      0x146 CMakeFiles/adc_usb.dir/Middlewares/ST/STM32_USB_Device_Library/Class/CDC/Src/usbd_cdc.c.obj
 .text.USBD_CDC_DataIn
                0x0800dc88       0xa6 CMakeFiles/adc_usb.dir/Middlewares/ST/STM32_USB_Device_Library/Class/CDC/Src/usbd_cdc.c.obj
 .text.USBD_CDC_DataOut
                0x0800dd2e       0x56 CMakeFiles/adc_usb.dir/Middlewares/ST/STM32_USB_Device_Library/Class/CDC/Src/usbd_cdc.c.obj
 .text.USBD_CDC_EP0_RxReady
                0x0800dd84       0x4e CMakeFiles/adc_usb.dir/Middlewares/ST/STM32_USB_Device_Library/Class/CDC/Src/usbd_cdc.c.obj
 *fill*         0x0800ddd2        0x2 
 .text.USBD_CDC_GetFSCfgDesc
                0x0800ddd4       0x20 CMakeFiles/adc_usb.dir/Middlewares/ST/STM32_USB_Device_Library/Class/CDC/Src/usbd_cdc.c.obj
 .text.USBD_CDC_GetHSCfgDesc
                0x0800ddf4       0x20 CMakeFiles/adc_usb.dir/Middlewares/ST/STM32_USB_Device_Library/Class/CDC/Src/usbd_cdc.c.obj
 .text.USBD_CDC_GetOtherSpeedCfgDesc
                0x0800de14       0x20 CMakeFiles/adc_usb.dir/Middlewares/ST/STM32_USB_Device_Library/Class/CDC/Src/usbd_cdc.c.obj
 .text.USBD_CDC_GetDeviceQualifierDescriptor
                0x0800de34       0x20 CMakeFiles/adc_usb.dir/Middlewares/ST/STM32_USB_Device_Library/Class/CDC/Src/usbd_cdc.c.obj
                0x0800de34                USBD_CDC_GetDeviceQualifierDescriptor
 .text.USBD_CDC_RegisterInterface
                0x0800de54       0x2e CMakeFiles/adc_usb.dir/Middlewares/ST/STM32_USB_Device_Library/Class/CDC/Src/usbd_cdc.c.obj
                0x0800de54                USBD_CDC_RegisterInterface
 .text.USBD_CDC_SetTxBuffer
                0x0800de82       0x34 CMakeFiles/adc_usb.dir/Middlewares/ST/STM32_USB_Device_Library/Class/CDC/Src/usbd_cdc.c.obj
                0x0800de82                USBD_CDC_SetTxBuffer
 .text.USBD_CDC_SetRxBuffer
                0x0800deb6       0x28 CMakeFiles/adc_usb.dir/Middlewares/ST/STM32_USB_Device_Library/Class/CDC/Src/usbd_cdc.c.obj
                0x0800deb6                USBD_CDC_SetRxBuffer
 .text.USBD_CDC_TransmitPacket
                0x0800dede       0x5e CMakeFiles/adc_usb.dir/Middlewares/ST/STM32_USB_Device_Library/Class/CDC/Src/usbd_cdc.c.obj
                0x0800dede                USBD_CDC_TransmitPacket
 .text.USBD_CDC_ReceivePacket
                0x0800df3c       0x54 CMakeFiles/adc_usb.dir/Middlewares/ST/STM32_USB_Device_Library/Class/CDC/Src/usbd_cdc.c.obj
                0x0800df3c                USBD_CDC_ReceivePacket
 .text._sbrk    0x0800df90       0x6c CMakeFiles/adc_usb.dir/Core/Src/sysmem.c.obj
                0x0800df90                _sbrk
 .text._getpid  0x0800dffc       0x10 CMakeFiles/adc_usb.dir/Core/Src/syscalls.c.obj
                0x0800dffc                _getpid
 .text._kill    0x0800e00c       0x20 CMakeFiles/adc_usb.dir/Core/Src/syscalls.c.obj
                0x0800e00c                _kill
 .text._exit    0x0800e02c       0x16 CMakeFiles/adc_usb.dir/Core/Src/syscalls.c.obj
                0x0800e02c                _exit
 .text._read    0x0800e042       0x3a CMakeFiles/adc_usb.dir/Core/Src/syscalls.c.obj
                0x0800e042                _read
 .text._close   0x0800e07c       0x18 CMakeFiles/adc_usb.dir/Core/Src/syscalls.c.obj
                0x0800e07c                _close
 .text._fstat   0x0800e094       0x20 CMakeFiles/adc_usb.dir/Core/Src/syscalls.c.obj
                0x0800e094                _fstat
 .text._isatty  0x0800e0b4       0x16 CMakeFiles/adc_usb.dir/Core/Src/syscalls.c.obj
                0x0800e0b4                _isatty
 .text._lseek   0x0800e0ca       0x1a CMakeFiles/adc_usb.dir/Core/Src/syscalls.c.obj
                0x0800e0ca                _lseek
 .text.Reset_Handler
                0x0800e0e4       0x50 CMakeFiles/adc_usb.dir/startup_stm32f303xc.s.obj
                0x0800e0e4                Reset_Handler
 .text.Default_Handler
                0x0800e134        0x2 CMakeFiles/adc_usb.dir/startup_stm32f303xc.s.obj
                0x0800e134                RTC_Alarm_IRQHandler
                0x0800e134                TIM8_TRG_COM_IRQHandler
                0x0800e134                TIM8_CC_IRQHandler
                0x0800e134                TIM1_CC_IRQHandler
                0x0800e134                USB_HP_IRQHandler
                0x0800e134                PVD_IRQHandler
                0x0800e134                TAMP_STAMP_IRQHandler
                0x0800e134                EXTI3_IRQHandler
                0x0800e134                USB_HP_CAN_TX_IRQHandler
                0x0800e134                EXTI0_IRQHandler
                0x0800e134                I2C2_EV_IRQHandler
                0x0800e134                FPU_IRQHandler
                0x0800e134                TIM1_UP_TIM16_IRQHandler
                0x0800e134                ADC1_2_IRQHandler
                0x0800e134                SPI1_IRQHandler
                0x0800e134                CAN_SCE_IRQHandler
                0x0800e134                TIM6_DAC_IRQHandler
                0x0800e134                TIM8_UP_IRQHandler
                0x0800e134                DMA2_Channel2_IRQHandler
                0x0800e134                DMA1_Channel4_IRQHandler
                0x0800e134                USART3_IRQHandler
                0x0800e134                DMA1_Channel7_IRQHandler
                0x0800e134                UART5_IRQHandler
                0x0800e134                ADC3_IRQHandler
                0x0800e134                TIM4_IRQHandler
                0x0800e134                CAN_RX1_IRQHandler
                0x0800e134                DMA2_Channel1_IRQHandler
                0x0800e134                I2C1_EV_IRQHandler
                0x0800e134                DMA1_Channel6_IRQHandler
                0x0800e134                UART4_IRQHandler
                0x0800e134                DMA2_Channel4_IRQHandler
                0x0800e134                TIM3_IRQHandler
                0x0800e134                RCC_IRQHandler
                0x0800e134                DMA1_Channel1_IRQHandler
                0x0800e134                Default_Handler
                0x0800e134                USBWakeUp_RMP_IRQHandler
                0x0800e134                EXTI15_10_IRQHandler
                0x0800e134                TIM7_IRQHandler
                0x0800e134                EXTI9_5_IRQHandler
                0x0800e134                RTC_WKUP_IRQHandler
                0x0800e134                SPI2_IRQHandler
                0x0800e134                DMA2_Channel5_IRQHandler
                0x0800e134                DMA1_Channel5_IRQHandler
                0x0800e134                USB_LP_IRQHandler
                0x0800e134                EXTI4_IRQHandler
                0x0800e134                TIM1_TRG_COM_TIM17_IRQHandler
                0x0800e134                DMA1_Channel3_IRQHandler
                0x0800e134                ADC4_IRQHandler
                0x0800e134                WWDG_IRQHandler
                0x0800e134                TIM2_IRQHandler
                0x0800e134                COMP7_IRQHandler
                0x0800e134                COMP1_2_3_IRQHandler
                0x0800e134                EXTI1_IRQHandler
                0x0800e134                USART2_IRQHandler
                0x0800e134                COMP4_5_6_IRQHandler
                0x0800e134                I2C2_ER_IRQHandler
                0x0800e134                DMA1_Channel2_IRQHandler
                0x0800e134                TIM8_BRK_IRQHandler
                0x0800e134                FLASH_IRQHandler
                0x0800e134                USART1_IRQHandler
                0x0800e134                SPI3_IRQHandler
                0x0800e134                I2C1_ER_IRQHandler
                0x0800e134                USBWakeUp_IRQHandler
                0x0800e134                DMA2_Channel3_IRQHandler
                0x0800e134                EXTI2_TSC_IRQHandler
                0x0800e134                TIM1_BRK_TIM15_IRQHandler
 *(.glue_7)
 .glue_7        0x0800e136        0x0 linker stubs
 *(.glue_7t)
 .glue_7t       0x0800e136        0x0 linker stubs
 *(.eh_frame)
 *fill*         0x0800e136        0x2 
 .eh_frame      0x0800e138        0x0 /usr/lib/gcc/arm-none-eabi/13.2.1/thumb/v7e-m+fp/hard/crtbegin.o
 *(.init)
 .init          0x0800e138        0x4 /usr/lib/gcc/arm-none-eabi/13.2.1/thumb/v7e-m+fp/hard/crti.o
                0x0800e138                _init
 .init          0x0800e13c        0x8 /usr/lib/gcc/arm-none-eabi/13.2.1/thumb/v7e-m+fp/hard/crtn.o
 *(.fini)
 .fini          0x0800e144        0x4 /usr/lib/gcc/arm-none-eabi/13.2.1/thumb/v7e-m+fp/hard/crti.o
                0x0800e144                _fini
 .fini          0x0800e148        0x8 /usr/lib/gcc/arm-none-eabi/13.2.1/thumb/v7e-m+fp/hard/crtn.o
                0x0800e150                        . = ALIGN (0x4)
                0x0800e150                        _etext = .

.vfp11_veneer   0x0800e150        0x0
 .vfp11_veneer  0x0800e150        0x0 linker stubs

.v4_bx          0x0800e150        0x0
 .v4_bx         0x0800e150        0x0 linker stubs

.iplt           0x0800e150        0x0
 .iplt          0x0800e150        0x0 /usr/lib/gcc/arm-none-eabi/13.2.1/thumb/v7e-m+fp/hard/crtbegin.o

.rodata         0x0800e150      0x440
                0x0800e150                        . = ALIGN (0x4)
 *(.rodata)
 .rodata        0x0800e150      0x128 /usr/lib/gcc/arm-none-eabi/13.2.1/../../../arm-none-eabi/lib/thumb/v7e-m+fp/hard/libc_nano.a(libc_a-mprec.o)
                0x0800e160                __mprec_tens
                0x0800e228                __mprec_tinytens
                0x0800e250                __mprec_bigtens
 .rodata        0x0800e278      0x101 /usr/lib/gcc/arm-none-eabi/13.2.1/../../../arm-none-eabi/lib/thumb/v7e-m+fp/hard/libc_nano.a(libc_a-ctype_.o)
                0x0800e278                _ctype_
 *fill*         0x0800e379        0x3 
 .rodata        0x0800e37c       0x23 CMakeFiles/adc_usb.dir/Core/Src/main.c.obj
 *fill*         0x0800e39f        0x1 
 .rodata        0x0800e3a0        0x7 CMakeFiles/adc_usb.dir/USB_DEVICE/App/usb_device.c.obj
 *fill*         0x0800e3a7        0x1 
 .rodata        0x0800e3a8       0x46 CMakeFiles/adc_usb.dir/USB_DEVICE/App/usbd_desc.c.obj
 *fill*         0x0800e3ee        0x2 
 .rodata        0x0800e3f0       0x35 CMakeFiles/adc_usb.dir/Middlewares/ST/STM32_USB_Device_Library/Core/Src/usbd_core.c.obj
 *(.rodata*)
 *fill*         0x0800e425        0x3 
 .rodata.str1.4
                0x0800e428      0x137 /usr/lib/gcc/arm-none-eabi/13.2.1/../../../arm-none-eabi/lib/thumb/v7e-m+fp/hard/libc_nano.a(libc_a-nano-vfprintf_float.o)
                                 0x12 (size before relaxing)
 .rodata.str1.4
                0x0800e55f       0x69 /usr/lib/gcc/arm-none-eabi/13.2.1/../../../arm-none-eabi/lib/thumb/v7e-m+fp/hard/libc_nano.a(libc_a-dtoa.o)
 .rodata.str1.4
                0x0800e55f       0x25 /usr/lib/gcc/arm-none-eabi/13.2.1/../../../arm-none-eabi/lib/thumb/v7e-m+fp/hard/libc_nano.a(libc_a-nano-vfprintf_i.o)
 .rodata.str1.4
                0x0800e55f       0x43 /usr/lib/gcc/arm-none-eabi/13.2.1/../../../arm-none-eabi/lib/thumb/v7e-m+fp/hard/libc_nano.a(libc_a-assert.o)
 .rodata.str1.4
                0x0800e55f       0x59 /usr/lib/gcc/arm-none-eabi/13.2.1/../../../arm-none-eabi/lib/thumb/v7e-m+fp/hard/libc_nano.a(libc_a-mprec.o)
 .rodata.str1.4
                0x0800e55f       0x12 /usr/lib/gcc/arm-none-eabi/13.2.1/../../../arm-none-eabi/lib/thumb/v7e-m+fp/hard/libc_nano.a(libc_a-locale.o)
 .rodata.str1.4
                0x0800e55f       0x13 /usr/lib/gcc/arm-none-eabi/13.2.1/../../../arm-none-eabi/lib/thumb/v7e-m+fp/hard/libc_nano.a(libc_a-nano-vfprintf.o)
 *fill*         0x0800e55f        0x1 
 .rodata.aPLLMULFactorTable
                0x0800e560       0x10 CMakeFiles/adc_usb.dir/Drivers/STM32F3xx_HAL_Driver/Src/stm32f3xx_hal_rcc.c.obj
 .rodata.aPredivFactorTable
                0x0800e570       0x10 CMakeFiles/adc_usb.dir/Drivers/STM32F3xx_HAL_Driver/Src/stm32f3xx_hal_rcc.c.obj
 .rodata.AHBPrescTable
                0x0800e580       0x10 CMakeFiles/adc_usb.dir/Core/Src/system_stm32f3xx.c.obj
                0x0800e580                AHBPrescTable
                0x0800e590                        . = ALIGN (0x4)

.ARM.extab
 *(.ARM.extab* .gnu.linkonce.armextab.*)

.ARM            0x0800e590        0x8
                0x0800e590                        __exidx_start = .
 *(.ARM.exidx*)
 .ARM.exidx     0x0800e590        0x8 /usr/lib/gcc/arm-none-eabi/13.2.1/../../../arm-none-eabi/lib/thumb/v7e-m+fp/hard/libc_nano.a(libc_a-memcpy.o)
 .ARM.exidx     0x0800e598        0x0 /usr/lib/gcc/arm-none-eabi/13.2.1/../../../arm-none-eabi/lib/thumb/v7e-m+fp/hard/libc_nano.a(libc_a-strlen.o)
                                  0x8 (size before relaxing)
 .ARM.exidx     0x0800e598        0x0 /usr/lib/gcc/arm-none-eabi/13.2.1/../../../arm-none-eabi/lib/thumb/v7e-m+fp/hard/libc_nano.a(libc_a-memchr.o)
                                  0x8 (size before relaxing)
                0x0800e598                        __exidx_end = .

.rel.dyn        0x0800e598        0x0
 .rel.iplt      0x0800e598        0x0 /usr/lib/gcc/arm-none-eabi/13.2.1/thumb/v7e-m+fp/hard/crtbegin.o

.preinit_array  0x0800e598        0x0
                0x0800e598                        PROVIDE (__preinit_array_start = .)
 *(.preinit_array*)
                0x0800e598                        PROVIDE (__preinit_array_end = .)

.init_array     0x0800e598        0x4
                0x0800e598                        PROVIDE (__init_array_start = .)
 *(SORT_BY_NAME(.init_array.*))
 *(.init_array*)
 .init_array    0x0800e598        0x4 /usr/lib/gcc/arm-none-eabi/13.2.1/thumb/v7e-m+fp/hard/crtbegin.o
                0x0800e59c                        PROVIDE (__init_array_end = .)

.fini_array     0x0800e59c        0x4
                0x0800e59c                        PROVIDE (__fini_array_start = .)
 *(SORT_BY_NAME(.fini_array.*))
 *(.fini_array*)
 .fini_array    0x0800e59c        0x4 /usr/lib/gcc/arm-none-eabi/13.2.1/thumb/v7e-m+fp/hard/crtbegin.o
                0x0800e5a0                        PROVIDE (__fini_array_end = .)
                0x0800e5a0                        _sidata = LOADADDR (.data)

.data           0x20000000      0x344 load address 0x0800e5a0
                0x20000000                        . = ALIGN (0x4)
                0x20000000                        _sdata = .
 *(.data)
 .data          0x20000000       0x50 /usr/lib/gcc/arm-none-eabi/13.2.1/../../../arm-none-eabi/lib/thumb/v7e-m+fp/hard/libc_nano.a(libc_a-impure.o)
                0x20000000                _impure_ptr
                0x20000004                _impure_data
 .data          0x20000050        0xc /usr/lib/gcc/arm-none-eabi/13.2.1/../../../arm-none-eabi/lib/thumb/v7e-m+fp/hard/libc_nano.a(libc_a-findfp.o)
                0x20000050                __sglue
 .data          0x2000005c      0x16c /usr/lib/gcc/arm-none-eabi/13.2.1/../../../arm-none-eabi/lib/thumb/v7e-m+fp/hard/libc_nano.a(libc_a-locale.o)
                0x2000005c                __global_locale
 *(.data*)
 .data.FS_Desc  0x200001c8       0x1c CMakeFiles/adc_usb.dir/USB_DEVICE/App/usbd_desc.c.obj
                0x200001c8                FS_Desc
 .data.USBD_FS_DeviceDesc
                0x200001e4       0x12 CMakeFiles/adc_usb.dir/USB_DEVICE/App/usbd_desc.c.obj
                0x200001e4                USBD_FS_DeviceDesc
 *fill*         0x200001f6        0x2 
 .data.USBD_LangIDDesc
                0x200001f8        0x4 CMakeFiles/adc_usb.dir/USB_DEVICE/App/usbd_desc.c.obj
                0x200001f8                USBD_LangIDDesc
 .data.USBD_StringSerial
                0x200001fc       0x1a CMakeFiles/adc_usb.dir/USB_DEVICE/App/usbd_desc.c.obj
                0x200001fc                USBD_StringSerial
 *fill*         0x20000216        0x2 
 .data.USBD_Interface_fops_FS
                0x20000218       0x10 CMakeFiles/adc_usb.dir/USB_DEVICE/App/usbd_cdc_if.c.obj
                0x20000218                USBD_Interface_fops_FS
 .data.uwTickPrio
                0x20000228        0x4 CMakeFiles/adc_usb.dir/Drivers/STM32F3xx_HAL_Driver/Src/stm32f3xx_hal.c.obj
                0x20000228                uwTickPrio
 .data.uwTickFreq
                0x2000022c        0x1 CMakeFiles/adc_usb.dir/Drivers/STM32F3xx_HAL_Driver/Src/stm32f3xx_hal.c.obj
                0x2000022c                uwTickFreq
 *fill*         0x2000022d        0x3 
 .data.SystemCoreClock
                0x20000230        0x4 CMakeFiles/adc_usb.dir/Core/Src/system_stm32f3xx.c.obj
                0x20000230                SystemCoreClock
 .data.USBD_CDC_DeviceQualifierDesc
                0x20000234        0xa CMakeFiles/adc_usb.dir/Middlewares/ST/STM32_USB_Device_Library/Class/CDC/Src/usbd_cdc.c.obj
 *fill*         0x2000023e        0x2 
 .data.USBD_CDC
                0x20000240       0x38 CMakeFiles/adc_usb.dir/Middlewares/ST/STM32_USB_Device_Library/Class/CDC/Src/usbd_cdc.c.obj
                0x20000240                USBD_CDC
 .data.USBD_CDC_CfgHSDesc
                0x20000278       0x43 CMakeFiles/adc_usb.dir/Middlewares/ST/STM32_USB_Device_Library/Class/CDC/Src/usbd_cdc.c.obj
                0x20000278                USBD_CDC_CfgHSDesc
 *fill*         0x200002bb        0x1 
 .data.USBD_CDC_CfgFSDesc
                0x200002bc       0x43 CMakeFiles/adc_usb.dir/Middlewares/ST/STM32_USB_Device_Library/Class/CDC/Src/usbd_cdc.c.obj
                0x200002bc                USBD_CDC_CfgFSDesc
 *fill*         0x200002ff        0x1 
 .data.USBD_CDC_OtherSpeedCfgDesc
                0x20000300       0x43 CMakeFiles/adc_usb.dir/Middlewares/ST/STM32_USB_Device_Library/Class/CDC/Src/usbd_cdc.c.obj
                0x20000300                USBD_CDC_OtherSpeedCfgDesc
                0x20000344                        . = ALIGN (0x4)
 *fill*         0x20000343        0x1 
                0x20000344                        _edata = .
                0x0800e8e4                        _siccmram = LOADADDR (.ccmram)

.tm_clone_table
                0x20000344        0x0 load address 0x0800e8e4
 .tm_clone_table
                0x20000344        0x0 /usr/lib/gcc/arm-none-eabi/13.2.1/thumb/v7e-m+fp/hard/crtbegin.o
 .tm_clone_table
                0x20000344        0x0 /usr/lib/gcc/arm-none-eabi/13.2.1/thumb/v7e-m+fp/hard/crtend.o

.igot.plt       0x20000344        0x0 load address 0x0800e8e4
 .igot.plt      0x20000344        0x0 /usr/lib/gcc/arm-none-eabi/13.2.1/thumb/v7e-m+fp/hard/crtbegin.o

.ccmram         0x10000000        0x0 load address 0x0800e8e4
                0x10000000                        . = ALIGN (0x4)
                0x10000000                        _sccmram = .
 *(.ccmram)
 *(.ccmram*)
                0x10000000                        . = ALIGN (0x4)
                0x10000000                        _eccmram = .
                0x10000000                        . = ALIGN (0x4)

.bss            0x20000344     0x1470
                0x20000344                        _sbss = .
                0x20000344                        __bss_start__ = _sbss
 *(.bss)
 .bss           0x20000344       0x1c /usr/lib/gcc/arm-none-eabi/13.2.1/thumb/v7e-m+fp/hard/crtbegin.o
 .bss           0x20000360      0x13c /usr/lib/gcc/arm-none-eabi/13.2.1/../../../arm-none-eabi/lib/thumb/v7e-m+fp/hard/libc_nano.a(libc_a-findfp.o)
                0x20000360                __sf
                0x20000498                __stdio_exit_handler
 .bss           0x2000049c        0x8 /usr/lib/gcc/arm-none-eabi/13.2.1/../../../arm-none-eabi/lib/thumb/v7e-m+fp/hard/libc_nano.a(libc_a-mallocr.o)
                0x2000049c                __malloc_sbrk_start
                0x200004a0                __malloc_free_list
 .bss           0x200004a4        0x4 /usr/lib/gcc/arm-none-eabi/13.2.1/../../../arm-none-eabi/lib/thumb/v7e-m+fp/hard/libc_nano.a(libc_a-reent.o)
                0x200004a4                errno
 *(.bss*)
 .bss.hadc1     0x200004a8       0x50 CMakeFiles/adc_usb.dir/Core/Src/main.c.obj
                0x200004a8                hadc1
 .bss.hadc2     0x200004f8       0x50 CMakeFiles/adc_usb.dir/Core/Src/main.c.obj
                0x200004f8                hadc2
 .bss.hadc3     0x20000548       0x50 CMakeFiles/adc_usb.dir/Core/Src/main.c.obj
                0x20000548                hadc3
 .bss.hadc4     0x20000598       0x50 CMakeFiles/adc_usb.dir/Core/Src/main.c.obj
                0x20000598                hadc4
 .bss.HAL_RCC_ADC12_CLK_ENABLED
                0x200005e8        0x4 CMakeFiles/adc_usb.dir/Core/Src/stm32f3xx_hal_msp.c.obj
 .bss.HAL_RCC_ADC34_CLK_ENABLED
                0x200005ec        0x4 CMakeFiles/adc_usb.dir/Core/Src/stm32f3xx_hal_msp.c.obj
 .bss.hUsbDeviceFS
                0x200005f0      0x2c4 CMakeFiles/adc_usb.dir/USB_DEVICE/App/usb_device.c.obj
                0x200005f0                hUsbDeviceFS
 .bss.USBD_StrDesc
                0x200008b4      0x200 CMakeFiles/adc_usb.dir/USB_DEVICE/App/usbd_desc.c.obj
                0x200008b4                USBD_StrDesc
 .bss.UserRxBufferFS
                0x20000ab4      0x400 CMakeFiles/adc_usb.dir/USB_DEVICE/App/usbd_cdc_if.c.obj
                0x20000ab4                UserRxBufferFS
 .bss.UserTxBufferFS
                0x20000eb4      0x400 CMakeFiles/adc_usb.dir/USB_DEVICE/App/usbd_cdc_if.c.obj
                0x20000eb4                UserTxBufferFS
 .bss.hpcd_USB_FS
                0x200012b4      0x2d4 CMakeFiles/adc_usb.dir/USB_DEVICE/Target/usbd_conf.c.obj
                0x200012b4                hpcd_USB_FS
 .bss.mem.0     0x20001588      0x220 CMakeFiles/adc_usb.dir/USB_DEVICE/Target/usbd_conf.c.obj
 .bss.uwTick    0x200017a8        0x4 CMakeFiles/adc_usb.dir/Drivers/STM32F3xx_HAL_Driver/Src/stm32f3xx_hal.c.obj
                0x200017a8                uwTick
 .bss.cfgidx.0  0x200017ac        0x1 CMakeFiles/adc_usb.dir/Middlewares/ST/STM32_USB_Device_Library/Core/Src/usbd_ctlreq.c.obj
 *fill*         0x200017ad        0x3 
 .bss.__sbrk_heap_end
                0x200017b0        0x4 CMakeFiles/adc_usb.dir/Core/Src/sysmem.c.obj
 *(COMMON)
                0x200017b4                        . = ALIGN (0x4)
                0x200017b4                        _ebss = .
                0x200017b4                        __bss_end__ = _ebss

._user_heap_stack
                0x200017b4      0x604
                0x200017b8                        . = ALIGN (0x8)
 *fill*         0x200017b4        0x4 
                [!provide]                        PROVIDE (end = .)
                0x200017b8                        PROVIDE (_end = .)
                0x200019b8                        . = (. + _Min_Heap_Size)
 *fill*         0x200017b8      0x200 
                0x20001db8                        . = (. + _Min_Stack_Size)
 *fill*         0x200019b8      0x400 
                0x20001db8                        . = ALIGN (0x8)

/DISCARD/
 libc.a(*)
 libm.a(*)
 libgcc.a(*)
OUTPUT(adc_usb.elf elf32-littlearm)
LOAD linker stubs
LOAD /usr/lib/gcc/arm-none-eabi/13.2.1/../../../arm-none-eabi/lib/thumb/v7e-m+fp/hard/libc.a
LOAD /usr/lib/gcc/arm-none-eabi/13.2.1/../../../arm-none-eabi/lib/thumb/v7e-m+fp/hard/libm.a
LOAD /usr/lib/gcc/arm-none-eabi/13.2.1/thumb/v7e-m+fp/hard/libgcc.a

.ARM.attributes
                0x00000000       0x30
 .ARM.attributes
                0x00000000       0x22 /usr/lib/gcc/arm-none-eabi/13.2.1/thumb/v7e-m+fp/hard/crti.o
 .ARM.attributes
                0x00000022       0x34 /usr/lib/gcc/arm-none-eabi/13.2.1/thumb/v7e-m+fp/hard/crtbegin.o
 .ARM.attributes
                0x00000056       0x34 /usr/lib/gcc/arm-none-eabi/13.2.1/../../../arm-none-eabi/lib/thumb/v7e-m+fp/hard/libc_nano.a(libc_a-init.o)
 .ARM.attributes
                0x0000008a       0x34 /usr/lib/gcc/arm-none-eabi/13.2.1/../../../arm-none-eabi/lib/thumb/v7e-m+fp/hard/libc_nano.a(libc_a-memset.o)
 .ARM.attributes
                0x000000be       0x34 /usr/lib/gcc/arm-none-eabi/13.2.1/../../../arm-none-eabi/lib/thumb/v7e-m+fp/hard/libc_nano.a(libc_a-nano-vfprintf_float.o)
 .ARM.attributes
                0x000000f2       0x34 /usr/lib/gcc/arm-none-eabi/13.2.1/../../../arm-none-eabi/lib/thumb/v7e-m+fp/hard/libc_nano.a(libc_a-dtoa.o)
 .ARM.attributes
                0x00000126       0x20 /usr/lib/gcc/arm-none-eabi/13.2.1/../../../arm-none-eabi/lib/thumb/v7e-m+fp/hard/libc_nano.a(libc_a-memcpy.o)
 .ARM.attributes
                0x00000146       0x34 /usr/lib/gcc/arm-none-eabi/13.2.1/../../../arm-none-eabi/lib/thumb/v7e-m+fp/hard/libc_nano.a(libc_a-malloc.o)
 .ARM.attributes
                0x0000017a       0x34 /usr/lib/gcc/arm-none-eabi/13.2.1/../../../arm-none-eabi/lib/thumb/v7e-m+fp/hard/libc_nano.a(libc_a-nano-vfprintf_i.o)
 .ARM.attributes
                0x000001ae       0x34 /usr/lib/gcc/arm-none-eabi/13.2.1/../../../arm-none-eabi/lib/thumb/v7e-m+fp/hard/libc_nano.a(libc_a-assert.o)
 .ARM.attributes
                0x000001e2       0x34 /usr/lib/gcc/arm-none-eabi/13.2.1/../../../arm-none-eabi/lib/thumb/v7e-m+fp/hard/libc_nano.a(libc_a-mprec.o)
 .ARM.attributes
                0x00000216       0x34 /usr/lib/gcc/arm-none-eabi/13.2.1/../../../arm-none-eabi/lib/thumb/v7e-m+fp/hard/libc_nano.a(libc_a-impure.o)
 .ARM.attributes
                0x0000024a       0x34 /usr/lib/gcc/arm-none-eabi/13.2.1/../../../arm-none-eabi/lib/thumb/v7e-m+fp/hard/libc_nano.a(libc_a-localeconv.o)
 .ARM.attributes
                0x0000027e       0x34 /usr/lib/gcc/arm-none-eabi/13.2.1/../../../arm-none-eabi/lib/thumb/v7e-m+fp/hard/libc_nano.a(libc_a-findfp.o)
 .ARM.attributes
                0x000002b2       0x34 /usr/lib/gcc/arm-none-eabi/13.2.1/../../../arm-none-eabi/lib/thumb/v7e-m+fp/hard/libc_nano.a(libc_a-abort.o)
 .ARM.attributes
                0x000002e6       0x1c /usr/lib/gcc/arm-none-eabi/13.2.1/../../../arm-none-eabi/lib/thumb/v7e-m+fp/hard/libc_nano.a(libc_a-strlen.o)
 .ARM.attributes
                0x00000302       0x34 /usr/lib/gcc/arm-none-eabi/13.2.1/../../../arm-none-eabi/lib/thumb/v7e-m+fp/hard/libc_nano.a(libc_a-fflush.o)
 .ARM.attributes
                0x00000336       0x34 /usr/lib/gcc/arm-none-eabi/13.2.1/../../../arm-none-eabi/lib/thumb/v7e-m+fp/hard/libc_nano.a(libc_a-callocr.o)
 .ARM.attributes
                0x0000036a       0x34 /usr/lib/gcc/arm-none-eabi/13.2.1/../../../arm-none-eabi/lib/thumb/v7e-m+fp/hard/libc_nano.a(libc_a-locale.o)
 .ARM.attributes
                0x0000039e       0x34 /usr/lib/gcc/arm-none-eabi/13.2.1/../../../arm-none-eabi/lib/thumb/v7e-m+fp/hard/libc_nano.a(libc_a-mallocr.o)
 .ARM.attributes
                0x000003d2       0x34 /usr/lib/gcc/arm-none-eabi/13.2.1/../../../arm-none-eabi/lib/thumb/v7e-m+fp/hard/libc_nano.a(libc_a-freer.o)
 .ARM.attributes
                0x00000406       0x34 /usr/lib/gcc/arm-none-eabi/13.2.1/../../../arm-none-eabi/lib/thumb/v7e-m+fp/hard/libc_nano.a(libc_a-fwalk.o)
 .ARM.attributes
                0x0000043a       0x34 /usr/lib/gcc/arm-none-eabi/13.2.1/../../../arm-none-eabi/lib/thumb/v7e-m+fp/hard/libc_nano.a(libc_a-wctomb_r.o)
 .ARM.attributes
                0x0000046e       0x1c /usr/lib/gcc/arm-none-eabi/13.2.1/../../../arm-none-eabi/lib/thumb/v7e-m+fp/hard/libc_nano.a(libc_a-memchr.o)
 .ARM.attributes
                0x0000048a       0x34 /usr/lib/gcc/arm-none-eabi/13.2.1/../../../arm-none-eabi/lib/thumb/v7e-m+fp/hard/libc_nano.a(libc_a-fprintf.o)
 .ARM.attributes
                0x000004be       0x34 /usr/lib/gcc/arm-none-eabi/13.2.1/../../../arm-none-eabi/lib/thumb/v7e-m+fp/hard/libc_nano.a(libc_a-mlock.o)
 .ARM.attributes
                0x000004f2       0x34 /usr/lib/gcc/arm-none-eabi/13.2.1/../../../arm-none-eabi/lib/thumb/v7e-m+fp/hard/libc_nano.a(libc_a-ctype_.o)
 .ARM.attributes
                0x00000526       0x34 /usr/lib/gcc/arm-none-eabi/13.2.1/../../../arm-none-eabi/lib/thumb/v7e-m+fp/hard/libc_nano.a(libc_a-nano-vfprintf.o)
 .ARM.attributes
                0x0000055a       0x34 /usr/lib/gcc/arm-none-eabi/13.2.1/../../../arm-none-eabi/lib/thumb/v7e-m+fp/hard/libc_nano.a(libc_a-wbuf.o)
 .ARM.attributes
                0x0000058e       0x34 /usr/lib/gcc/arm-none-eabi/13.2.1/../../../arm-none-eabi/lib/thumb/v7e-m+fp/hard/libc_nano.a(libc_a-sbrkr.o)
 .ARM.attributes
                0x000005c2       0x34 /usr/lib/gcc/arm-none-eabi/13.2.1/../../../arm-none-eabi/lib/thumb/v7e-m+fp/hard/libc_nano.a(libc_a-stdio.o)
 .ARM.attributes
                0x000005f6       0x34 /usr/lib/gcc/arm-none-eabi/13.2.1/../../../arm-none-eabi/lib/thumb/v7e-m+fp/hard/libc_nano.a(libc_a-fvwrite.o)
 .ARM.attributes
                0x0000062a       0x34 /usr/lib/gcc/arm-none-eabi/13.2.1/../../../arm-none-eabi/lib/thumb/v7e-m+fp/hard/libc_nano.a(libc_a-mbtowc_r.o)
 .ARM.attributes
                0x0000065e       0x34 /usr/lib/gcc/arm-none-eabi/13.2.1/../../../arm-none-eabi/lib/thumb/v7e-m+fp/hard/libc_nano.a(libc_a-signal.o)
 .ARM.attributes
                0x00000692       0x34 /usr/lib/gcc/arm-none-eabi/13.2.1/../../../arm-none-eabi/lib/thumb/v7e-m+fp/hard/libc_nano.a(libc_a-closer.o)
 .ARM.attributes
                0x000006c6       0x34 /usr/lib/gcc/arm-none-eabi/13.2.1/../../../arm-none-eabi/lib/thumb/v7e-m+fp/hard/libc_nano.a(libc_a-memmove.o)
 .ARM.attributes
                0x000006fa       0x34 /usr/lib/gcc/arm-none-eabi/13.2.1/../../../arm-none-eabi/lib/thumb/v7e-m+fp/hard/libc_nano.a(libc_a-wsetup.o)
 .ARM.attributes
                0x0000072e       0x34 /usr/lib/gcc/arm-none-eabi/13.2.1/../../../arm-none-eabi/lib/thumb/v7e-m+fp/hard/libc_nano.a(libc_a-readr.o)
 .ARM.attributes
                0x00000762       0x34 /usr/lib/gcc/arm-none-eabi/13.2.1/../../../arm-none-eabi/lib/thumb/v7e-m+fp/hard/libc_nano.a(libc_a-reent.o)
 .ARM.attributes
                0x00000796       0x34 /usr/lib/gcc/arm-none-eabi/13.2.1/../../../arm-none-eabi/lib/thumb/v7e-m+fp/hard/libc_nano.a(libc_a-reallocr.o)
 .ARM.attributes
                0x000007ca       0x34 /usr/lib/gcc/arm-none-eabi/13.2.1/../../../arm-none-eabi/lib/thumb/v7e-m+fp/hard/libc_nano.a(libc_a-makebuf.o)
 .ARM.attributes
                0x000007fe       0x34 /usr/lib/gcc/arm-none-eabi/13.2.1/../../../arm-none-eabi/lib/thumb/v7e-m+fp/hard/libc_nano.a(libc_a-lseekr.o)
 .ARM.attributes
                0x00000832       0x34 /usr/lib/gcc/arm-none-eabi/13.2.1/../../../arm-none-eabi/lib/thumb/v7e-m+fp/hard/libc_nano.a(libc_a-writer.o)
 .ARM.attributes
                0x00000866       0x34 /usr/lib/gcc/arm-none-eabi/13.2.1/../../../arm-none-eabi/lib/thumb/v7e-m+fp/hard/libc_nano.a(libc_a-isattyr.o)
 .ARM.attributes
                0x0000089a       0x34 /usr/lib/gcc/arm-none-eabi/13.2.1/../../../arm-none-eabi/lib/thumb/v7e-m+fp/hard/libc_nano.a(libc_a-msizer.o)
 .ARM.attributes
                0x000008ce       0x34 /usr/lib/gcc/arm-none-eabi/13.2.1/../../../arm-none-eabi/lib/thumb/v7e-m+fp/hard/libc_nano.a(libc_a-signalr.o)
 .ARM.attributes
                0x00000902       0x34 /usr/lib/gcc/arm-none-eabi/13.2.1/../../../arm-none-eabi/lib/thumb/v7e-m+fp/hard/libc_nano.a(libc_a-fstatr.o)
 .ARM.attributes
                0x00000936       0x34 CMakeFiles/adc_usb.dir/Core/Src/main.c.obj
 .ARM.attributes
                0x0000096a       0x34 CMakeFiles/adc_usb.dir/Core/Src/stm32f3xx_it.c.obj
 .ARM.attributes
                0x0000099e       0x34 CMakeFiles/adc_usb.dir/Core/Src/stm32f3xx_hal_msp.c.obj
 .ARM.attributes
                0x000009d2       0x34 CMakeFiles/adc_usb.dir/USB_DEVICE/App/usb_device.c.obj
 .ARM.attributes
                0x00000a06       0x34 CMakeFiles/adc_usb.dir/USB_DEVICE/App/usbd_desc.c.obj
 .ARM.attributes
                0x00000a3a       0x34 CMakeFiles/adc_usb.dir/USB_DEVICE/App/usbd_cdc_if.c.obj
 .ARM.attributes
                0x00000a6e       0x34 CMakeFiles/adc_usb.dir/USB_DEVICE/Target/usbd_conf.c.obj
 .ARM.attributes
                0x00000aa2       0x34 CMakeFiles/adc_usb.dir/Drivers/STM32F3xx_HAL_Driver/Src/stm32f3xx_ll_usb.c.obj
 .ARM.attributes
                0x00000ad6       0x34 CMakeFiles/adc_usb.dir/Drivers/STM32F3xx_HAL_Driver/Src/stm32f3xx_hal_pcd.c.obj
 .ARM.attributes
                0x00000b0a       0x34 CMakeFiles/adc_usb.dir/Drivers/STM32F3xx_HAL_Driver/Src/stm32f3xx_hal_pcd_ex.c.obj
 .ARM.attributes
                0x00000b3e       0x34 CMakeFiles/adc_usb.dir/Drivers/STM32F3xx_HAL_Driver/Src/stm32f3xx_hal.c.obj
 .ARM.attributes
                0x00000b72       0x34 CMakeFiles/adc_usb.dir/Drivers/STM32F3xx_HAL_Driver/Src/stm32f3xx_hal_rcc.c.obj
 .ARM.attributes
                0x00000ba6       0x34 CMakeFiles/adc_usb.dir/Drivers/STM32F3xx_HAL_Driver/Src/stm32f3xx_hal_rcc_ex.c.obj
 .ARM.attributes
                0x00000bda       0x34 CMakeFiles/adc_usb.dir/Drivers/STM32F3xx_HAL_Driver/Src/stm32f3xx_hal_gpio.c.obj
 .ARM.attributes
                0x00000c0e       0x34 CMakeFiles/adc_usb.dir/Drivers/STM32F3xx_HAL_Driver/Src/stm32f3xx_hal_cortex.c.obj
 .ARM.attributes
                0x00000c42       0x34 CMakeFiles/adc_usb.dir/Drivers/STM32F3xx_HAL_Driver/Src/stm32f3xx_hal_adc_ex.c.obj
 .ARM.attributes
                0x00000c76       0x34 CMakeFiles/adc_usb.dir/Core/Src/system_stm32f3xx.c.obj
 .ARM.attributes
                0x00000caa       0x34 CMakeFiles/adc_usb.dir/Middlewares/ST/STM32_USB_Device_Library/Core/Src/usbd_core.c.obj
 .ARM.attributes
                0x00000cde       0x34 CMakeFiles/adc_usb.dir/Middlewares/ST/STM32_USB_Device_Library/Core/Src/usbd_ctlreq.c.obj
 .ARM.attributes
                0x00000d12       0x34 CMakeFiles/adc_usb.dir/Middlewares/ST/STM32_USB_Device_Library/Core/Src/usbd_ioreq.c.obj
 .ARM.attributes
                0x00000d46       0x34 CMakeFiles/adc_usb.dir/Middlewares/ST/STM32_USB_Device_Library/Class/CDC/Src/usbd_cdc.c.obj
 .ARM.attributes
                0x00000d7a       0x34 CMakeFiles/adc_usb.dir/Core/Src/sysmem.c.obj
 .ARM.attributes
                0x00000dae       0x34 CMakeFiles/adc_usb.dir/Core/Src/syscalls.c.obj
 .ARM.attributes
                0x00000de2       0x21 CMakeFiles/adc_usb.dir/startup_stm32f303xc.s.obj
 .ARM.attributes
                0x00000e03       0x22 /usr/lib/gcc/arm-none-eabi/13.2.1/thumb/v7e-m+fp/hard/libgcc.a(_arm_addsubdf3.o)
 .ARM.attributes
                0x00000e25       0x22 /usr/lib/gcc/arm-none-eabi/13.2.1/thumb/v7e-m+fp/hard/libgcc.a(_arm_muldivdf3.o)
 .ARM.attributes
                0x00000e47       0x22 /usr/lib/gcc/arm-none-eabi/13.2.1/thumb/v7e-m+fp/hard/libgcc.a(_arm_cmpdf2.o)
 .ARM.attributes
                0x00000e69       0x22 /usr/lib/gcc/arm-none-eabi/13.2.1/thumb/v7e-m+fp/hard/libgcc.a(_arm_unorddf2.o)
 .ARM.attributes
                0x00000e8b       0x22 /usr/lib/gcc/arm-none-eabi/13.2.1/thumb/v7e-m+fp/hard/libgcc.a(_arm_fixdfsi.o)
 .ARM.attributes
                0x00000ead       0x34 /usr/lib/gcc/arm-none-eabi/13.2.1/../../../arm-none-eabi/lib/thumb/v7e-m+fp/hard/libg_nano.a(libc_a-putchar.o)
 .ARM.attributes
                0x00000ee1       0x34 /usr/lib/gcc/arm-none-eabi/13.2.1/../../../arm-none-eabi/lib/thumb/v7e-m+fp/hard/libg_nano.a(libc_a-errno.o)
 .ARM.attributes
                0x00000f15       0x34 /usr/lib/gcc/arm-none-eabi/13.2.1/../../../arm-none-eabi/lib/thumb/v7e-m+fp/hard/libg_nano.a(libc_a-putc.o)
 .ARM.attributes
                0x00000f49       0x34 /usr/lib/gcc/arm-none-eabi/13.2.1/../../../arm-none-eabi/lib/thumb/v7e-m+fp/hard/libg_nano.a(libc_a-printf.o)
 .ARM.attributes
                0x00000f7d       0x34 /usr/lib/gcc/arm-none-eabi/13.2.1/thumb/v7e-m+fp/hard/crtend.o
 .ARM.attributes
                0x00000fb1       0x22 /usr/lib/gcc/arm-none-eabi/13.2.1/thumb/v7e-m+fp/hard/crtn.o

.comment        0x00000000       0x26
 .comment       0x00000000       0x26 /usr/lib/gcc/arm-none-eabi/13.2.1/thumb/v7e-m+fp/hard/crtbegin.o
                                 0x27 (size before relaxing)
 .comment       0x00000026       0x27 /usr/lib/gcc/arm-none-eabi/13.2.1/../../../arm-none-eabi/lib/thumb/v7e-m+fp/hard/libc_nano.a(libc_a-init.o)
 .comment       0x00000026       0x27 /usr/lib/gcc/arm-none-eabi/13.2.1/../../../arm-none-eabi/lib/thumb/v7e-m+fp/hard/libc_nano.a(libc_a-memset.o)
 .comment       0x00000026       0x27 /usr/lib/gcc/arm-none-eabi/13.2.1/../../../arm-none-eabi/lib/thumb/v7e-m+fp/hard/libc_nano.a(libc_a-nano-vfprintf_float.o)
 .comment       0x00000026       0x27 /usr/lib/gcc/arm-none-eabi/13.2.1/../../../arm-none-eabi/lib/thumb/v7e-m+fp/hard/libc_nano.a(libc_a-dtoa.o)
 .comment       0x00000026       0x27 /usr/lib/gcc/arm-none-eabi/13.2.1/../../../arm-none-eabi/lib/thumb/v7e-m+fp/hard/libc_nano.a(libc_a-malloc.o)
 .comment       0x00000026       0x27 /usr/lib/gcc/arm-none-eabi/13.2.1/../../../arm-none-eabi/lib/thumb/v7e-m+fp/hard/libc_nano.a(libc_a-nano-vfprintf_i.o)
 .comment       0x00000026       0x27 /usr/lib/gcc/arm-none-eabi/13.2.1/../../../arm-none-eabi/lib/thumb/v7e-m+fp/hard/libc_nano.a(libc_a-assert.o)
 .comment       0x00000026       0x27 /usr/lib/gcc/arm-none-eabi/13.2.1/../../../arm-none-eabi/lib/thumb/v7e-m+fp/hard/libc_nano.a(libc_a-mprec.o)
 .comment       0x00000026       0x27 /usr/lib/gcc/arm-none-eabi/13.2.1/../../../arm-none-eabi/lib/thumb/v7e-m+fp/hard/libc_nano.a(libc_a-impure.o)
 .comment       0x00000026       0x27 /usr/lib/gcc/arm-none-eabi/13.2.1/../../../arm-none-eabi/lib/thumb/v7e-m+fp/hard/libc_nano.a(libc_a-localeconv.o)
 .comment       0x00000026       0x27 /usr/lib/gcc/arm-none-eabi/13.2.1/../../../arm-none-eabi/lib/thumb/v7e-m+fp/hard/libc_nano.a(libc_a-findfp.o)
 .comment       0x00000026       0x27 /usr/lib/gcc/arm-none-eabi/13.2.1/../../../arm-none-eabi/lib/thumb/v7e-m+fp/hard/libc_nano.a(libc_a-abort.o)
 .comment       0x00000026       0x27 /usr/lib/gcc/arm-none-eabi/13.2.1/../../../arm-none-eabi/lib/thumb/v7e-m+fp/hard/libc_nano.a(libc_a-fflush.o)
 .comment       0x00000026       0x27 /usr/lib/gcc/arm-none-eabi/13.2.1/../../../arm-none-eabi/lib/thumb/v7e-m+fp/hard/libc_nano.a(libc_a-callocr.o)
 .comment       0x00000026       0x27 /usr/lib/gcc/arm-none-eabi/13.2.1/../../../arm-none-eabi/lib/thumb/v7e-m+fp/hard/libc_nano.a(libc_a-locale.o)
 .comment       0x00000026       0x27 /usr/lib/gcc/arm-none-eabi/13.2.1/../../../arm-none-eabi/lib/thumb/v7e-m+fp/hard/libc_nano.a(libc_a-mallocr.o)
 .comment       0x00000026       0x27 /usr/lib/gcc/arm-none-eabi/13.2.1/../../../arm-none-eabi/lib/thumb/v7e-m+fp/hard/libc_nano.a(libc_a-freer.o)
 .comment       0x00000026       0x27 /usr/lib/gcc/arm-none-eabi/13.2.1/../../../arm-none-eabi/lib/thumb/v7e-m+fp/hard/libc_nano.a(libc_a-fwalk.o)
 .comment       0x00000026       0x27 /usr/lib/gcc/arm-none-eabi/13.2.1/../../../arm-none-eabi/lib/thumb/v7e-m+fp/hard/libc_nano.a(libc_a-wctomb_r.o)
 .comment       0x00000026       0x27 /usr/lib/gcc/arm-none-eabi/13.2.1/../../../arm-none-eabi/lib/thumb/v7e-m+fp/hard/libc_nano.a(libc_a-fprintf.o)
 .comment       0x00000026       0x27 /usr/lib/gcc/arm-none-eabi/13.2.1/../../../arm-none-eabi/lib/thumb/v7e-m+fp/hard/libc_nano.a(libc_a-mlock.o)
 .comment       0x00000026       0x27 /usr/lib/gcc/arm-none-eabi/13.2.1/../../../arm-none-eabi/lib/thumb/v7e-m+fp/hard/libc_nano.a(libc_a-ctype_.o)
 .comment       0x00000026       0x27 /usr/lib/gcc/arm-none-eabi/13.2.1/../../../arm-none-eabi/lib/thumb/v7e-m+fp/hard/libc_nano.a(libc_a-nano-vfprintf.o)
 .comment       0x00000026       0x27 /usr/lib/gcc/arm-none-eabi/13.2.1/../../../arm-none-eabi/lib/thumb/v7e-m+fp/hard/libc_nano.a(libc_a-wbuf.o)
 .comment       0x00000026       0x27 /usr/lib/gcc/arm-none-eabi/13.2.1/../../../arm-none-eabi/lib/thumb/v7e-m+fp/hard/libc_nano.a(libc_a-sbrkr.o)
 .comment       0x00000026       0x27 /usr/lib/gcc/arm-none-eabi/13.2.1/../../../arm-none-eabi/lib/thumb/v7e-m+fp/hard/libc_nano.a(libc_a-stdio.o)
 .comment       0x00000026       0x27 /usr/lib/gcc/arm-none-eabi/13.2.1/../../../arm-none-eabi/lib/thumb/v7e-m+fp/hard/libc_nano.a(libc_a-fvwrite.o)
 .comment       0x00000026       0x27 /usr/lib/gcc/arm-none-eabi/13.2.1/../../../arm-none-eabi/lib/thumb/v7e-m+fp/hard/libc_nano.a(libc_a-mbtowc_r.o)
 .comment       0x00000026       0x27 /usr/lib/gcc/arm-none-eabi/13.2.1/../../../arm-none-eabi/lib/thumb/v7e-m+fp/hard/libc_nano.a(libc_a-signal.o)
 .comment       0x00000026       0x27 /usr/lib/gcc/arm-none-eabi/13.2.1/../../../arm-none-eabi/lib/thumb/v7e-m+fp/hard/libc_nano.a(libc_a-closer.o)
 .comment       0x00000026       0x27 /usr/lib/gcc/arm-none-eabi/13.2.1/../../../arm-none-eabi/lib/thumb/v7e-m+fp/hard/libc_nano.a(libc_a-memmove.o)
 .comment       0x00000026       0x27 /usr/lib/gcc/arm-none-eabi/13.2.1/../../../arm-none-eabi/lib/thumb/v7e-m+fp/hard/libc_nano.a(libc_a-wsetup.o)
 .comment       0x00000026       0x27 /usr/lib/gcc/arm-none-eabi/13.2.1/../../../arm-none-eabi/lib/thumb/v7e-m+fp/hard/libc_nano.a(libc_a-readr.o)
 .comment       0x00000026       0x27 /usr/lib/gcc/arm-none-eabi/13.2.1/../../../arm-none-eabi/lib/thumb/v7e-m+fp/hard/libc_nano.a(libc_a-reent.o)
 .comment       0x00000026       0x27 /usr/lib/gcc/arm-none-eabi/13.2.1/../../../arm-none-eabi/lib/thumb/v7e-m+fp/hard/libc_nano.a(libc_a-reallocr.o)
 .comment       0x00000026       0x27 /usr/lib/gcc/arm-none-eabi/13.2.1/../../../arm-none-eabi/lib/thumb/v7e-m+fp/hard/libc_nano.a(libc_a-makebuf.o)
 .comment       0x00000026       0x27 /usr/lib/gcc/arm-none-eabi/13.2.1/../../../arm-none-eabi/lib/thumb/v7e-m+fp/hard/libc_nano.a(libc_a-lseekr.o)
 .comment       0x00000026       0x27 /usr/lib/gcc/arm-none-eabi/13.2.1/../../../arm-none-eabi/lib/thumb/v7e-m+fp/hard/libc_nano.a(libc_a-writer.o)
 .comment       0x00000026       0x27 /usr/lib/gcc/arm-none-eabi/13.2.1/../../../arm-none-eabi/lib/thumb/v7e-m+fp/hard/libc_nano.a(libc_a-isattyr.o)
 .comment       0x00000026       0x27 /usr/lib/gcc/arm-none-eabi/13.2.1/../../../arm-none-eabi/lib/thumb/v7e-m+fp/hard/libc_nano.a(libc_a-msizer.o)
 .comment       0x00000026       0x27 /usr/lib/gcc/arm-none-eabi/13.2.1/../../../arm-none-eabi/lib/thumb/v7e-m+fp/hard/libc_nano.a(libc_a-signalr.o)
 .comment       0x00000026       0x27 /usr/lib/gcc/arm-none-eabi/13.2.1/../../../arm-none-eabi/lib/thumb/v7e-m+fp/hard/libc_nano.a(libc_a-fstatr.o)
 .comment       0x00000026       0x27 CMakeFiles/adc_usb.dir/Core/Src/main.c.obj
 .comment       0x00000026       0x27 CMakeFiles/adc_usb.dir/Core/Src/stm32f3xx_it.c.obj
 .comment       0x00000026       0x27 CMakeFiles/adc_usb.dir/Core/Src/stm32f3xx_hal_msp.c.obj
 .comment       0x00000026       0x27 CMakeFiles/adc_usb.dir/USB_DEVICE/App/usb_device.c.obj
 .comment       0x00000026       0x27 CMakeFiles/adc_usb.dir/USB_DEVICE/App/usbd_desc.c.obj
 .comment       0x00000026       0x27 CMakeFiles/adc_usb.dir/USB_DEVICE/App/usbd_cdc_if.c.obj
 .comment       0x00000026       0x27 CMakeFiles/adc_usb.dir/USB_DEVICE/Target/usbd_conf.c.obj
 .comment       0x00000026       0x27 CMakeFiles/adc_usb.dir/Drivers/STM32F3xx_HAL_Driver/Src/stm32f3xx_ll_usb.c.obj
 .comment       0x00000026       0x27 CMakeFiles/adc_usb.dir/Drivers/STM32F3xx_HAL_Driver/Src/stm32f3xx_hal_pcd.c.obj
 .comment       0x00000026       0x27 CMakeFiles/adc_usb.dir/Drivers/STM32F3xx_HAL_Driver/Src/stm32f3xx_hal_pcd_ex.c.obj
 .comment       0x00000026       0x27 CMakeFiles/adc_usb.dir/Drivers/STM32F3xx_HAL_Driver/Src/stm32f3xx_hal.c.obj
 .comment       0x00000026       0x27 CMakeFiles/adc_usb.dir/Drivers/STM32F3xx_HAL_Driver/Src/stm32f3xx_hal_rcc.c.obj
 .comment       0x00000026       0x27 CMakeFiles/adc_usb.dir/Drivers/STM32F3xx_HAL_Driver/Src/stm32f3xx_hal_rcc_ex.c.obj
 .comment       0x00000026       0x27 CMakeFiles/adc_usb.dir/Drivers/STM32F3xx_HAL_Driver/Src/stm32f3xx_hal_gpio.c.obj
 .comment       0x00000026       0x27 CMakeFiles/adc_usb.dir/Drivers/STM32F3xx_HAL_Driver/Src/stm32f3xx_hal_cortex.c.obj
 .comment       0x00000026       0x27 CMakeFiles/adc_usb.dir/Drivers/STM32F3xx_HAL_Driver/Src/stm32f3xx_hal_adc_ex.c.obj
 .comment       0x00000026       0x27 CMakeFiles/adc_usb.dir/Core/Src/system_stm32f3xx.c.obj
 .comment       0x00000026       0x27 CMakeFiles/adc_usb.dir/Middlewares/ST/STM32_USB_Device_Library/Core/Src/usbd_core.c.obj
 .comment       0x00000026       0x27 CMakeFiles/adc_usb.dir/Middlewares/ST/STM32_USB_Device_Library/Core/Src/usbd_ctlreq.c.obj
 .comment       0x00000026       0x27 CMakeFiles/adc_usb.dir/Middlewares/ST/STM32_USB_Device_Library/Core/Src/usbd_ioreq.c.obj
 .comment       0x00000026       0x27 CMakeFiles/adc_usb.dir/Middlewares/ST/STM32_USB_Device_Library/Class/CDC/Src/usbd_cdc.c.obj
 .comment       0x00000026       0x27 CMakeFiles/adc_usb.dir/Core/Src/sysmem.c.obj
 .comment       0x00000026       0x27 CMakeFiles/adc_usb.dir/Core/Src/syscalls.c.obj
 .comment       0x00000026       0x27 /usr/lib/gcc/arm-none-eabi/13.2.1/../../../arm-none-eabi/lib/thumb/v7e-m+fp/hard/libg_nano.a(libc_a-putchar.o)
 .comment       0x00000026       0x27 /usr/lib/gcc/arm-none-eabi/13.2.1/../../../arm-none-eabi/lib/thumb/v7e-m+fp/hard/libg_nano.a(libc_a-errno.o)
 .comment       0x00000026       0x27 /usr/lib/gcc/arm-none-eabi/13.2.1/../../../arm-none-eabi/lib/thumb/v7e-m+fp/hard/libg_nano.a(libc_a-putc.o)
 .comment       0x00000026       0x27 /usr/lib/gcc/arm-none-eabi/13.2.1/../../../arm-none-eabi/lib/thumb/v7e-m+fp/hard/libg_nano.a(libc_a-printf.o)
 .comment       0x00000026       0x27 /usr/lib/gcc/arm-none-eabi/13.2.1/thumb/v7e-m+fp/hard/crtend.o

.debug_info     0x00000000    0x2b1c5
 .debug_info    0x00000000      0x10b /usr/lib/gcc/arm-none-eabi/13.2.1/../../../arm-none-eabi/lib/thumb/v7e-m+fp/hard/libc_nano.a(libc_a-init.o)
 .debug_info    0x0000010b      0x135 /usr/lib/gcc/arm-none-eabi/13.2.1/../../../arm-none-eabi/lib/thumb/v7e-m+fp/hard/libc_nano.a(libc_a-memset.o)
 .debug_info    0x00000240     0x13f9 /usr/lib/gcc/arm-none-eabi/13.2.1/../../../arm-none-eabi/lib/thumb/v7e-m+fp/hard/libc_nano.a(libc_a-nano-vfprintf_float.o)
 .debug_info    0x00001639     0x1952 /usr/lib/gcc/arm-none-eabi/13.2.1/../../../arm-none-eabi/lib/thumb/v7e-m+fp/hard/libc_nano.a(libc_a-dtoa.o)
 .debug_info    0x00002f8b       0x33 /usr/lib/gcc/arm-none-eabi/13.2.1/../../../arm-none-eabi/lib/thumb/v7e-m+fp/hard/libc_nano.a(libc_a-memcpy.o)
 .debug_info    0x00002fbe      0x796 /usr/lib/gcc/arm-none-eabi/13.2.1/../../../arm-none-eabi/lib/thumb/v7e-m+fp/hard/libc_nano.a(libc_a-malloc.o)
 .debug_info    0x00003754      0xdd7 /usr/lib/gcc/arm-none-eabi/13.2.1/../../../arm-none-eabi/lib/thumb/v7e-m+fp/hard/libc_nano.a(libc_a-nano-vfprintf_i.o)
 .debug_info    0x0000452b      0x825 /usr/lib/gcc/arm-none-eabi/13.2.1/../../../arm-none-eabi/lib/thumb/v7e-m+fp/hard/libc_nano.a(libc_a-assert.o)
 .debug_info    0x00004d50     0x1f25 /usr/lib/gcc/arm-none-eabi/13.2.1/../../../arm-none-eabi/lib/thumb/v7e-m+fp/hard/libc_nano.a(libc_a-mprec.o)
 .debug_info    0x00006c75      0x70b /usr/lib/gcc/arm-none-eabi/13.2.1/../../../arm-none-eabi/lib/thumb/v7e-m+fp/hard/libc_nano.a(libc_a-impure.o)
 .debug_info    0x00007380      0xa0e /usr/lib/gcc/arm-none-eabi/13.2.1/../../../arm-none-eabi/lib/thumb/v7e-m+fp/hard/libc_nano.a(libc_a-localeconv.o)
 .debug_info    0x00007d8e      0xe8c /usr/lib/gcc/arm-none-eabi/13.2.1/../../../arm-none-eabi/lib/thumb/v7e-m+fp/hard/libc_nano.a(libc_a-findfp.o)
 .debug_info    0x00008c1a       0xd8 /usr/lib/gcc/arm-none-eabi/13.2.1/../../../arm-none-eabi/lib/thumb/v7e-m+fp/hard/libc_nano.a(libc_a-abort.o)
 .debug_info    0x00008cf2       0x33 /usr/lib/gcc/arm-none-eabi/13.2.1/../../../arm-none-eabi/lib/thumb/v7e-m+fp/hard/libc_nano.a(libc_a-strlen.o)
 .debug_info    0x00008d25      0xa33 /usr/lib/gcc/arm-none-eabi/13.2.1/../../../arm-none-eabi/lib/thumb/v7e-m+fp/hard/libc_nano.a(libc_a-fflush.o)
 .debug_info    0x00009758      0x7c9 /usr/lib/gcc/arm-none-eabi/13.2.1/../../../arm-none-eabi/lib/thumb/v7e-m+fp/hard/libc_nano.a(libc_a-callocr.o)