Archive member included to satisfy reference by file (symbol)

/usr/lib/gcc/arm-none-eabi/13.2.1/../../../arm-none-eabi/lib/thumb/v7e-m+fp/hard/libc_nano.a(libc_a-init.o)
                              /usr/lib/gcc/arm-none-eabi/13.2.1/../../../arm-none-eabi/lib/thumb/v7e-m+fp/hard/crt0.o (__libc_init_array)
/usr/lib/gcc/arm-none-eabi/13.2.1/../../../arm-none-eabi/lib/thumb/v7e-m+fp/hard/libc_nano.a(libc_a-memset.o)
                              /usr/lib/gcc/arm-none-eabi/13.2.1/../../../arm-none-eabi/lib/thumb/v7e-m+fp/hard/crt0.o (memset)
/usr/lib/gcc/arm-none-eabi/13.2.1/../../../arm-none-eabi/lib/thumb/v7e-m+fp/hard/libc_nano.a(libc_a-exit.o)
                              /usr/lib/gcc/arm-none-eabi/13.2.1/../../../arm-none-eabi/lib/thumb/v7e-m+fp/hard/crt0.o (exit)
/usr/lib/gcc/arm-none-eabi/13.2.1/../../../arm-none-eabi/lib/thumb/v7e-m+fp/hard/libc_nano.a(libc_a-atexit.o)
                              /usr/lib/gcc/arm-none-eabi/13.2.1/../../../arm-none-eabi/lib/thumb/v7e-m+fp/hard/crt0.o (atexit)
/usr/lib/gcc/arm-none-eabi/13.2.1/../../../arm-none-eabi/lib/thumb/v7e-m+fp/hard/libc_nano.a(libc_a-fini.o)
                              /usr/lib/gcc/arm-none-eabi/13.2.1/../../../arm-none-eabi/lib/thumb/v7e-m+fp/hard/crt0.o (__libc_fini_array)
/usr/lib/gcc/arm-none-eabi/13.2.1/../../../arm-none-eabi/lib/thumb/v7e-m+fp/hard/libc_nano.a(libc_a-findfp.o)
                              /usr/lib/gcc/arm-none-eabi/13.2.1/../../../arm-none-eabi/lib/thumb/v7e-m+fp/hard/libc_nano.a(libc_a-exit.o) (__stdio_exit_handler)
/usr/lib/gcc/arm-none-eabi/13.2.1/../../../arm-none-eabi/lib/thumb/v7e-m+fp/hard/libc_nano.a(libc_a-fflush.o)
                              /usr/lib/gcc/arm-none-eabi/13.2.1/../../../arm-none-eabi/lib/thumb/v7e-m+fp/hard/libc_nano.a(libc_a-findfp.o) (_fflush_r)
/usr/lib/gcc/arm-none-eabi/13.2.1/../../../arm-none-eabi/lib/thumb/v7e-m+fp/hard/libc_nano.a(libc_a-mallocr.o)
                              /usr/lib/gcc/arm-none-eabi/13.2.1/../../../arm-none-eabi/lib/thumb/v7e-m+fp/hard/libc_nano.a(libc_a-findfp.o) (_malloc_r)
/usr/lib/gcc/arm-none-eabi/13.2.1/../../../arm-none-eabi/lib/thumb/v7e-m+fp/hard/libc_nano.a(libc_a-freer.o)
                              /usr/lib/gcc/arm-none-eabi/13.2.1/../../../arm-none-eabi/lib/thumb/v7e-m+fp/hard/libc_nano.a(libc_a-fflush.o) (_free_r)
/usr/lib/gcc/arm-none-eabi/13.2.1/../../../arm-none-eabi/lib/thumb/v7e-m+fp/hard/libc_nano.a(libc_a-fwalk.o)
                              /usr/lib/gcc/arm-none-eabi/13.2.1/../../../arm-none-eabi/lib/thumb/v7e-m+fp/hard/libc_nano.a(libc_a-findfp.o) (_fwalk_sglue)
/usr/lib/gcc/arm-none-eabi/13.2.1/../../../arm-none-eabi/lib/thumb/v7e-m+fp/hard/libc_nano.a(libc_a-__atexit.o)
                              /usr/lib/gcc/arm-none-eabi/13.2.1/../../../arm-none-eabi/lib/thumb/v7e-m+fp/hard/libc_nano.a(libc_a-atexit.o) (__register_exitproc)
/usr/lib/gcc/arm-none-eabi/13.2.1/../../../arm-none-eabi/lib/thumb/v7e-m+fp/hard/libc_nano.a(libc_a-mlock.o)
                              /usr/lib/gcc/arm-none-eabi/13.2.1/../../../arm-none-eabi/lib/thumb/v7e-m+fp/hard/libc_nano.a(libc_a-mallocr.o) (__malloc_lock)
/usr/lib/gcc/arm-none-eabi/13.2.1/../../../arm-none-eabi/lib/thumb/v7e-m+fp/hard/libc_nano.a(libc_a-sbrkr.o)
                              /usr/lib/gcc/arm-none-eabi/13.2.1/../../../arm-none-eabi/lib/thumb/v7e-m+fp/hard/libc_nano.a(libc_a-mallocr.o) (_sbrk_r)
/usr/lib/gcc/arm-none-eabi/13.2.1/../../../arm-none-eabi/lib/thumb/v7e-m+fp/hard/libc_nano.a(libc_a-stdio.o)
                              /usr/lib/gcc/arm-none-eabi/13.2.1/../../../arm-none-eabi/lib/thumb/v7e-m+fp/hard/libc_nano.a(libc_a-findfp.o) (__sread)
/usr/lib/gcc/arm-none-eabi/13.2.1/../../../arm-none-eabi/lib/thumb/v7e-m+fp/hard/libc_nano.a(libc_a-impure.o)
                              /usr/lib/gcc/arm-none-eabi/13.2.1/../../../arm-none-eabi/lib/thumb/v7e-m+fp/hard/libc_nano.a(libc_a-fflush.o) (_impure_ptr)
/usr/lib/gcc/arm-none-eabi/13.2.1/../../../arm-none-eabi/lib/thumb/v7e-m+fp/hard/libc_nano.a(libc_a-closer.o)
                              /usr/lib/gcc/arm-none-eabi/13.2.1/../../../arm-none-eabi/lib/thumb/v7e-m+fp/hard/libc_nano.a(libc_a-stdio.o) (_close_r)
/usr/lib/gcc/arm-none-eabi/13.2.1/../../../arm-none-eabi/lib/thumb/v7e-m+fp/hard/libc_nano.a(libc_a-__call_atexit.o)
                              /usr/lib/gcc/arm-none-eabi/13.2.1/../../../arm-none-eabi/lib/thumb/v7e-m+fp/hard/libc_nano.a(libc_a-__atexit.o) (__call_exitprocs)
/usr/lib/gcc/arm-none-eabi/13.2.1/../../../arm-none-eabi/lib/thumb/v7e-m+fp/hard/libc_nano.a(libc_a-readr.o)
                              /usr/lib/gcc/arm-none-eabi/13.2.1/../../../arm-none-eabi/lib/thumb/v7e-m+fp/hard/libc_nano.a(libc_a-stdio.o) (_read_r)
/usr/lib/gcc/arm-none-eabi/13.2.1/../../../arm-none-eabi/lib/thumb/v7e-m+fp/hard/libc_nano.a(libc_a-reent.o)
                              /usr/lib/gcc/arm-none-eabi/13.2.1/../../../arm-none-eabi/lib/thumb/v7e-m+fp/hard/libc_nano.a(libc_a-sbrkr.o) (errno)
[...]
Memory Configuration

Name             Origin             Length             Attributes
RAM              0x20000000         0x00008000         xrw
CCMRAM           0x10000000         0x00002000         xrw
FLASH            0x08000000         0x00020000         xr
*default*        0x00000000         0xffffffff

Linker script and memory map

LOAD /usr/lib/gcc/arm-none-eabi/13.2.1/thumb/v7e-m+fp/hard/crti.o
LOAD /usr/lib/gcc/arm-none-eabi/13.2.1/thumb/v7e-m+fp/hard/crtbegin.o
LOAD /usr/lib/gcc/arm-none-eabi/13.2.1/../../../arm-none-eabi/lib/thumb/v7e-m+fp/hard/crt0.o
START GROUP
LOAD /usr/lib/gcc/arm-none-eabi/13.2.1/../../../arm-none-eabi/lib/thumb/v7e-m+fp/hard/libc_nano.a
LOAD /usr/lib/gcc/arm-none-eabi/13.2.1/../../../arm-none-eabi/lib/thumb/v7e-m+fp/hard/libm.a
END GROUP
LOAD CMakeFiles/adc_usb.dir/Core/Src/main.c.obj
LOAD CMakeFiles/adc_usb.dir/Core/Src/stm32f3xx_it.c.obj
LOAD CMakeFiles/adc_usb.dir/Core/Src/stm32f3xx_hal_msp.c.obj
LOAD CMakeFiles/adc_usb.dir/USB_DEVICE/App/usb_device.c.obj
LOAD CMakeFiles/adc_usb.dir/USB_DEVICE/App/usbd_desc.c.obj
LOAD CMakeFiles/adc_usb.dir/USB_DEVICE/App/usbd_cdc_if.c.obj
LOAD CMakeFiles/adc_usb.dir/USB_DEVICE/Target/usbd_conf.c.obj
LOAD CMakeFiles/adc_usb.dir/Drivers/STM32F3xx_HAL_Driver/Src/stm32f3xx_ll_usb.c.obj
LOAD CMakeFiles/adc_usb.dir/Drivers/STM32F3xx_HAL_Driver/Src/stm32f3xx_hal_pcd.c.obj
LOAD CMakeFiles/adc_usb.dir/Drivers/STM32F3xx_HAL_Driver/Src/stm32f3xx_hal_pcd_ex.c.obj
LOAD CMakeFiles/adc_usb.dir/Drivers/STM32F3xx_HAL_Driver/Src/stm32f3xx_hal.c.obj
LOAD CMakeFiles/adc_usb.dir/Drivers/STM32F3xx_HAL_Driver/Src/stm32f3xx_hal_rcc.c.obj
LOAD CMakeFiles/adc_usb.dir/Drivers/STM32F3xx_HAL_Driver/Src/stm32f3xx_hal_rcc_ex.c.obj
LOAD CMakeFiles/adc_usb.dir/Drivers/STM32F3xx_HAL_Driver/Src/stm32f3xx_hal_gpio.c.obj
LOAD CMakeFiles/adc_usb.dir/Drivers/STM32F3xx_HAL_Driver/Src/stm32f3xx_hal_dma.c.obj
LOAD CMakeFiles/adc_usb.dir/Drivers/STM32F3xx_HAL_Driver/Src/stm32f3xx_hal_cortex.c.obj
LOAD CMakeFiles/adc_usb.dir/Drivers/STM32F3xx_HAL_Driver/Src/stm32f3xx_hal_pwr.c.obj
LOAD CMakeFiles/adc_usb.dir/Drivers/STM32F3xx_HAL_Driver/Src/stm32f3xx_hal_pwr_ex.c.obj
LOAD CMakeFiles/adc_usb.dir/Drivers/STM32F3xx_HAL_Driver/Src/stm32f3xx_hal_flash.c.obj
LOAD CMakeFiles/adc_usb.dir/Drivers/STM32F3xx_HAL_Driver/Src/stm32f3xx_hal_flash_ex.c.obj
LOAD CMakeFiles/adc_usb.dir/Drivers/STM32F3xx_HAL_Driver/Src/stm32f3xx_hal_i2c.c.obj
LOAD CMakeFiles/adc_usb.dir/Drivers/STM32F3xx_HAL_Driver/Src/stm32f3xx_hal_i2c_ex.c.obj
LOAD CMakeFiles/adc_usb.dir/Drivers/STM32F3xx_HAL_Driver/Src/stm32f3xx_hal_exti.c.obj
LOAD CMakeFiles/adc_usb.dir/Drivers/STM32F3xx_HAL_Driver/Src/stm32f3xx_hal_adc.c.obj
LOAD CMakeFiles/adc_usb.dir/Drivers/STM32F3xx_HAL_Driver/Src/stm32f3xx_hal_adc_ex.c.obj
LOAD CMakeFiles/adc_usb.dir/Core/Src/system_stm32f3xx.c.obj
LOAD CMakeFiles/adc_usb.dir/Middlewares/ST/STM32_USB_Device_Library/Core/Src/usbd_core.c.obj
LOAD CMakeFiles/adc_usb.dir/Middlewares/ST/STM32_USB_Device_Library/Core/Src/usbd_ctlreq.c.obj
LOAD CMakeFiles/adc_usb.dir/Middlewares/ST/STM32_USB_Device_Library/Core/Src/usbd_ioreq.c.obj
LOAD CMakeFiles/adc_usb.dir/Middlewares/ST/STM32_USB_Device_Library/Class/CDC/Src/usbd_cdc.c.obj
LOAD CMakeFiles/adc_usb.dir/Core/Src/sysmem.c.obj
LOAD CMakeFiles/adc_usb.dir/Core/Src/syscalls.c.obj
LOAD CMakeFiles/adc_usb.dir/startup_stm32f303xc.s.obj
START GROUP
LOAD /usr/lib/gcc/arm-none-eabi/13.2.1/thumb/v7e-m+fp/hard/libgcc.a
LOAD /usr/lib/gcc/arm-none-eabi/13.2.1/../../../arm-none-eabi/lib/thumb/v7e-m+fp/hard/libg_nano.a
LOAD /usr/lib/gcc/arm-none-eabi/13.2.1/../../../arm-none-eabi/lib/thumb/v7e-m+fp/hard/libc_nano.a
END GROUP
START GROUP
LOAD /usr/lib/gcc/arm-none-eabi/13.2.1/thumb/v7e-m+fp/hard/libgcc.a
LOAD /usr/lib/gcc/arm-none-eabi/13.2.1/../../../arm-none-eabi/lib/thumb/v7e-m+fp/hard/libc_nano.a
END GROUP
LOAD /usr/lib/gcc/arm-none-eabi/13.2.1/thumb/v7e-m+fp/hard/crtend.o
LOAD /usr/lib/gcc/arm-none-eabi/13.2.1/thumb/v7e-m+fp/hard/crtn.o
                0x20008000                        _estack = (ORIGIN (RAM) + LENGTH (RAM))
                0x00000200                        _Min_Heap_Size = 0x200
                0x00000400                        _Min_Stack_Size = 0x400

.isr_vector     0x08000000      0x188
                0x08000000                        . = ALIGN (0x4)
 *(.isr_vector)
 .isr_vector    0x08000000      0x188 CMakeFiles/adc_usb.dir/startup_stm32f303xc.s.obj
                0x08000000                g_pfnVectors
                0x08000188                        . = ALIGN (0x4)

.text           0x08000190     0xaf0c
                0x08000190                        . = ALIGN (0x4)
 *(.text)
 .text          0x08000190       0x88 /usr/lib/gcc/arm-none-eabi/13.2.1/thumb/v7e-m+fp/hard/crtbegin.o
 .text          0x08000218       0x50 /usr/lib/gcc/arm-none-eabi/13.2.1/../../../arm-none-eabi/lib/thumb/v7e-m+fp/hard/libc_nano.a(libc_a-init.o)
                0x08000218                __libc_init_array
 .text          0x08000268       0xa4 /usr/lib/gcc/arm-none-eabi/13.2.1/../../../arm-none-eabi/lib/thumb/v7e-m+fp/hard/libc_nano.a(libc_a-memset.o)
                0x08000268                memset
 .text          0x0800030c      0x224 /usr/lib/gcc/arm-none-eabi/13.2.1/../../../arm-none-eabi/lib/thumb/v7e-m+fp/hard/libc_nano.a(libc_a-findfp.o)
                0x0800043c                __sfp
                0x080004e0                __sinit
                0x08000500                __sfp_lock_acquire
                0x08000504                __sfp_lock_release
                0x08000508                __fp_lock_all
                0x0800051c                __fp_unlock_all
 .text          0x08000530      0x1a8 /usr/lib/gcc/arm-none-eabi/13.2.1/../../../arm-none-eabi/lib/thumb/v7e-m+fp/hard/libc_nano.a(libc_a-fflush.o)
                0x08000530                __sflush_r
                0x08000654                _fflush_r
                0x0800068c                fflush
 .text          0x080006d8      0x148 /usr/lib/gcc/arm-none-eabi/13.2.1/../../../arm-none-eabi/lib/thumb/v7e-m+fp/hard/libc_nano.a(libc_a-mallocr.o)
                0x08000720                _malloc_r
 .text          0x08000820       0xbc /usr/lib/gcc/arm-none-eabi/13.2.1/../../../arm-none-eabi/lib/thumb/v7e-m+fp/hard/libc_nano.a(libc_a-freer.o)
                0x08000820                _free_r
 .text          0x080008dc       0x44 /usr/lib/gcc/arm-none-eabi/13.2.1/../../../arm-none-eabi/lib/thumb/v7e-m+fp/hard/libc_nano.a(libc_a-fwalk.o)
                0x080008dc                _fwalk_sglue
 .text          0x08000920        0x8 /usr/lib/gcc/arm-none-eabi/13.2.1/../../../arm-none-eabi/lib/thumb/v7e-m+fp/hard/libc_nano.a(libc_a-mlock.o)
                0x08000920                __malloc_lock
                0x08000924                __malloc_unlock
 .text          0x08000928       0x24 /usr/lib/gcc/arm-none-eabi/13.2.1/../../../arm-none-eabi/lib/thumb/v7e-m+fp/hard/libc_nano.a(libc_a-sbrkr.o)
                0x08000928                _sbrk_r
 .text          0x0800094c       0x94 /usr/lib/gcc/arm-none-eabi/13.2.1/../../../arm-none-eabi/lib/thumb/v7e-m+fp/hard/libc_nano.a(libc_a-stdio.o)
                0x0800094c                __sread
                0x08000970                __seofread
                0x08000974                __swrite
                0x080009b4                __sseek
                0x080009d8                __sclose
 .text          0x080009e0       0x24 /usr/lib/gcc/arm-none-eabi/13.2.1/../../../arm-none-eabi/lib/thumb/v7e-m+fp/hard/libc_nano.a(libc_a-closer.o)
                0x080009e0                _close_r
 .text          0x08000a04       0x2c /usr/lib/gcc/arm-none-eabi/13.2.1/../../../arm-none-eabi/lib/thumb/v7e-m+fp/hard/libc_nano.a(libc_a-readr.o)
                0x08000a04                _read_r
 .text          0x08000a30       0x2c /usr/lib/gcc/arm-none-eabi/13.2.1/../../../arm-none-eabi/lib/thumb/v7e-m+fp/hard/libc_nano.a(libc_a-lseekr.o)
                0x08000a30                _lseek_r
 .text          0x08000a5c       0x2c /usr/lib/gcc/arm-none-eabi/13.2.1/../../../arm-none-eabi/lib/thumb/v7e-m+fp/hard/libc_nano.a(libc_a-writer.o)
                0x08000a5c                _write_r
 .text          0x08000a88        0xc /usr/lib/gcc/arm-none-eabi/13.2.1/../../../arm-none-eabi/lib/thumb/v7e-m+fp/hard/libg_nano.a(libc_a-errno.o)
                0x08000a88                __errno
 .text          0x08000a94       0x48 /usr/lib/gcc/arm-none-eabi/13.2.1/../../../arm-none-eabi/lib/thumb/v7e-m+fp/hard/libg_nano.a(libc_a-printf.o)
                0x08000a94                _printf_r
                0x08000a94                _iprintf_r
                0x08000ab4                printf
                0x08000ab4                iprintf
 .text          0x08000adc      0x314 /usr/lib/gcc/arm-none-eabi/13.2.1/../../../arm-none-eabi/lib/thumb/v7e-m+fp/hard/libg_nano.a(libc_a-nano-vfprintf.o)
                0x08000b18                __sfputs_r
                0x08000b48                __sprint_r
                0x08000b68                _vfiprintf_r
                0x08000b68                _vfprintf_r
                0x08000dd4                vfiprintf
                0x08000dd4                vfprintf
 .text          0x08000df0       0xa0 /usr/lib/gcc/arm-none-eabi/13.2.1/../../../arm-none-eabi/lib/thumb/v7e-m+fp/hard/libg_nano.a(libc_a-wbuf.o)
                0x08000df0                __swbuf_r
                0x08000e78                __swbuf
 .text          0x08000e90      0x300 /usr/lib/gcc/arm-none-eabi/13.2.1/../../../arm-none-eabi/lib/thumb/v7e-m+fp/hard/libg_nano.a(libc_a-fvwrite.o)
                0x08000e90                __sfvwrite_r
 .text          0x08001190      0x100 /usr/lib/gcc/arm-none-eabi/13.2.1/../../../arm-none-eabi/lib/thumb/v7e-m+fp/hard/libg_nano.a(libc_a-memmove.o)
                0x08001190                memmove
 .text          0x08001290       0xa0 /usr/lib/gcc/arm-none-eabi/13.2.1/../../../arm-none-eabi/lib/thumb/v7e-m+fp/hard/libg_nano.a(libc_a-memchr.o)
                0x08001290                memchr
 .text          0x08001330       0xc4 /usr/lib/gcc/arm-none-eabi/13.2.1/../../../arm-none-eabi/lib/thumb/v7e-m+fp/hard/libg_nano.a(libc_a-wsetup.o)
                0x08001330                __swsetup_r
 .text          0x080013f4      0x134 /usr/lib/gcc/arm-none-eabi/13.2.1/../../../arm-none-eabi/lib/thumb/v7e-m+fp/hard/libg_nano.a(libc_a-memcpy.o)
                0x080013f4                memcpy
 .text          0x08001528       0x64 /usr/lib/gcc/arm-none-eabi/13.2.1/../../../arm-none-eabi/lib/thumb/v7e-m+fp/hard/libg_nano.a(libc_a-reallocr.o)
                0x08001528                _realloc_r
 .text          0x0800158c      0x3a8 /usr/lib/gcc/arm-none-eabi/13.2.1/../../../arm-none-eabi/lib/thumb/v7e-m+fp/hard/libg_nano.a(libc_a-nano-vfprintf_i.o)
                0x0800158c                _printf_common
                0x080016b0                _printf_i
 .text          0x08001934      0x114 /usr/lib/gcc/arm-none-eabi/13.2.1/../../../arm-none-eabi/lib/thumb/v7e-m+fp/hard/libg_nano.a(libc_a-makebuf.o)
                0x08001934                __smakebuf_r
                0x080019f8                __swhatbuf_r
 .text          0x08001a48       0x24 /usr/lib/gcc/arm-none-eabi/13.2.1/../../../arm-none-eabi/lib/thumb/v7e-m+fp/hard/libg_nano.a(libc_a-isattyr.o)
                0x08001a48                _isatty_r
 .text          0x08001a6c       0x10 /usr/lib/gcc/arm-none-eabi/13.2.1/../../../arm-none-eabi/lib/thumb/v7e-m+fp/hard/libg_nano.a(libc_a-msizer.o)
                0x08001a6c                _malloc_usable_size_r
 .text          0x08001a7c       0x2c /usr/lib/gcc/arm-none-eabi/13.2.1/../../../arm-none-eabi/lib/thumb/v7e-m+fp/hard/libg_nano.a(libc_a-fstatr.o)
                0x08001a7c                _fstat_r
 *(.text*)
 .text.main     0x08001aa8       0xcc CMakeFiles/adc_usb.dir/Core/Src/main.c.obj
                0x08001aa8                main
 .text.SystemClock_Config
                0x08001b74       0xc0 CMakeFiles/adc_usb.dir/Core/Src/main.c.obj
                0x08001b74                SystemClock_Config
 .text.MX_ADC4_Init
                0x08001c34       0xd8 CMakeFiles/adc_usb.dir/Core/Src/main.c.obj
 .text.MX_GPIO_Init
                0x08001d0c       0xe0 CMakeFiles/adc_usb.dir/Core/Src/main.c.obj
 .text.Error_Handler
                0x08001dec        0xc CMakeFiles/adc_usb.dir/Core/Src/main.c.obj
                0x08001dec                Error_Handler
 .text.NMI_Handler
                0x08001df8        0x8 CMakeFiles/adc_usb.dir/Core/Src/stm32f3xx_it.c.obj
                0x08001df8                NMI_Handler
 .text.HardFault_Handler
                0x08001e00        0x8 CMakeFiles/adc_usb.dir/Core/Src/stm32f3xx_it.c.obj
                0x08001e00                HardFault_Handler
 .text.MemManage_Handler
                0x08001e08        0x8 CMakeFiles/adc_usb.dir/Core/Src/stm32f3xx_it.c.obj
                0x08001e08                MemManage_Handler
 .text.BusFault_Handler
                0x08001e10        0x8 CMakeFiles/adc_usb.dir/Core/Src/stm32f3xx_it.c.obj
                0x08001e10                BusFault_Handler
 .text.UsageFault_Handler
                0x08001e18        0x8 CMakeFiles/adc_usb.dir/Core/Src/stm32f3xx_it.c.obj
                0x08001e18                UsageFault_Handler
 .text.SVC_Handler
                0x08001e20        0xe CMakeFiles/adc_usb.dir/Core/Src/stm32f3xx_it.c.obj
                0x08001e20                SVC_Handler
 .text.DebugMon_Handler
                0x08001e2e        0xe CMakeFiles/adc_usb.dir/Core/Src/stm32f3xx_it.c.obj
                0x08001e2e                DebugMon_Handler
 .text.PendSV_Handler
                0x08001e3c        0xe CMakeFiles/adc_usb.dir/Core/Src/stm32f3xx_it.c.obj
                0x08001e3c                PendSV_Handler
 .text.SysTick_Handler
                0x08001e4a        0xc CMakeFiles/adc_usb.dir/Core/Src/stm32f3xx_it.c.obj
                0x08001e4a                SysTick_Handler
 *fill*         0x08001e56        0x2 
 .text.USB_LP_CAN_RX0_IRQHandler
                0x08001e58       0x14 CMakeFiles/adc_usb.dir/Core/Src/stm32f3xx_it.c.obj
                0x08001e58                USB_LP_CAN_RX0_IRQHandler
 .text.HAL_MspInit
                0x08001e6c       0x48 CMakeFiles/adc_usb.dir/Core/Src/stm32f3xx_hal_msp.c.obj
                0x08001e6c                HAL_MspInit
 .text.HAL_ADC_MspInit
                0x08001eb4       0x80 CMakeFiles/adc_usb.dir/Core/Src/stm32f3xx_hal_msp.c.obj
                0x08001eb4                HAL_ADC_MspInit
 .text._write   0x08001f34       0x22 CMakeFiles/adc_usb.dir/USB_DEVICE/App/usb_device.c.obj
                0x08001f34                _write
 *fill*         0x08001f56        0x2 
 .text.MX_USB_DEVICE_Init
                0x08001f58       0x60 CMakeFiles/adc_usb.dir/USB_DEVICE/App/usb_device.c.obj
                0x08001f58                MX_USB_DEVICE_Init
 .text.USBD_FS_DeviceDescriptor
                0x08001fb8       0x24 CMakeFiles/adc_usb.dir/USB_DEVICE/App/usbd_desc.c.obj
                0x08001fb8                USBD_FS_DeviceDescriptor
 .text.USBD_FS_LangIDStrDescriptor
                0x08001fdc       0x24 CMakeFiles/adc_usb.dir/USB_DEVICE/App/usbd_desc.c.obj
                0x08001fdc                USBD_FS_LangIDStrDescriptor
 .text.USBD_FS_ProductStrDescriptor
                0x08002000       0x3c CMakeFiles/adc_usb.dir/USB_DEVICE/App/usbd_desc.c.obj
                0x08002000                USBD_FS_ProductStrDescriptor
 .text.USBD_FS_ManufacturerStrDescriptor
                0x0800203c       0x28 CMakeFiles/adc_usb.dir/USB_DEVICE/App/usbd_desc.c.obj
                0x0800203c                USBD_FS_ManufacturerStrDescriptor
 .text.USBD_FS_SerialStrDescriptor
                0x08002064       0x24 CMakeFiles/adc_usb.dir/USB_DEVICE/App/usbd_desc.c.obj
                0x08002064                USBD_FS_SerialStrDescriptor
 .text.USBD_FS_ConfigStrDescriptor
                0x08002088       0x3c CMakeFiles/adc_usb.dir/USB_DEVICE/App/usbd_desc.c.obj
                0x08002088                USBD_FS_ConfigStrDescriptor
 .text.USBD_FS_InterfaceStrDescriptor
                0x080020c4       0x3c CMakeFiles/adc_usb.dir/USB_DEVICE/App/usbd_desc.c.obj
                0x080020c4                USBD_FS_InterfaceStrDescriptor
 .text.Get_SerialNum
                0x08002100       0x58 CMakeFiles/adc_usb.dir/USB_DEVICE/App/usbd_desc.c.obj
 .text.IntToUnicode
                0x08002158       0x7e CMakeFiles/adc_usb.dir/USB_DEVICE/App/usbd_desc.c.obj
 *fill*         0x080021d6        0x2 
 .text.CDC_Init_FS
                0x080021d8       0x28 CMakeFiles/adc_usb.dir/USB_DEVICE/App/usbd_cdc_if.c.obj
 .text.CDC_DeInit_FS
                0x08002200       0x10 CMakeFiles/adc_usb.dir/USB_DEVICE/App/usbd_cdc_if.c.obj
 .text.CDC_Control_FS
                0x08002210       0xbc CMakeFiles/adc_usb.dir/USB_DEVICE/App/usbd_cdc_if.c.obj
 .text.CDC_Receive_FS
                0x080022cc       0x28 CMakeFiles/adc_usb.dir/USB_DEVICE/App/usbd_cdc_if.c.obj
 .text.CDC_Transmit_FS
                0x080022f4       0x4c CMakeFiles/adc_usb.dir/USB_DEVICE/App/usbd_cdc_if.c.obj
                0x080022f4                CDC_Transmit_FS
 .text.HAL_PCD_MspInit
                0x08002340       0x98 CMakeFiles/adc_usb.dir/USB_DEVICE/Target/usbd_conf.c.obj
                0x08002340                HAL_PCD_MspInit
 .text.HAL_PCD_SetupStageCallback
                0x080023d8       0x24 CMakeFiles/adc_usb.dir/USB_DEVICE/Target/usbd_conf.c.obj
                0x080023d8                HAL_PCD_SetupStageCallback
 .text.HAL_PCD_DataOutStageCallback
                0x080023fc       0x36 CMakeFiles/adc_usb.dir/USB_DEVICE/Target/usbd_conf.c.obj
                0x080023fc                HAL_PCD_DataOutStageCallback
 .text.HAL_PCD_DataInStageCallback
                0x08002432       0x34 CMakeFiles/adc_usb.dir/USB_DEVICE/Target/usbd_conf.c.obj
                0x08002432                HAL_PCD_DataInStageCallback
 .text.HAL_PCD_SOFCallback
                0x08002466       0x1c CMakeFiles/adc_usb.dir/USB_DEVICE/Target/usbd_conf.c.obj
                0x08002466                HAL_PCD_SOFCallback
 .text.HAL_PCD_ResetCallback
                0x08002482       0x3c CMakeFiles/adc_usb.dir/USB_DEVICE/Target/usbd_conf.c.obj
                0x08002482                HAL_PCD_ResetCallback
 *fill*         0x080024be        0x2 
 .text.HAL_PCD_SuspendCallback
                0x080024c0       0x34 CMakeFiles/adc_usb.dir/USB_DEVICE/Target/usbd_conf.c.obj
                0x080024c0                HAL_PCD_SuspendCallback
 .text.HAL_PCD_ResumeCallback
                0x080024f4       0x1c CMakeFiles/adc_usb.dir/USB_DEVICE/Target/usbd_conf.c.obj
                0x080024f4                HAL_PCD_ResumeCallback
 .text.USBD_LL_Init
                0x08002510       0xb4 CMakeFiles/adc_usb.dir/USB_DEVICE/Target/usbd_conf.c.obj
                0x08002510                USBD_LL_Init
 .text.USBD_LL_Start
                0x080025c4       0x36 CMakeFiles/adc_usb.dir/USB_DEVICE/Target/usbd_conf.c.obj
                0x080025c4                USBD_LL_Start
 .text.USBD_LL_OpenEP
                0x080025fa       0x4c CMakeFiles/adc_usb.dir/USB_DEVICE/Target/usbd_conf.c.obj
                0x080025fa                USBD_LL_OpenEP
 .text.USBD_LL_CloseEP
                0x08002646       0x3e CMakeFiles/adc_usb.dir/USB_DEVICE/Target/usbd_conf.c.obj
                0x08002646                USBD_LL_CloseEP
 .text.USBD_LL_StallEP
                0x08002684       0x3e CMakeFiles/adc_usb.dir/USB_DEVICE/Target/usbd_conf.c.obj
                0x08002684                USBD_LL_StallEP
 .text.USBD_LL_ClearStallEP
                0x080026c2       0x3e CMakeFiles/adc_usb.dir/USB_DEVICE/Target/usbd_conf.c.obj
                0x080026c2                USBD_LL_ClearStallEP
 .text.USBD_LL_IsStallEP
                0x08002700       0x58 CMakeFiles/adc_usb.dir/USB_DEVICE/Target/usbd_conf.c.obj
                0x08002700                USBD_LL_IsStallEP
 .text.USBD_LL_SetUSBAddress
                0x08002758       0x3e CMakeFiles/adc_usb.dir/USB_DEVICE/Target/usbd_conf.c.obj
                0x08002758                USBD_LL_SetUSBAddress
 .text.USBD_LL_Transmit
                0x08002796       0x46 CMakeFiles/adc_usb.dir/USB_DEVICE/Target/usbd_conf.c.obj
                0x08002796                USBD_LL_Transmit
 .text.USBD_LL_PrepareReceive
                0x080027dc       0x46 CMakeFiles/adc_usb.dir/USB_DEVICE/Target/usbd_conf.c.obj
                0x080027dc                USBD_LL_PrepareReceive
 .text.USBD_LL_GetRxDataSize
                0x08002822       0x26 CMakeFiles/adc_usb.dir/USB_DEVICE/Target/usbd_conf.c.obj
                0x08002822                USBD_LL_GetRxDataSize
 .text.USBD_static_malloc
                0x08002848       0x1c CMakeFiles/adc_usb.dir/USB_DEVICE/Target/usbd_conf.c.obj
                0x08002848                USBD_static_malloc
 .text.USBD_static_free
                0x08002864       0x14 CMakeFiles/adc_usb.dir/USB_DEVICE/Target/usbd_conf.c.obj
                0x08002864                USBD_static_free
 .text.HAL_PCDEx_SetConnectionState
                0x08002878       0x18 CMakeFiles/adc_usb.dir/USB_DEVICE/Target/usbd_conf.c.obj
                0x08002878                HAL_PCDEx_SetConnectionState
 .text.USBD_Get_USB_Status
                0x08002890       0x58 CMakeFiles/adc_usb.dir/USB_DEVICE/Target/usbd_conf.c.obj
 .text.USB_EnableGlobalInt
                0x080028e8       0x2e CMakeFiles/adc_usb.dir/Drivers/STM32F3xx_HAL_Driver/Src/stm32f3xx_ll_usb.c.obj
                0x080028e8                USB_EnableGlobalInt
 .text.USB_DisableGlobalInt
                0x08002916       0x36 CMakeFiles/adc_usb.dir/Drivers/STM32F3xx_HAL_Driver/Src/stm32f3xx_ll_usb.c.obj
                0x08002916                USB_DisableGlobalInt
 .text.USB_DevInit
                0x0800294c       0x3c CMakeFiles/adc_usb.dir/Drivers/STM32F3xx_HAL_Driver/Src/stm32f3xx_ll_usb.c.obj
                0x0800294c                USB_DevInit
 .text.USB_ActivateEndpoint
                0x08002988      0x788 CMakeFiles/adc_usb.dir/Drivers/STM32F3xx_HAL_Driver/Src/stm32f3xx_ll_usb.c.obj
                0x08002988                USB_ActivateEndpoint
 .text.USB_DeactivateEndpoint
                0x08003110      0x3da CMakeFiles/adc_usb.dir/Drivers/STM32F3xx_HAL_Driver/Src/stm32f3xx_ll_usb.c.obj
                0x08003110                USB_DeactivateEndpoint
 .text.USB_EPStartXfer
                0x080034ea     0x1764 CMakeFiles/adc_usb.dir/Drivers/STM32F3xx_HAL_Driver/Src/stm32f3xx_ll_usb.c.obj
                0x080034ea                USB_EPStartXfer
 .text.USB_EPSetStall
                0x08004c4e       0xa2 CMakeFiles/adc_usb.dir/Drivers/STM32F3xx_HAL_Driver/Src/stm32f3xx_ll_usb.c.obj
                0x08004c4e                USB_EPSetStall
 .text.USB_EPClearStall
                0x08004cf0      0x15c CMakeFiles/adc_usb.dir/Drivers/STM32F3xx_HAL_Driver/Src/stm32f3xx_ll_usb.c.obj
                0x08004cf0                USB_EPClearStall
 .text.USB_SetDevAddress
                0x08004e4c       0x28 CMakeFiles/adc_usb.dir/Drivers/STM32F3xx_HAL_Driver/Src/stm32f3xx_ll_usb.c.obj
                0x08004e4c                USB_SetDevAddress
 .text.USB_DevConnect
                0x08004e74       0x16 CMakeFiles/adc_usb.dir/Drivers/STM32F3xx_HAL_Driver/Src/stm32f3xx_ll_usb.c.obj
                0x08004e74                USB_DevConnect
 .text.USB_ReadInterrupts
                0x08004e8a       0x20 CMakeFiles/adc_usb.dir/Drivers/STM32F3xx_HAL_Driver/Src/stm32f3xx_ll_usb.c.obj
                0x08004e8a                USB_ReadInterrupts
 .text.USB_WritePMA
                0x08004eaa       0x8e CMakeFiles/adc_usb.dir/Drivers/STM32F3xx_HAL_Driver/Src/stm32f3xx_ll_usb.c.obj
                0x08004eaa                USB_WritePMA
 .text.USB_ReadPMA
                0x08004f38       0xa0 CMakeFiles/adc_usb.dir/Drivers/STM32F3xx_HAL_Driver/Src/stm32f3xx_ll_usb.c.obj
                0x08004f38                USB_ReadPMA
 .text.HAL_PCD_Init
                0x08004fd8      0x18e CMakeFiles/adc_usb.dir/Drivers/STM32F3xx_HAL_Driver/Src/stm32f3xx_hal_pcd.c.obj
                0x08004fd8                HAL_PCD_Init
 .text.HAL_PCD_Start
                0x08005166       0x4c CMakeFiles/adc_usb.dir/Drivers/STM32F3xx_HAL_Driver/Src/stm32f3xx_hal_pcd.c.obj
                0x08005166                HAL_PCD_Start
 .text.HAL_PCD_IRQHandler
                0x080051b2      0x1a8 CMakeFiles/adc_usb.dir/Drivers/STM32F3xx_HAL_Driver/Src/stm32f3xx_hal_pcd.c.obj
                0x080051b2                HAL_PCD_IRQHandler
 .text.HAL_PCD_SetAddress
                0x0800535a       0x48 CMakeFiles/adc_usb.dir/Drivers/STM32F3xx_HAL_Driver/Src/stm32f3xx_hal_pcd.c.obj
                0x0800535a                HAL_PCD_SetAddress
 .text.HAL_PCD_EP_Open
                0x080053a2       0xba CMakeFiles/adc_usb.dir/Drivers/STM32F3xx_HAL_Driver/Src/stm32f3xx_hal_pcd.c.obj
                0x080053a2                HAL_PCD_EP_Open
 .text.HAL_PCD_EP_Close
                0x0800545c       0x90 CMakeFiles/adc_usb.dir/Drivers/STM32F3xx_HAL_Driver/Src/stm32f3xx_hal_pcd.c.obj
                0x0800545c                HAL_PCD_EP_Close
 .text.HAL_PCD_EP_Receive
                0x080054ec       0x62 CMakeFiles/adc_usb.dir/Drivers/STM32F3xx_HAL_Driver/Src/stm32f3xx_hal_pcd.c.obj
                0x080054ec                HAL_PCD_EP_Receive
 .text.HAL_PCD_EP_GetRxCount
                0x0800554e       0x30 CMakeFiles/adc_usb.dir/Drivers/STM32F3xx_HAL_Driver/Src/stm32f3xx_hal_pcd.c.obj
                0x0800554e                HAL_PCD_EP_GetRxCount
 .text.HAL_PCD_EP_Transmit
                0x0800557e       0x6e CMakeFiles/adc_usb.dir/Drivers/STM32F3xx_HAL_Driver/Src/stm32f3xx_hal_pcd.c.obj
                0x0800557e                HAL_PCD_EP_Transmit
 .text.HAL_PCD_EP_SetStall
                0x080055ec       0xa4 CMakeFiles/adc_usb.dir/Drivers/STM32F3xx_HAL_Driver/Src/stm32f3xx_hal_pcd.c.obj
                0x080055ec                HAL_PCD_EP_SetStall
 .text.HAL_PCD_EP_ClrStall
                0x08005690       0xa8 CMakeFiles/adc_usb.dir/Drivers/STM32F3xx_HAL_Driver/Src/stm32f3xx_hal_pcd.c.obj
                0x08005690                HAL_PCD_EP_ClrStall
 .text.PCD_EP_ISR_Handler
                0x08005738      0x79e CMakeFiles/adc_usb.dir/Drivers/STM32F3xx_HAL_Driver/Src/stm32f3xx_hal_pcd.c.obj
 .text.HAL_PCD_EP_DB_Receive
                0x08005ed6      0x21a CMakeFiles/adc_usb.dir/Drivers/STM32F3xx_HAL_Driver/Src/stm32f3xx_hal_pcd.c.obj
 .text.HAL_PCD_EP_DB_Transmit
                0x080060f0      0x7f4 CMakeFiles/adc_usb.dir/Drivers/STM32F3xx_HAL_Driver/Src/stm32f3xx_hal_pcd.c.obj
 .text.HAL_PCDEx_PMAConfig
                0x080068e4       0x86 CMakeFiles/adc_usb.dir/Drivers/STM32F3xx_HAL_Driver/Src/stm32f3xx_hal_pcd_ex.c.obj
                0x080068e4                HAL_PCDEx_PMAConfig
 *fill*         0x0800696a        0x2 
 .text.HAL_Init
                0x0800696c       0x2c CMakeFiles/adc_usb.dir/Drivers/STM32F3xx_HAL_Driver/Src/stm32f3xx_hal.c.obj
                0x0800696c                HAL_Init
 .text.HAL_InitTick
                0x08006998       0x60 CMakeFiles/adc_usb.dir/Drivers/STM32F3xx_HAL_Driver/Src/stm32f3xx_hal.c.obj
                0x08006998                HAL_InitTick
 .text.HAL_IncTick
                0x080069f8       0x28 CMakeFiles/adc_usb.dir/Drivers/STM32F3xx_HAL_Driver/Src/stm32f3xx_hal.c.obj
                0x080069f8                HAL_IncTick
 .text.HAL_GetTick
                0x08006a20       0x18 CMakeFiles/adc_usb.dir/Drivers/STM32F3xx_HAL_Driver/Src/stm32f3xx_hal.c.obj
                0x08006a20                HAL_GetTick
 .text.HAL_Delay
                0x08006a38       0x48 CMakeFiles/adc_usb.dir/Drivers/STM32F3xx_HAL_Driver/Src/stm32f3xx_hal.c.obj
                0x08006a38                HAL_Delay
 .text.HAL_RCC_OscConfig
                0x08006a80     0x101c CMakeFiles/adc_usb.dir/Drivers/STM32F3xx_HAL_Driver/Src/stm32f3xx_hal_rcc.c.obj
                0x08006a80                HAL_RCC_OscConfig
 .text.HAL_RCC_ClockConfig
                0x08007a9c      0x2dc CMakeFiles/adc_usb.dir/Drivers/STM32F3xx_HAL_Driver/Src/stm32f3xx_hal_rcc.c.obj
                0x08007a9c                HAL_RCC_ClockConfig
 .text.HAL_RCC_GetSysClockFreq
                0x08007d78       0xa8 CMakeFiles/adc_usb.dir/Drivers/STM32F3xx_HAL_Driver/Src/stm32f3xx_hal_rcc.c.obj
                0x08007d78                HAL_RCC_GetSysClockFreq
 .text.HAL_RCCEx_PeriphCLKConfig
                0x08007e20      0x35c CMakeFiles/adc_usb.dir/Drivers/STM32F3xx_HAL_Driver/Src/stm32f3xx_hal_rcc_ex.c.obj
                0x08007e20                HAL_RCCEx_PeriphCLKConfig
 .text.HAL_GPIO_Init
                0x0800817c      0x2f4 CMakeFiles/adc_usb.dir/Drivers/STM32F3xx_HAL_Driver/Src/stm32f3xx_hal_gpio.c.obj
                0x0800817c                HAL_GPIO_Init
 .text.HAL_GPIO_WritePin
                0x08008470       0x30 CMakeFiles/adc_usb.dir/Drivers/STM32F3xx_HAL_Driver/Src/stm32f3xx_hal_gpio.c.obj
                0x08008470                HAL_GPIO_WritePin
 .text.__NVIC_SetPriorityGrouping
                0x080084a0       0x48 CMakeFiles/adc_usb.dir/Drivers/STM32F3xx_HAL_Driver/Src/stm32f3xx_hal_cortex.c.obj
 .text.__NVIC_GetPriorityGrouping
                0x080084e8       0x1c CMakeFiles/adc_usb.dir/Drivers/STM32F3xx_HAL_Driver/Src/stm32f3xx_hal_cortex.c.obj
 .text.__NVIC_EnableIRQ
                0x08008504       0x3c CMakeFiles/adc_usb.dir/Drivers/STM32F3xx_HAL_Driver/Src/stm32f3xx_hal_cortex.c.obj
 .text.__NVIC_SetPriority
                0x08008540       0x54 CMakeFiles/adc_usb.dir/Drivers/STM32F3xx_HAL_Driver/Src/stm32f3xx_hal_cortex.c.obj
 .text.NVIC_EncodePriority
                0x08008594       0x66 CMakeFiles/adc_usb.dir/Drivers/STM32F3xx_HAL_Driver/Src/stm32f3xx_hal_cortex.c.obj
 *fill*         0x080085fa        0x2 
 .text.SysTick_Config
                0x080085fc       0x44 CMakeFiles/adc_usb.dir/Drivers/STM32F3xx_HAL_Driver/Src/stm32f3xx_hal_cortex.c.obj
 .text.HAL_NVIC_SetPriorityGrouping
                0x08008640       0x16 CMakeFiles/adc_usb.dir/Drivers/STM32F3xx_HAL_Driver/Src/stm32f3xx_hal_cortex.c.obj
                0x08008640                HAL_NVIC_SetPriorityGrouping
 .text.HAL_NVIC_SetPriority
                0x08008656       0x38 CMakeFiles/adc_usb.dir/Drivers/STM32F3xx_HAL_Driver/Src/stm32f3xx_hal_cortex.c.obj
                0x08008656                HAL_NVIC_SetPriority
 .text.HAL_NVIC_EnableIRQ
                0x0800868e       0x1c CMakeFiles/adc_usb.dir/Drivers/STM32F3xx_HAL_Driver/Src/stm32f3xx_hal_cortex.c.obj
                0x0800868e                HAL_NVIC_EnableIRQ
 .text.HAL_SYSTICK_Config
                0x080086aa       0x18 CMakeFiles/adc_usb.dir/Drivers/STM32F3xx_HAL_Driver/Src/stm32f3xx_hal_cortex.c.obj
                0x080086aa                HAL_SYSTICK_Config
 *fill*         0x080086c2        0x2 
 .text.HAL_ADC_Init
                0x080086c4      0x3c0 CMakeFiles/adc_usb.dir/Drivers/STM32F3xx_HAL_Driver/Src/stm32f3xx_hal_adc_ex.c.obj
                0x080086c4                HAL_ADC_Init
 .text.HAL_ADC_Start
                0x08008a84      0x22c CMakeFiles/adc_usb.dir/Drivers/STM32F3xx_HAL_Driver/Src/stm32f3xx_hal_adc_ex.c.obj
                0x08008a84                HAL_ADC_Start
 .text.HAL_ADC_Stop
                0x08008cb0       0x6a CMakeFiles/adc_usb.dir/Drivers/STM32F3xx_HAL_Driver/Src/stm32f3xx_hal_adc_ex.c.obj
                0x08008cb0                HAL_ADC_Stop
 *fill*         0x08008d1a        0x2 
 .text.HAL_ADC_PollForConversion
                0x08008d1c      0x204 CMakeFiles/adc_usb.dir/Drivers/STM32F3xx_HAL_Driver/Src/stm32f3xx_hal_adc_ex.c.obj
                0x08008d1c                HAL_ADC_PollForConversion
 .text.HAL_ADC_GetValue
                0x08008f20       0x1a CMakeFiles/adc_usb.dir/Drivers/STM32F3xx_HAL_Driver/Src/stm32f3xx_hal_adc_ex.c.obj
                0x08008f20                HAL_ADC_GetValue
 *fill*         0x08008f3a        0x2 
 .text.HAL_ADC_ConfigChannel
                0x08008f3c      0x5d4 CMakeFiles/adc_usb.dir/Drivers/STM32F3xx_HAL_Driver/Src/stm32f3xx_hal_adc_ex.c.obj
                0x08008f3c                HAL_ADC_ConfigChannel
 .text.ADC_Enable
                0x08009510       0xc8 CMakeFiles/adc_usb.dir/Drivers/STM32F3xx_HAL_Driver/Src/stm32f3xx_hal_adc_ex.c.obj
 .text.ADC_Disable
                0x080095d8       0xcc CMakeFiles/adc_usb.dir/Drivers/STM32F3xx_HAL_Driver/Src/stm32f3xx_hal_adc_ex.c.obj
 .text.ADC_ConversionStop
                0x080096a4      0x16c CMakeFiles/adc_usb.dir/Drivers/STM32F3xx_HAL_Driver/Src/stm32f3xx_hal_adc_ex.c.obj
 .text.SystemInit
                0x08009810       0x24 CMakeFiles/adc_usb.dir/Core/Src/system_stm32f3xx.c.obj
                0x08009810                SystemInit
 .text.USBD_Init
                0x08009834       0x56 CMakeFiles/adc_usb.dir/Middlewares/ST/STM32_USB_Device_Library/Core/Src/usbd_core.c.obj
                0x08009834                USBD_Init
 .text.USBD_RegisterClass
                0x0800988a       0x34 CMakeFiles/adc_usb.dir/Middlewares/ST/STM32_USB_Device_Library/Core/Src/usbd_core.c.obj
                0x0800988a                USBD_RegisterClass
 .text.USBD_Start
                0x080098be       0x18 CMakeFiles/adc_usb.dir/Middlewares/ST/STM32_USB_Device_Library/Core/Src/usbd_core.c.obj
                0x080098be                USBD_Start
 .text.USBD_RunTestMode
                0x080098d6       0x16 CMakeFiles/adc_usb.dir/Middlewares/ST/STM32_USB_Device_Library/Core/Src/usbd_core.c.obj
                0x080098d6                USBD_RunTestMode
 .text.USBD_SetClassConfig
                0x080098ec       0x3e CMakeFiles/adc_usb.dir/Middlewares/ST/STM32_USB_Device_Library/Core/Src/usbd_core.c.obj
                0x080098ec                USBD_SetClassConfig
 .text.USBD_ClrClassConfig
                0x0800992a       0x26 CMakeFiles/adc_usb.dir/Middlewares/ST/STM32_USB_Device_Library/Core/Src/usbd_core.c.obj
                0x0800992a                USBD_ClrClassConfig
 .text.USBD_LL_SetupStage
                0x08009950       0x9a CMakeFiles/adc_usb.dir/Middlewares/ST/STM32_USB_Device_Library/Core/Src/usbd_core.c.obj
                0x08009950                USBD_LL_SetupStage
 .text.USBD_LL_DataOutStage
                0x080099ea       0xe2 CMakeFiles/adc_usb.dir/Middlewares/ST/STM32_USB_Device_Library/Core/Src/usbd_core.c.obj
                0x080099ea                USBD_LL_DataOutStage
 .text.USBD_LL_DataInStage
                0x08009acc      0x14a CMakeFiles/adc_usb.dir/Middlewares/ST/STM32_USB_Device_Library/Core/Src/usbd_core.c.obj
                0x08009acc                USBD_LL_DataInStage
 .text.USBD_LL_Reset
                0x08009c16       0x82 CMakeFiles/adc_usb.dir/Middlewares/ST/STM32_USB_Device_Library/Core/Src/usbd_core.c.obj
                0x08009c16                USBD_LL_Reset
 .text.USBD_LL_SetSpeed
                0x08009c98       0x20 CMakeFiles/adc_usb.dir/Middlewares/ST/STM32_USB_Device_Library/Core/Src/usbd_core.c.obj
                0x08009c98                USBD_LL_SetSpeed
 .text.USBD_LL_Suspend
                0x08009cb8       0x2a CMakeFiles/adc_usb.dir/Middlewares/ST/STM32_USB_Device_Library/Core/Src/usbd_core.c.obj
                0x08009cb8                USBD_LL_Suspend
 .text.USBD_LL_Resume
                0x08009ce2       0x2c CMakeFiles/adc_usb.dir/Middlewares/ST/STM32_USB_Device_Library/Core/Src/usbd_core.c.obj
                0x08009ce2                USBD_LL_Resume
 .text.USBD_LL_SOF
                0x08009d0e       0x34 CMakeFiles/adc_usb.dir/Middlewares/ST/STM32_USB_Device_Library/Core/Src/usbd_core.c.obj
                0x08009d0e                USBD_LL_SOF
 *fill*         0x08009d42        0x2 
 .text.USBD_StdDevReq
                0x08009d44       0xd4 CMakeFiles/adc_usb.dir/Middlewares/ST/STM32_USB_Device_Library/Core/Src/usbd_ctlreq.c.obj
                0x08009d44                USBD_StdDevReq
 .text.USBD_StdItfReq
                0x08009e18       0x90 CMakeFiles/adc_usb.dir/Middlewares/ST/STM32_USB_Device_Library/Core/Src/usbd_ctlreq.c.obj
                0x08009e18                USBD_StdItfReq
 .text.USBD_StdEPReq
                0x08009ea8      0x2c6 CMakeFiles/adc_usb.dir/Middlewares/ST/STM32_USB_Device_Library/Core/Src/usbd_ctlreq.c.obj
                0x08009ea8                USBD_StdEPReq
 *fill*         0x0800a16e        0x2 
 .text.USBD_GetDescriptor
                0x0800a170      0x2d0 CMakeFiles/adc_usb.dir/Middlewares/ST/STM32_USB_Device_Library/Core/Src/usbd_ctlreq.c.obj
 .text.USBD_SetAddress
                0x0800a440       0x86 CMakeFiles/adc_usb.dir/Middlewares/ST/STM32_USB_Device_Library/Core/Src/usbd_ctlreq.c.obj
 *fill*         0x0800a4c6        0x2 
 .text.USBD_SetConfig
                0x0800a4c8      0x11c CMakeFiles/adc_usb.dir/Middlewares/ST/STM32_USB_Device_Library/Core/Src/usbd_ctlreq.c.obj
 .text.USBD_GetConfig
                0x0800a5e4       0x6a CMakeFiles/adc_usb.dir/Middlewares/ST/STM32_USB_Device_Library/Core/Src/usbd_ctlreq.c.obj
 .text.USBD_GetStatus
                0x0800a64e       0x66 CMakeFiles/adc_usb.dir/Middlewares/ST/STM32_USB_Device_Library/Core/Src/usbd_ctlreq.c.obj
 .text.USBD_SetFeature
                0x0800a6b4       0x28 CMakeFiles/adc_usb.dir/Middlewares/ST/STM32_USB_Device_Library/Core/Src/usbd_ctlreq.c.obj
 .text.USBD_ClrFeature
                0x0800a6dc       0x42 CMakeFiles/adc_usb.dir/Middlewares/ST/STM32_USB_Device_Library/Core/Src/usbd_ctlreq.c.obj
 .text.USBD_ParseSetupRequest
                0x0800a71e       0x74 CMakeFiles/adc_usb.dir/Middlewares/ST/STM32_USB_Device_Library/Core/Src/usbd_ctlreq.c.obj
                0x0800a71e                USBD_ParseSetupRequest
 .text.USBD_CtlError
                0x0800a792       0x22 CMakeFiles/adc_usb.dir/Middlewares/ST/STM32_USB_Device_Library/Core/Src/usbd_ctlreq.c.obj
                0x0800a792                USBD_CtlError
 .text.USBD_GetString
                0x0800a7b4       0x84 CMakeFiles/adc_usb.dir/Middlewares/ST/STM32_USB_Device_Library/Core/Src/usbd_ctlreq.c.obj
                0x0800a7b4                USBD_GetString
 .text.USBD_GetLen
                0x0800a838       0x30 CMakeFiles/adc_usb.dir/Middlewares/ST/STM32_USB_Device_Library/Core/Src/usbd_ctlreq.c.obj
 .text.USBD_CtlSendData
                0x0800a868       0x38 CMakeFiles/adc_usb.dir/Middlewares/ST/STM32_USB_Device_Library/Core/Src/usbd_ioreq.c.obj
                0x0800a868                USBD_CtlSendData
 .text.USBD_CtlContinueSendData
                0x0800a8a0       0x24 CMakeFiles/adc_usb.dir/Middlewares/ST/STM32_USB_Device_Library/Core/Src/usbd_ioreq.c.obj
                0x0800a8a0                USBD_CtlContinueSendData
 .text.USBD_CtlPrepareRx
                0x0800a8c4       0x3c CMakeFiles/adc_usb.dir/Middlewares/ST/STM32_USB_Device_Library/Core/Src/usbd_ioreq.c.obj
                0x0800a8c4                USBD_CtlPrepareRx
 .text.USBD_CtlContinueRx
                0x0800a900       0x24 CMakeFiles/adc_usb.dir/Middlewares/ST/STM32_USB_Device_Library/Core/Src/usbd_ioreq.c.obj
                0x0800a900                USBD_CtlContinueRx
 .text.USBD_CtlSendStatus
                0x0800a924       0x26 CMakeFiles/adc_usb.dir/Middlewares/ST/STM32_USB_Device_Library/Core/Src/usbd_ioreq.c.obj
                0x0800a924                USBD_CtlSendStatus
 .text.USBD_CtlReceiveStatus
                0x0800a94a       0x26 CMakeFiles/adc_usb.dir/Middlewares/ST/STM32_USB_Device_Library/Core/Src/usbd_ioreq.c.obj
                0x0800a94a                USBD_CtlReceiveStatus
 .text.USBD_CDC_Init
                0x0800a970       0xf4 CMakeFiles/adc_usb.dir/Middlewares/ST/STM32_USB_Device_Library/Class/CDC/Src/usbd_cdc.c.obj
 .text.USBD_CDC_DeInit
                0x0800aa64       0x6e CMakeFiles/adc_usb.dir/Middlewares/ST/STM32_USB_Device_Library/Class/CDC/Src/usbd_cdc.c.obj
 .text.USBD_CDC_Setup
                0x0800aad2      0x146 CMakeFiles/adc_usb.dir/Middlewares/ST/STM32_USB_Device_Library/Class/CDC/Src/usbd_cdc.c.obj
 .text.USBD_CDC_DataIn
                0x0800ac18       0xa6 CMakeFiles/adc_usb.dir/Middlewares/ST/STM32_USB_Device_Library/Class/CDC/Src/usbd_cdc.c.obj
 .text.USBD_CDC_DataOut
                0x0800acbe       0x56 CMakeFiles/adc_usb.dir/Middlewares/ST/STM32_USB_Device_Library/Class/CDC/Src/usbd_cdc.c.obj
 .text.USBD_CDC_EP0_RxReady
                0x0800ad14       0x4e CMakeFiles/adc_usb.dir/Middlewares/ST/STM32_USB_Device_Library/Class/CDC/Src/usbd_cdc.c.obj
 *fill*         0x0800ad62        0x2 
 .text.USBD_CDC_GetFSCfgDesc
                0x0800ad64       0x20 CMakeFiles/adc_usb.dir/Middlewares/ST/STM32_USB_Device_Library/Class/CDC/Src/usbd_cdc.c.obj
 .text.USBD_CDC_GetHSCfgDesc
                0x0800ad84       0x20 CMakeFiles/adc_usb.dir/Middlewares/ST/STM32_USB_Device_Library/Class/CDC/Src/usbd_cdc.c.obj
 .text.USBD_CDC_GetOtherSpeedCfgDesc
                0x0800ada4       0x20 CMakeFiles/adc_usb.dir/Middlewares/ST/STM32_USB_Device_Library/Class/CDC/Src/usbd_cdc.c.obj
 .text.USBD_CDC_GetDeviceQualifierDescriptor
                0x0800adc4       0x20 CMakeFiles/adc_usb.dir/Middlewares/ST/STM32_USB_Device_Library/Class/CDC/Src/usbd_cdc.c.obj
                0x0800adc4                USBD_CDC_GetDeviceQualifierDescriptor
 .text.USBD_CDC_RegisterInterface
                0x0800ade4       0x2e CMakeFiles/adc_usb.dir/Middlewares/ST/STM32_USB_Device_Library/Class/CDC/Src/usbd_cdc.c.obj
                0x0800ade4                USBD_CDC_RegisterInterface
 .text.USBD_CDC_SetTxBuffer
                0x0800ae12       0x34 CMakeFiles/adc_usb.dir/Middlewares/ST/STM32_USB_Device_Library/Class/CDC/Src/usbd_cdc.c.obj
                0x0800ae12                USBD_CDC_SetTxBuffer
 .text.USBD_CDC_SetRxBuffer
                0x0800ae46       0x28 CMakeFiles/adc_usb.dir/Middlewares/ST/STM32_USB_Device_Library/Class/CDC/Src/usbd_cdc.c.obj
                0x0800ae46                USBD_CDC_SetRxBuffer
 .text.USBD_CDC_TransmitPacket
                0x0800ae6e       0x5e CMakeFiles/adc_usb.dir/Middlewares/ST/STM32_USB_Device_Library/Class/CDC/Src/usbd_cdc.c.obj
                0x0800ae6e                USBD_CDC_TransmitPacket
 .text.USBD_CDC_ReceivePacket
                0x0800aecc       0x54 CMakeFiles/adc_usb.dir/Middlewares/ST/STM32_USB_Device_Library/Class/CDC/Src/usbd_cdc.c.obj
                0x0800aecc                USBD_CDC_ReceivePacket
 .text._sbrk    0x0800af20       0x6c CMakeFiles/adc_usb.dir/Core/Src/sysmem.c.obj
                0x0800af20                _sbrk
 .text._read    0x0800af8c       0x3a CMakeFiles/adc_usb.dir/Core/Src/syscalls.c.obj
                0x0800af8c                _read
 .text._close   0x0800afc6       0x18 CMakeFiles/adc_usb.dir/Core/Src/syscalls.c.obj
                0x0800afc6                _close
 .text._fstat   0x0800afde       0x20 CMakeFiles/adc_usb.dir/Core/Src/syscalls.c.obj
                0x0800afde                _fstat
 .text._isatty  0x0800affe       0x16 CMakeFiles/adc_usb.dir/Core/Src/syscalls.c.obj
                0x0800affe                _isatty
 .text._lseek   0x0800b014       0x1a CMakeFiles/adc_usb.dir/Core/Src/syscalls.c.obj
                0x0800b014                _lseek
 *fill*         0x0800b02e        0x2 
 .text.Reset_Handler
                0x0800b030       0x50 CMakeFiles/adc_usb.dir/startup_stm32f303xc.s.obj
                0x0800b030                Reset_Handler
 .text.Default_Handler
                0x0800b080        0x2 CMakeFiles/adc_usb.dir/startup_stm32f303xc.s.obj
                0x0800b080                RTC_Alarm_IRQHandler
                0x0800b080                TIM8_TRG_COM_IRQHandler
                0x0800b080                TIM8_CC_IRQHandler
                0x0800b080                TIM1_CC_IRQHandler
                0x0800b080                USB_HP_IRQHandler
                0x0800b080                PVD_IRQHandler
                0x0800b080                TAMP_STAMP_IRQHandler
                0x0800b080                EXTI3_IRQHandler
                0x0800b080                USB_HP_CAN_TX_IRQHandler
                0x0800b080                EXTI0_IRQHandler
                0x0800b080                I2C2_EV_IRQHandler
                0x0800b080                FPU_IRQHandler
                0x0800b080                TIM1_UP_TIM16_IRQHandler
                0x0800b080                ADC1_2_IRQHandler
                0x0800b080                SPI1_IRQHandler
                0x0800b080                CAN_SCE_IRQHandler
                0x0800b080                TIM6_DAC_IRQHandler
                0x0800b080                TIM8_UP_IRQHandler
                0x0800b080                DMA2_Channel2_IRQHandler
                0x0800b080                DMA1_Channel4_IRQHandler
                0x0800b080                USART3_IRQHandler
                0x0800b080                DMA1_Channel7_IRQHandler
                0x0800b080                UART5_IRQHandler
                0x0800b080                ADC3_IRQHandler
                0x0800b080                TIM4_IRQHandler
                0x0800b080                CAN_RX1_IRQHandler
                0x0800b080                DMA2_Channel1_IRQHandler
                0x0800b080                I2C1_EV_IRQHandler
                0x0800b080                DMA1_Channel6_IRQHandler
                0x0800b080                UART4_IRQHandler
                0x0800b080                DMA2_Channel4_IRQHandler
                0x0800b080                TIM3_IRQHandler
                0x0800b080                RCC_IRQHandler
                0x0800b080                DMA1_Channel1_IRQHandler
                0x0800b080                Default_Handler
                0x0800b080                USBWakeUp_RMP_IRQHandler
                0x0800b080                EXTI15_10_IRQHandler
                0x0800b080                TIM7_IRQHandler
                0x0800b080                EXTI9_5_IRQHandler
                0x0800b080                RTC_WKUP_IRQHandler
                0x0800b080                SPI2_IRQHandler
                0x0800b080                DMA2_Channel5_IRQHandler
                0x0800b080                DMA1_Channel5_IRQHandler
                0x0800b080                USB_LP_IRQHandler
                0x0800b080                EXTI4_IRQHandler
                0x0800b080                TIM1_TRG_COM_TIM17_IRQHandler
                0x0800b080                DMA1_Channel3_IRQHandler
                0x0800b080                ADC4_IRQHandler
                0x0800b080                WWDG_IRQHandler
                0x0800b080                TIM2_IRQHandler
                0x0800b080                COMP7_IRQHandler
                0x0800b080                COMP1_2_3_IRQHandler
                0x0800b080                EXTI1_IRQHandler
                0x0800b080                USART2_IRQHandler
                0x0800b080                COMP4_5_6_IRQHandler
                0x0800b080                I2C2_ER_IRQHandler
                0x0800b080                DMA1_Channel2_IRQHandler
                0x0800b080                TIM8_BRK_IRQHandler
                0x0800b080                FLASH_IRQHandler
                0x0800b080                USART1_IRQHandler
                0x0800b080                SPI3_IRQHandler
                0x0800b080                I2C1_ER_IRQHandler
                0x0800b080                USBWakeUp_IRQHandler
                0x0800b080                DMA2_Channel3_IRQHandler
                0x0800b080                EXTI2_TSC_IRQHandler
                0x0800b080                TIM1_BRK_TIM15_IRQHandler
 *(.glue_7)
 .glue_7        0x0800b082        0x0 linker stubs
 *(.glue_7t)
 .glue_7t       0x0800b082        0x0 linker stubs
 *(.eh_frame)
 *fill*         0x0800b082        0x2 
 .eh_frame      0x0800b084        0x0 /usr/lib/gcc/arm-none-eabi/13.2.1/thumb/v7e-m+fp/hard/crtbegin.o
 *(.init)
 .init          0x0800b084        0x4 /usr/lib/gcc/arm-none-eabi/13.2.1/thumb/v7e-m+fp/hard/crti.o
                0x0800b084                _init
 .init          0x0800b088        0x8 /usr/lib/gcc/arm-none-eabi/13.2.1/thumb/v7e-m+fp/hard/crtn.o
 *(.fini)
 .fini          0x0800b090        0x4 /usr/lib/gcc/arm-none-eabi/13.2.1/thumb/v7e-m+fp/hard/crti.o
                0x0800b090                _fini
 .fini          0x0800b094        0x8 /usr/lib/gcc/arm-none-eabi/13.2.1/thumb/v7e-m+fp/hard/crtn.o
                0x0800b09c                        . = ALIGN (0x4)
                0x0800b09c                        _etext = .

.vfp11_veneer   0x0800b09c        0x0
 .vfp11_veneer  0x0800b09c        0x0 linker stubs

.v4_bx          0x0800b09c        0x0
 .v4_bx         0x0800b09c        0x0 linker stubs

.iplt           0x0800b09c        0x0
 .iplt          0x0800b09c        0x0 /usr/lib/gcc/arm-none-eabi/13.2.1/thumb/v7e-m+fp/hard/crtbegin.o

.rodata         0x0800b09c       0xf0
                0x0800b09c                        . = ALIGN (0x4)
 *(.rodata)
 .rodata        0x0800b09c       0x3c CMakeFiles/adc_usb.dir/Core/Src/main.c.obj
 .rodata        0x0800b0d8       0x46 CMakeFiles/adc_usb.dir/USB_DEVICE/App/usbd_desc.c.obj
 *(.rodata*)
 *fill*         0x0800b11e        0x2 
 .rodata.aPLLMULFactorTable
                0x0800b120       0x10 CMakeFiles/adc_usb.dir/Drivers/STM32F3xx_HAL_Driver/Src/stm32f3xx_hal_rcc.c.obj
 .rodata.aPredivFactorTable
                0x0800b130       0x10 CMakeFiles/adc_usb.dir/Drivers/STM32F3xx_HAL_Driver/Src/stm32f3xx_hal_rcc.c.obj
 .rodata.AHBPrescTable
                0x0800b140       0x10 CMakeFiles/adc_usb.dir/Core/Src/system_stm32f3xx.c.obj
                0x0800b140                AHBPrescTable
 .rodata.str1.4
                0x0800b150       0x39 /usr/lib/gcc/arm-none-eabi/13.2.1/../../../arm-none-eabi/lib/thumb/v7e-m+fp/hard/libg_nano.a(libc_a-nano-vfprintf.o)
                                 0x13 (size before relaxing)
 .rodata.str1.4
                0x0800b189       0x25 /usr/lib/gcc/arm-none-eabi/13.2.1/../../../arm-none-eabi/lib/thumb/v7e-m+fp/hard/libg_nano.a(libc_a-nano-vfprintf_i.o)
                0x0800b1b0                        . = ALIGN (0x4)
 *fill*         0x0800b189        0x3 

.ARM.extab
 *(.ARM.extab* .gnu.linkonce.armextab.*)

.ARM            0x0800b18c        0x8
                0x0800b18c                        __exidx_start = .
 *(.ARM.exidx*)
 .ARM.exidx     0x0800b18c        0x8 /usr/lib/gcc/arm-none-eabi/13.2.1/../../../arm-none-eabi/lib/thumb/v7e-m+fp/hard/libg_nano.a(libc_a-memchr.o)
 .ARM.exidx     0x0800b194        0x0 /usr/lib/gcc/arm-none-eabi/13.2.1/../../../arm-none-eabi/lib/thumb/v7e-m+fp/hard/libg_nano.a(libc_a-memcpy.o)
                                  0x8 (size before relaxing)
                0x0800b194                        __exidx_end = .

.rel.dyn        0x0800b194        0x0
 .rel.iplt      0x0800b194        0x0 /usr/lib/gcc/arm-none-eabi/13.2.1/thumb/v7e-m+fp/hard/crtbegin.o

.preinit_array  0x0800b194        0x0
                0x0800b194                        PROVIDE (__preinit_array_start = .)
 *(.preinit_array*)
                0x0800b194                        PROVIDE (__preinit_array_end = .)

.init_array     0x0800b194        0x4
                0x0800b194                        PROVIDE (__init_array_start = .)
 *(SORT_BY_NAME(.init_array.*))
 *(.init_array*)
 .init_array    0x0800b194        0x4 /usr/lib/gcc/arm-none-eabi/13.2.1/thumb/v7e-m+fp/hard/crtbegin.o
                0x0800b198                        PROVIDE (__init_array_end = .)

.fini_array     0x0800b198        0x4
                0x0800b198                        PROVIDE (__fini_array_start = .)
 *(SORT_BY_NAME(.fini_array.*))
 *(.fini_array*)
 .fini_array    0x0800b198        0x4 /usr/lib/gcc/arm-none-eabi/13.2.1/thumb/v7e-m+fp/hard/crtbegin.o
                0x0800b19c                        PROVIDE (__fini_array_end = .)
                0x0800b19c                        _sidata = LOADADDR (.data)

.data           0x20000000      0x1d8 load address 0x0800b19c
                0x20000000                        . = ALIGN (0x4)
                0x20000000                        _sdata = .
 *(.data)
 .data          0x20000000        0xc /usr/lib/gcc/arm-none-eabi/13.2.1/../../../arm-none-eabi/lib/thumb/v7e-m+fp/hard/libc_nano.a(libc_a-findfp.o)
                0x20000000                __sglue
 .data          0x2000000c       0x50 /usr/lib/gcc/arm-none-eabi/13.2.1/../../../arm-none-eabi/lib/thumb/v7e-m+fp/hard/libc_nano.a(libc_a-impure.o)
                0x2000000c                _impure_ptr
                0x20000010                _impure_data
 *(.data*)
 .data.FS_Desc  0x2000005c       0x1c CMakeFiles/adc_usb.dir/USB_DEVICE/App/usbd_desc.c.obj
                0x2000005c                FS_Desc
 .data.USBD_FS_DeviceDesc
                0x20000078       0x12 CMakeFiles/adc_usb.dir/USB_DEVICE/App/usbd_desc.c.obj
                0x20000078                USBD_FS_DeviceDesc
 *fill*         0x2000008a        0x2 
 .data.USBD_LangIDDesc
                0x2000008c        0x4 CMakeFiles/adc_usb.dir/USB_DEVICE/App/usbd_desc.c.obj
                0x2000008c                USBD_LangIDDesc
 .data.USBD_StringSerial
                0x20000090       0x1a CMakeFiles/adc_usb.dir/USB_DEVICE/App/usbd_desc.c.obj
                0x20000090                USBD_StringSerial
 *fill*         0x200000aa        0x2 
 .data.USBD_Interface_fops_FS
                0x200000ac       0x10 CMakeFiles/adc_usb.dir/USB_DEVICE/App/usbd_cdc_if.c.obj
                0x200000ac                USBD_Interface_fops_FS
 .data.uwTickPrio
                0x200000bc        0x4 CMakeFiles/adc_usb.dir/Drivers/STM32F3xx_HAL_Driver/Src/stm32f3xx_hal.c.obj
                0x200000bc                uwTickPrio
 .data.uwTickFreq
                0x200000c0        0x1 CMakeFiles/adc_usb.dir/Drivers/STM32F3xx_HAL_Driver/Src/stm32f3xx_hal.c.obj
                0x200000c0                uwTickFreq
 *fill*         0x200000c1        0x3 
 .data.SystemCoreClock
                0x200000c4        0x4 CMakeFiles/adc_usb.dir/Core/Src/system_stm32f3xx.c.obj
                0x200000c4                SystemCoreClock
 .data.USBD_CDC_DeviceQualifierDesc
                0x200000c8        0xa CMakeFiles/adc_usb.dir/Middlewares/ST/STM32_USB_Device_Library/Class/CDC/Src/usbd_cdc.c.obj
 *fill*         0x200000d2        0x2 
 .data.USBD_CDC
                0x200000d4       0x38 CMakeFiles/adc_usb.dir/Middlewares/ST/STM32_USB_Device_Library/Class/CDC/Src/usbd_cdc.c.obj
                0x200000d4                USBD_CDC
 .data.USBD_CDC_CfgHSDesc
                0x2000010c       0x43 CMakeFiles/adc_usb.dir/Middlewares/ST/STM32_USB_Device_Library/Class/CDC/Src/usbd_cdc.c.obj
                0x2000010c                USBD_CDC_CfgHSDesc
 *fill*         0x2000014f        0x1 
 .data.USBD_CDC_CfgFSDesc
                0x20000150       0x43 CMakeFiles/adc_usb.dir/Middlewares/ST/STM32_USB_Device_Library/Class/CDC/Src/usbd_cdc.c.obj
                0x20000150                USBD_CDC_CfgFSDesc
 *fill*         0x20000193        0x1 
 .data.USBD_CDC_OtherSpeedCfgDesc
                0x20000194       0x43 CMakeFiles/adc_usb.dir/Middlewares/ST/STM32_USB_Device_Library/Class/CDC/Src/usbd_cdc.c.obj
                0x20000194                USBD_CDC_OtherSpeedCfgDesc
                0x200001d8                        . = ALIGN (0x4)
 *fill*         0x200001d7        0x1 
                0x200001d8                        _edata = .
                0x0800b374                        _siccmram = LOADADDR (.ccmram)

.tm_clone_table
                0x200001d8        0x0 load address 0x0800b374
 .tm_clone_table
                0x200001d8        0x0 /usr/lib/gcc/arm-none-eabi/13.2.1/thumb/v7e-m+fp/hard/crtbegin.o
 .tm_clone_table
                0x200001d8        0x0 /usr/lib/gcc/arm-none-eabi/13.2.1/thumb/v7e-m+fp/hard/crtend.o

.igot.plt       0x200001d8        0x0 load address 0x0800b374
 .igot.plt      0x200001d8        0x0 /usr/lib/gcc/arm-none-eabi/13.2.1/thumb/v7e-m+fp/hard/crtbegin.o

.ccmram         0x10000000        0x0 load address 0x0800b374
                0x10000000                        . = ALIGN (0x4)
                0x10000000                        _sccmram = .
 *(.ccmram)
 *(.ccmram*)
                0x10000000                        . = ALIGN (0x4)
                0x10000000                        _eccmram = .
                0x10000000                        . = ALIGN (0x4)

.bss            0x200001d8     0x1378
                0x200001d8                        _sbss = .
                0x200001d8                        __bss_start__ = _sbss
 *(.bss)
 .bss           0x200001d8       0x1c /usr/lib/gcc/arm-none-eabi/13.2.1/thumb/v7e-m+fp/hard/crtbegin.o
 .bss           0x200001f4      0x13c /usr/lib/gcc/arm-none-eabi/13.2.1/../../../arm-none-eabi/lib/thumb/v7e-m+fp/hard/libc_nano.a(libc_a-findfp.o)
                0x200001f4                __sf
                0x2000032c                __stdio_exit_handler
 .bss           0x20000330        0x8 /usr/lib/gcc/arm-none-eabi/13.2.1/../../../arm-none-eabi/lib/thumb/v7e-m+fp/hard/libc_nano.a(libc_a-mallocr.o)
                0x20000330                __malloc_sbrk_start
                0x20000334                __malloc_free_list
 .bss           0x20000338        0x4 /usr/lib/gcc/arm-none-eabi/13.2.1/../../../arm-none-eabi/lib/thumb/v7e-m+fp/hard/libc_nano.a(libc_a-reent.o)
                0x20000338                errno
 *(.bss*)
 .bss.hadc4     0x2000033c       0x50 CMakeFiles/adc_usb.dir/Core/Src/main.c.obj
                0x2000033c                hadc4
 .bss.hUsbDeviceFS
                0x2000038c      0x2c4 CMakeFiles/adc_usb.dir/USB_DEVICE/App/usb_device.c.obj
                0x2000038c                hUsbDeviceFS
 .bss.USBD_StrDesc
                0x20000650      0x200 CMakeFiles/adc_usb.dir/USB_DEVICE/App/usbd_desc.c.obj
                0x20000650                USBD_StrDesc
 .bss.UserRxBufferFS
                0x20000850      0x400 CMakeFiles/adc_usb.dir/USB_DEVICE/App/usbd_cdc_if.c.obj
                0x20000850                UserRxBufferFS
 .bss.UserTxBufferFS
                0x20000c50      0x400 CMakeFiles/adc_usb.dir/USB_DEVICE/App/usbd_cdc_if.c.obj
                0x20000c50                UserTxBufferFS
 .bss.hpcd_USB_FS
                0x20001050      0x2d4 CMakeFiles/adc_usb.dir/USB_DEVICE/Target/usbd_conf.c.obj
                0x20001050                hpcd_USB_FS
 .bss.mem.0     0x20001324      0x220 CMakeFiles/adc_usb.dir/USB_DEVICE/Target/usbd_conf.c.obj
 .bss.uwTick    0x20001544        0x4 CMakeFiles/adc_usb.dir/Drivers/STM32F3xx_HAL_Driver/Src/stm32f3xx_hal.c.obj
                0x20001544                uwTick
 .bss.cfgidx.0  0x20001548        0x1 CMakeFiles/adc_usb.dir/Middlewares/ST/STM32_USB_Device_Library/Core/Src/usbd_ctlreq.c.obj
 *fill*         0x20001549        0x3 
 .bss.__sbrk_heap_end
                0x2000154c        0x4 CMakeFiles/adc_usb.dir/Core/Src/sysmem.c.obj
 *(COMMON)
                0x20001550                        . = ALIGN (0x4)
                0x20001550                        _ebss = .
                0x20001550                        __bss_end__ = _ebss

._user_heap_stack
                0x20001550      0x600
                0x20001550                        . = ALIGN (0x8)
                [!provide]                        PROVIDE (end = .)
                0x20001550                        PROVIDE (_end = .)
                0x20001750                        . = (. + _Min_Heap_Size)
 *fill*         0x20001550      0x200 
                0x20001b50                        . = (. + _Min_Stack_Size)
 *fill*         0x20001750      0x400 
                0x20001b50                        . = ALIGN (0x8)

/DISCARD/
 libc.a(*)
 libm.a(*)
 libgcc.a(*)
OUTPUT(adc_usb.elf elf32-littlearm)
LOAD linker stubs
LOAD /usr/lib/gcc/arm-none-eabi/13.2.1/../../../arm-none-eabi/lib/thumb/v7e-m+fp/hard/libc.a
LOAD /usr/lib/gcc/arm-none-eabi/13.2.1/../../../arm-none-eabi/lib/thumb/v7e-m+fp/hard/libm.a
LOAD /usr/lib/gcc/arm-none-eabi/13.2.1/thumb/v7e-m+fp/hard/libgcc.a

.ARM.attributes
                0x00000000       0x30
 .ARM.attributes
                0x00000000       0x22 /usr/lib/gcc/arm-none-eabi/13.2.1/thumb/v7e-m+fp/hard/crti.o
 .ARM.attributes
                0x00000022       0x34 /usr/lib/gcc/arm-none-eabi/13.2.1/thumb/v7e-m+fp/hard/crtbegin.o
 .ARM.attributes
                0x00000056       0x34 /usr/lib/gcc/arm-none-eabi/13.2.1/../../../arm-none-eabi/lib/thumb/v7e-m+fp/hard/libc_nano.a(libc_a-init.o)
 .ARM.attributes
                0x0000008a       0x34 /usr/lib/gcc/arm-none-eabi/13.2.1/../../../arm-none-eabi/lib/thumb/v7e-m+fp/hard/libc_nano.a(libc_a-memset.o)
 .ARM.attributes
                0x000000be       0x34 /usr/lib/gcc/arm-none-eabi/13.2.1/../../../arm-none-eabi/lib/thumb/v7e-m+fp/hard/libc_nano.a(libc_a-findfp.o)
 .ARM.attributes
                0x000000f2       0x34 /usr/lib/gcc/arm-none-eabi/13.2.1/../../../arm-none-eabi/lib/thumb/v7e-m+fp/hard/libc_nano.a(libc_a-fflush.o)
 .ARM.attributes
                0x00000126       0x34 /usr/lib/gcc/arm-none-eabi/13.2.1/../../../arm-none-eabi/lib/thumb/v7e-m+fp/hard/libc_nano.a(libc_a-mallocr.o)
 .ARM.attributes
                0x0000015a       0x34 /usr/lib/gcc/arm-none-eabi/13.2.1/../../../arm-none-eabi/lib/thumb/v7e-m+fp/hard/libc_nano.a(libc_a-freer.o)
 .ARM.attributes
                0x0000018e       0x34 /usr/lib/gcc/arm-none-eabi/13.2.1/../../../arm-none-eabi/lib/thumb/v7e-m+fp/hard/libc_nano.a(libc_a-fwalk.o)
 .ARM.attributes
                0x000001c2       0x34 /usr/lib/gcc/arm-none-eabi/13.2.1/../../../arm-none-eabi/lib/thumb/v7e-m+fp/hard/libc_nano.a(libc_a-mlock.o)
 .ARM.attributes
                0x000001f6       0x34 /usr/lib/gcc/arm-none-eabi/13.2.1/../../../arm-none-eabi/lib/thumb/v7e-m+fp/hard/libc_nano.a(libc_a-sbrkr.o)
 .ARM.attributes
                0x0000022a       0x34 /usr/lib/gcc/arm-none-eabi/13.2.1/../../../arm-none-eabi/lib/thumb/v7e-m+fp/hard/libc_nano.a(libc_a-stdio.o)
 .ARM.attributes
                0x0000025e       0x34 /usr/lib/gcc/arm-none-eabi/13.2.1/../../../arm-none-eabi/lib/thumb/v7e-m+fp/hard/libc_nano.a(libc_a-impure.o)
 .ARM.attributes
                0x00000292       0x34 /usr/lib/gcc/arm-none-eabi/13.2.1/../../../arm-none-eabi/lib/thumb/v7e-m+fp/hard/libc_nano.a(libc_a-closer.o)
 .ARM.attributes
                0x000002c6       0x34 /usr/lib/gcc/arm-none-eabi/13.2.1/../../../arm-none-eabi/lib/thumb/v7e-m+fp/hard/libc_nano.a(libc_a-readr.o)
 .ARM.attributes
                0x000002fa       0x34 /usr/lib/gcc/arm-none-eabi/13.2.1/../../../arm-none-eabi/lib/thumb/v7e-m+fp/hard/libc_nano.a(libc_a-reent.o)
 .ARM.attributes
                0x0000032e       0x34 /usr/lib/gcc/arm-none-eabi/13.2.1/../../../arm-none-eabi/lib/thumb/v7e-m+fp/hard/libc_nano.a(libc_a-lseekr.o)
 .ARM.attributes
                0x00000362       0x34 /usr/lib/gcc/arm-none-eabi/13.2.1/../../../arm-none-eabi/lib/thumb/v7e-m+fp/hard/libc_nano.a(libc_a-writer.o)
 .ARM.attributes
                0x00000396       0x34 CMakeFiles/adc_usb.dir/Core/Src/main.c.obj
 .ARM.attributes
                0x000003ca       0x34 CMakeFiles/adc_usb.dir/Core/Src/stm32f3xx_it.c.obj
 .ARM.attributes
                0x000003fe       0x34 CMakeFiles/adc_usb.dir/Core/Src/stm32f3xx_hal_msp.c.obj
 .ARM.attributes
                0x00000432       0x34 CMakeFiles/adc_usb.dir/USB_DEVICE/App/usb_device.c.obj
 .ARM.attributes
                0x00000466       0x34 CMakeFiles/adc_usb.dir/USB_DEVICE/App/usbd_desc.c.obj
 .ARM.attributes
                0x0000049a       0x34 CMakeFiles/adc_usb.dir/USB_DEVICE/App/usbd_cdc_if.c.obj
 .ARM.attributes
                0x000004ce       0x34 CMakeFiles/adc_usb.dir/USB_DEVICE/Target/usbd_conf.c.obj
 .ARM.attributes
                0x00000502       0x34 CMakeFiles/adc_usb.dir/Drivers/STM32F3xx_HAL_Driver/Src/stm32f3xx_ll_usb.c.obj
 .ARM.attributes
                0x00000536       0x34 CMakeFiles/adc_usb.dir/Drivers/STM32F3xx_HAL_Driver/Src/stm32f3xx_hal_pcd.c.obj
 .ARM.attributes
                0x0000056a       0x34 CMakeFiles/adc_usb.dir/Drivers/STM32F3xx_HAL_Driver/Src/stm32f3xx_hal_pcd_ex.c.obj
 .ARM.attributes
                0x0000059e       0x34 CMakeFiles/adc_usb.dir/Drivers/STM32F3xx_HAL_Driver/Src/stm32f3xx_hal.c.obj
 .ARM.attributes
                0x000005d2       0x34 CMakeFiles/adc_usb.dir/Drivers/STM32F3xx_HAL_Driver/Src/stm32f3xx_hal_rcc.c.obj
 .ARM.attributes
                0x00000606       0x34 CMakeFiles/adc_usb.dir/Drivers/STM32F3xx_HAL_Driver/Src/stm32f3xx_hal_rcc_ex.c.obj
 .ARM.attributes
                0x0000063a       0x34 CMakeFiles/adc_usb.dir/Drivers/STM32F3xx_HAL_Driver/Src/stm32f3xx_hal_gpio.c.obj
 .ARM.attributes
                0x0000066e       0x34 CMakeFiles/adc_usb.dir/Drivers/STM32F3xx_HAL_Driver/Src/stm32f3xx_hal_cortex.c.obj
 .ARM.attributes
                0x000006a2       0x34 CMakeFiles/adc_usb.dir/Drivers/STM32F3xx_HAL_Driver/Src/stm32f3xx_hal_adc_ex.c.obj
 .ARM.attributes
                0x000006d6       0x34 CMakeFiles/adc_usb.dir/Core/Src/system_stm32f3xx.c.obj
 .ARM.attributes
                0x0000070a       0x34 CMakeFiles/adc_usb.dir/Middlewares/ST/STM32_USB_Device_Library/Core/Src/usbd_core.c.obj
 .ARM.attributes
                0x0000073e       0x34 CMakeFiles/adc_usb.dir/Middlewares/ST/STM32_USB_Device_Library/Core/Src/usbd_ctlreq.c.obj
 .ARM.attributes
                0x00000772       0x34 CMakeFiles/adc_usb.dir/Middlewares/ST/STM32_USB_Device_Library/Core/Src/usbd_ioreq.c.obj
 .ARM.attributes
                0x000007a6       0x34 CMakeFiles/adc_usb.dir/Middlewares/ST/STM32_USB_Device_Library/Class/CDC/Src/usbd_cdc.c.obj
 .ARM.attributes
                0x000007da       0x34 CMakeFiles/adc_usb.dir/Core/Src/sysmem.c.obj
 .ARM.attributes
                0x0000080e       0x34 CMakeFiles/adc_usb.dir/Core/Src/syscalls.c.obj
 .ARM.attributes
                0x00000842       0x21 CMakeFiles/adc_usb.dir/startup_stm32f303xc.s.obj
 .ARM.attributes
                0x00000863       0x34 /usr/lib/gcc/arm-none-eabi/13.2.1/../../../arm-none-eabi/lib/thumb/v7e-m+fp/hard/libg_nano.a(libc_a-errno.o)
 .ARM.attributes
                0x00000897       0x34 /usr/lib/gcc/arm-none-eabi/13.2.1/../../../arm-none-eabi/lib/thumb/v7e-m+fp/hard/libg_nano.a(libc_a-printf.o)
 .ARM.attributes
                0x000008cb       0x34 /usr/lib/gcc/arm-none-eabi/13.2.1/../../../arm-none-eabi/lib/thumb/v7e-m+fp/hard/libg_nano.a(libc_a-nano-vfprintf.o)
 .ARM.attributes
                0x000008ff       0x34 /usr/lib/gcc/arm-none-eabi/13.2.1/../../../arm-none-eabi/lib/thumb/v7e-m+fp/hard/libg_nano.a(libc_a-wbuf.o)
 .ARM.attributes
                0x00000933       0x34 /usr/lib/gcc/arm-none-eabi/13.2.1/../../../arm-none-eabi/lib/thumb/v7e-m+fp/hard/libg_nano.a(libc_a-fvwrite.o)
 .ARM.attributes
                0x00000967       0x34 /usr/lib/gcc/arm-none-eabi/13.2.1/../../../arm-none-eabi/lib/thumb/v7e-m+fp/hard/libg_nano.a(libc_a-memmove.o)
 .ARM.attributes
                0x0000099b       0x1c /usr/lib/gcc/arm-none-eabi/13.2.1/../../../arm-none-eabi/lib/thumb/v7e-m+fp/hard/libg_nano.a(libc_a-memchr.o)
 .ARM.attributes
                0x000009b7       0x34 /usr/lib/gcc/arm-none-eabi/13.2.1/../../../arm-none-eabi/lib/thumb/v7e-m+fp/hard/libg_nano.a(libc_a-wsetup.o)
 .ARM.attributes
                0x000009eb       0x20 /usr/lib/gcc/arm-none-eabi/13.2.1/../../../arm-none-eabi/lib/thumb/v7e-m+fp/hard/libg_nano.a(libc_a-memcpy.o)
 .ARM.attributes
                0x00000a0b       0x34 /usr/lib/gcc/arm-none-eabi/13.2.1/../../../arm-none-eabi/lib/thumb/v7e-m+fp/hard/libg_nano.a(libc_a-reallocr.o)
 .ARM.attributes
                0x00000a3f       0x34 /usr/lib/gcc/arm-none-eabi/13.2.1/../../../arm-none-eabi/lib/thumb/v7e-m+fp/hard/libg_nano.a(libc_a-nano-vfprintf_i.o)
 .ARM.attributes
                0x00000a73       0x34 /usr/lib/gcc/arm-none-eabi/13.2.1/../../../arm-none-eabi/lib/thumb/v7e-m+fp/hard/libg_nano.a(libc_a-makebuf.o)
 .ARM.attributes
                0x00000aa7       0x34 /usr/lib/gcc/arm-none-eabi/13.2.1/../../../arm-none-eabi/lib/thumb/v7e-m+fp/hard/libg_nano.a(libc_a-isattyr.o)
 .ARM.attributes
                0x00000adb       0x34 /usr/lib/gcc/arm-none-eabi/13.2.1/../../../arm-none-eabi/lib/thumb/v7e-m+fp/hard/libg_nano.a(libc_a-msizer.o)
 .ARM.attributes
                0x00000b0f       0x34 /usr/lib/gcc/arm-none-eabi/13.2.1/../../../arm-none-eabi/lib/thumb/v7e-m+fp/hard/libg_nano.a(libc_a-fstatr.o)
 .ARM.attributes
                0x00000b43       0x34 /usr/lib/gcc/arm-none-eabi/13.2.1/thumb/v7e-m+fp/hard/crtend.o
 .ARM.attributes
                0x00000b77       0x22 /usr/lib/gcc/arm-none-eabi/13.2.1/thumb/v7e-m+fp/hard/crtn.o

.comment        0x00000000       0x26
 .comment       0x00000000       0x26 /usr/lib/gcc/arm-none-eabi/13.2.1/thumb/v7e-m+fp/hard/crtbegin.o
                                 0x27 (size before relaxing)
 .comment       0x00000026       0x27 /usr/lib/gcc/arm-none-eabi/13.2.1/../../../arm-none-eabi/lib/thumb/v7e-m+fp/hard/libc_nano.a(libc_a-init.o)
 .comment       0x00000026       0x27 /usr/lib/gcc/arm-none-eabi/13.2.1/../../../arm-none-eabi/lib/thumb/v7e-m+fp/hard/libc_nano.a(libc_a-memset.o)
 .comment       0x00000026       0x27 /usr/lib/gcc/arm-none-eabi/13.2.1/../../../arm-none-eabi/lib/thumb/v7e-m+fp/hard/libc_nano.a(libc_a-findfp.o)
 .comment       0x00000026       0x27 /usr/lib/gcc/arm-none-eabi/13.2.1/../../../arm-none-eabi/lib/thumb/v7e-m+fp/hard/libc_nano.a(libc_a-fflush.o)
 .comment       0x00000026       0x27 /usr/lib/gcc/arm-none-eabi/13.2.1/../../../arm-none-eabi/lib/thumb/v7e-m+fp/hard/libc_nano.a(libc_a-mallocr.o)
 .comment       0x00000026       0x27 /usr/lib/gcc/arm-none-eabi/13.2.1/../../../arm-none-eabi/lib/thumb/v7e-m+fp/hard/libc_nano.a(libc_a-freer.o)
 .comment       0x00000026       0x27 /usr/lib/gcc/arm-none-eabi/13.2.1/../../../arm-none-eabi/lib/thumb/v7e-m+fp/hard/libc_nano.a(libc_a-fwalk.o)
 .comment       0x00000026       0x27 /usr/lib/gcc/arm-none-eabi/13.2.1/../../../arm-none-eabi/lib/thumb/v7e-m+fp/hard/libc_nano.a(libc_a-mlock.o)
 .comment       0x00000026       0x27 /usr/lib/gcc/arm-none-eabi/13.2.1/../../../arm-none-eabi/lib/thumb/v7e-m+fp/hard/libc_nano.a(libc_a-sbrkr.o)
 .comment       0x00000026       0x27 /usr/lib/gcc/arm-none-eabi/13.2.1/../../../arm-none-eabi/lib/thumb/v7e-m+fp/hard/libc_nano.a(libc_a-stdio.o)
 .comment       0x00000026       0x27 /usr/lib/gcc/arm-none-eabi/13.2.1/../../../arm-none-eabi/lib/thumb/v7e-m+fp/hard/libc_nano.a(libc_a-impure.o)
 .comment       0x00000026       0x27 /usr/lib/gcc/arm-none-eabi/13.2.1/../../../arm-none-eabi/lib/thumb/v7e-m+fp/hard/libc_nano.a(libc_a-closer.o)
 .comment       0x00000026       0x27 /usr/lib/gcc/arm-none-eabi/13.2.1/../../../arm-none-eabi/lib/thumb/v7e-m+fp/hard/libc_nano.a(libc_a-readr.o)
 .comment       0x00000026       0x27 /usr/lib/gcc/arm-none-eabi/13.2.1/../../../arm-none-eabi/lib/thumb/v7e-m+fp/hard/libc_nano.a(libc_a-reent.o)
 .comment       0x00000026       0x27 /usr/lib/gcc/arm-none-eabi/13.2.1/../../../arm-none-eabi/lib/thumb/v7e-m+fp/hard/libc_nano.a(libc_a-lseekr.o)
 .comment       0x00000026       0x27 /usr/lib/gcc/arm-none-eabi/13.2.1/../../../arm-none-eabi/lib/thumb/v7e-m+fp/hard/libc_nano.a(libc_a-writer.o)
 .comment       0x00000026       0x27 CMakeFiles/adc_usb.dir/Core/Src/main.c.obj
 .comment       0x00000026       0x27 CMakeFiles/adc_usb.dir/Core/Src/stm32f3xx_it.c.obj
 .comment       0x00000026       0x27 CMakeFiles/adc_usb.dir/Core/Src/stm32f3xx_hal_msp.c.obj
 .comment       0x00000026       0x27 CMakeFiles/adc_usb.dir/USB_DEVICE/App/usb_device.c.obj
 .comment       0x00000026       0x27 CMakeFiles/adc_usb.dir/USB_DEVICE/App/usbd_desc.c.obj
 .comment       0x00000026       0x27 CMakeFiles/adc_usb.dir/USB_DEVICE/App/usbd_cdc_if.c.obj
 .comment       0x00000026       0x27 CMakeFiles/adc_usb.dir/USB_DEVICE/Target/usbd_conf.c.obj
 .comment       0x00000026       0x27 CMakeFiles/adc_usb.dir/Drivers/STM32F3xx_HAL_Driver/Src/stm32f3xx_ll_usb.c.obj
 .comment       0x00000026       0x27 CMakeFiles/adc_usb.dir/Drivers/STM32F3xx_HAL_Driver/Src/stm32f3xx_hal_pcd.c.obj
 .comment       0x00000026       0x27 CMakeFiles/adc_usb.dir/Drivers/STM32F3xx_HAL_Driver/Src/stm32f3xx_hal_pcd_ex.c.obj
 .comment       0x00000026       0x27 CMakeFiles/adc_usb.dir/Drivers/STM32F3xx_HAL_Driver/Src/stm32f3xx_hal.c.obj
 .comment       0x00000026       0x27 CMakeFiles/adc_usb.dir/Drivers/STM32F3xx_HAL_Driver/Src/stm32f3xx_hal_rcc.c.obj
 .comment       0x00000026       0x27 CMakeFiles/adc_usb.dir/Drivers/STM32F3xx_HAL_Driver/Src/stm32f3xx_hal_rcc_ex.c.obj
 .comment       0x00000026       0x27 CMakeFiles/adc_usb.dir/Drivers/STM32F3xx_HAL_Driver/Src/stm32f3xx_hal_gpio.c.obj
 .comment       0x00000026       0x27 CMakeFiles/adc_usb.dir/Drivers/STM32F3xx_HAL_Driver/Src/stm32f3xx_hal_cortex.c.obj
 .comment       0x00000026       0x27 CMakeFiles/adc_usb.dir/Drivers/STM32F3xx_HAL_Driver/Src/stm32f3xx_hal_adc_ex.c.obj
 .comment       0x00000026       0x27 CMakeFiles/adc_usb.dir/Core/Src/system_stm32f3xx.c.obj
 .comment       0x00000026       0x27 CMakeFiles/adc_usb.dir/Middlewares/ST/STM32_USB_Device_Library/Core/Src/usbd_core.c.obj
 .comment       0x00000026       0x27 CMakeFiles/adc_usb.dir/Middlewares/ST/STM32_USB_Device_Library/Core/Src/usbd_ctlreq.c.obj
 .comment       0x00000026       0x27 CMakeFiles/adc_usb.dir/Middlewares/ST/STM32_USB_Device_Library/Core/Src/usbd_ioreq.c.obj
 .comment       0x00000026       0x27 CMakeFiles/adc_usb.dir/Middlewares/ST/STM32_USB_Device_Library/Class/CDC/Src/usbd_cdc.c.obj
 .comment       0x00000026       0x27 CMakeFiles/adc_usb.dir/Core/Src/sysmem.c.obj
 .comment       0x00000026       0x27 CMakeFiles/adc_usb.dir/Core/Src/syscalls.c.obj
 .comment       0x00000026       0x27 /usr/lib/gcc/arm-none-eabi/13.2.1/../../../arm-none-eabi/lib/thumb/v7e-m+fp/hard/libg_nano.a(libc_a-errno.o)
 .comment       0x00000026       0x27 /usr/lib/gcc/arm-none-eabi/13.2.1/../../../arm-none-eabi/lib/thumb/v7e-m+fp/hard/libg_nano.a(libc_a-printf.o)
 .comment       0x00000026       0x27 /usr/lib/gcc/arm-none-eabi/13.2.1/../../../arm-none-eabi/lib/thumb/v7e-m+fp/hard/libg_nano.a(libc_a-nano-vfprintf.o)
 .comment       0x00000026       0x27 /usr/lib/gcc/arm-none-eabi/13.2.1/../../../arm-none-eabi/lib/thumb/v7e-m+fp/hard/libg_nano.a(libc_a-wbuf.o)
 .comment       0x00000026       0x27 /usr/lib/gcc/arm-none-eabi/13.2.1/../../../arm-none-eabi/lib/thumb/v7e-m+fp/hard/libg_nano.a(libc_a-fvwrite.o)
 .comment       0x00000026       0x27 /usr/lib/gcc/arm-none-eabi/13.2.1/../../../arm-none-eabi/lib/thumb/v7e-m+fp/hard/libg_nano.a(libc_a-memmove.o)
 .comment       0x00000026       0x27 /usr/lib/gcc/arm-none-eabi/13.2.1/../../../arm-none-eabi/lib/thumb/v7e-m+fp/hard/libg_nano.a(libc_a-wsetup.o)
 .comment       0x00000026       0x27 /usr/lib/gcc/arm-none-eabi/13.2.1/../../../arm-none-eabi/lib/thumb/v7e-m+fp/hard/libg_nano.a(libc_a-reallocr.o)
 .comment       0x00000026       0x27 /usr/lib/gcc/arm-none-eabi/13.2.1/../../../arm-none-eabi/lib/thumb/v7e-m+fp/hard/libg_nano.a(libc_a-nano-vfprintf_i.o)
 .comment       0x00000026       0x27 /usr/lib/gcc/arm-none-eabi/13.2.1/../../../arm-none-eabi/lib/thumb/v7e-m+fp/hard/libg_nano.a(libc_a-makebuf.o)
 .comment       0x00000026       0x27 /usr/lib/gcc/arm-none-eabi/13.2.1/../../../arm-none-eabi/lib/thumb/v7e-m+fp/hard/libg_nano.a(libc_a-isattyr.o)
 .comment       0x00000026       0x27 /usr/lib/gcc/arm-none-eabi/13.2.1/../../../arm-none-eabi/lib/thumb/v7e-m+fp/hard/libg_nano.a(libc_a-msizer.o)
 .comment       0x00000026       0x27 /usr/lib/gcc/arm-none-eabi/13.2.1/../../../arm-none-eabi/lib/thumb/v7e-m+fp/hard/libg_nano.a(libc_a-fstatr.o)
 .comment       0x00000026       0x27 /usr/lib/gcc/arm-none-eabi/13.2.1/thumb/v7e-m+fp/hard/crtend.o

.debug_info     0x00000000    0x1ef9a
 .debug_info    0x00000000      0x10b /usr/lib/gcc/arm-none-eabi/13.2.1/../../../arm-none-eabi/lib/thumb/v7e-m+fp/hard/libc_nano.a(libc_a-init.o)
 .debug_info    0x0000010b      0x135 /usr/lib/gcc/arm-none-eabi/13.2.1/../../../arm-none-eabi/lib/thumb/v7e-m+fp/hard/libc_nano.a(libc_a-memset.o)
 .debug_info    0x00000240      0xe8c /usr/lib/gcc/arm-none-eabi/13.2.1/../../../arm-none-eabi/lib/thumb/v7e-m+fp/hard/libc_nano.a(libc_a-findfp.o)
 .debug_info    0x000010cc      0xa33 /usr/lib/gcc/arm-none-eabi/13.2.1/../../../arm-none-eabi/lib/thumb/v7e-m+fp/hard/libc_nano.a(libc_a-fflush.o)
 .debug_info    0x00001aff      0x9b6 /usr/lib/gcc/arm-none-eabi/13.2.1/../../../arm-none-eabi/lib/thumb/v7e-m+fp/hard/libc_nano.a(libc_a-mallocr.o)
 .debug_info    0x000024b5      0x87f /usr/lib/gcc/arm-none-eabi/13.2.1/../../../arm-none-eabi/lib/thumb/v7e-m+fp/hard/libc_nano.a(libc_a-freer.o)
 .debug_info    0x00002d34      0x7c8 /usr/lib/gcc/arm-none-eabi/13.2.1/../../../arm-none-eabi/lib/thumb/v7e-m+fp/hard/libc_nano.a(libc_a-fwalk.o)
 .debug_info    0x000034fc      0x71c /usr/lib/gcc/arm-none-eabi/13.2.1/../../../arm-none-eabi/lib/thumb/v7e-m+fp/hard/libc_nano.a(libc_a-mlock.o)
 .debug_info    0x00003c18      0x778 /usr/lib/gcc/arm-none-eabi/13.2.1/../../../arm-none-eabi/lib/thumb/v7e-m+fp/hard/libc_nano.a(libc_a-sbrkr.o)
 .debug_info    0x00004390      0xa80 /usr/lib/gcc/arm-none-eabi/13.2.1/../../../arm-none-eabi/lib/thumb/v7e-m+fp/hard/libc_nano.a(libc_a-stdio.o)
 .debug_info    0x00004e10      0x70b /usr/lib/gcc/arm-none-eabi/13.2.1/../../../arm-none-eabi/lib/thumb/v7e-m+fp/hard/libc_nano.a(libc_a-impure.o)
 .debug_info    0x0000551b      0x752 /usr/lib/gcc/arm-none-eabi/13.2.1/../../../arm-none-eabi/lib/thumb/v7e-m+fp/hard/libc_nano.a(libc_a-closer.o)
 .debug_info    0x00005c6d      0x7b5 /usr/lib/gcc/arm-none-eabi/13.2.1/../../../arm-none-eabi/lib/thumb/v7e-m+fp/hard/libc_nano.a(libc_a-readr.o)
 .debug_info    0x00006422      0x89f /usr/lib/gcc/arm-none-eabi/13.2.1/../../../arm-none-eabi/lib/thumb/v7e-m+fp/hard/libc_nano.a(libc_a-reent.o)
 .debug_info    0x00006cc1      0x79e /usr/lib/gcc/arm-none-eabi/13.2.1/../../../arm-none-eabi/lib/thumb/v7e-m+fp/hard/libc_nano.a(libc_a-lseekr.o)
 .debug_info    0x0000745f      0x7bb /usr/lib/gcc/arm-none-eabi/13.2.1/../../../arm-none-eabi/lib/thumb/v7e-m+fp/hard/libc_nano.a(libc_a-writer.o)
 .debug_info    0x00007c1a      0xe14 CMakeFiles/adc_usb.dir/Core/Src/main.c.obj
 .debug_info    0x00008a2e      0x5c4 CMakeFiles/adc_usb.dir/Core/Src/stm32f3xx_it.c.obj
 .debug_info    0x00008ff2      0x927 CMakeFiles/adc_usb.dir/Core/Src/stm32f3xx_hal_msp.c.obj
 .debug_info    0x00009919      0x67b CMakeFiles/adc_usb.dir/USB_DEVICE/App/usb_device.c.obj
 .debug_info    0x00009f94      0x426 CMakeFiles/adc_usb.dir/USB_DEVICE/App/usbd_desc.c.obj
 .debug_info    0x0000a3ba      0x7bc CMakeFiles/adc_usb.dir/USB_DEVICE/App/usbd_cdc_if.c.obj
 .debug_info    0x0000ab76     0x1a68 CMakeFiles/adc_usb.dir/USB_DEVICE/Target/usbd_conf.c.obj
 .debug_info    0x0000c5de     0x1617 CMakeFiles/adc_usb.dir/Drivers/STM32F3xx_HAL_Driver/Src/stm32f3xx_ll_usb.c.obj
 .debug_info    0x0000dbf5     0x164b CMakeFiles/adc_usb.dir/Drivers/STM32F3xx_HAL_Driver/Src/stm32f3xx_hal_pcd.c.obj
 .debug_info    0x0000f240      0x685 CMakeFiles/adc_usb.dir/Drivers/STM32F3xx_HAL_Driver/Src/stm32f3xx_hal_pcd_ex.c.obj
 .debug_info    0x0000f8c5      0x7c8 CMakeFiles/adc_usb.dir/Drivers/STM32F3xx_HAL_Driver/Src/stm32f3xx_hal.c.obj
 .debug_info    0x0001008d     0x145a CMakeFiles/adc_usb.dir/Drivers/STM32F3xx_HAL_Driver/Src/stm32f3xx_hal_rcc.c.obj
 .debug_info    0x000114e7      0x595 CMakeFiles/adc_usb.dir/Drivers/STM32F3xx_HAL_Driver/Src/stm32f3xx_hal_rcc_ex.c.obj
 .debug_info    0x00011a7c      0x5e6 CMakeFiles/adc_usb.dir/Drivers/STM32F3xx_HAL_Driver/Src/stm32f3xx_hal_gpio.c.obj
 .debug_info    0x00012062      0xcc0 CMakeFiles/adc_usb.dir/Drivers/STM32F3xx_HAL_Driver/Src/stm32f3xx_hal_cortex.c.obj
 .debug_info    0x00012d22     0x159a CMakeFiles/adc_usb.dir/Drivers/STM32F3xx_HAL_Driver/Src/stm32f3xx_hal_adc_ex.c.obj
 .debug_info    0x000142bc      0x3ed CMakeFiles/adc_usb.dir/Core/Src/system_stm32f3xx.c.obj
 .debug_info    0x000146a9      0xa2e CMakeFiles/adc_usb.dir/Middlewares/ST/STM32_USB_Device_Library/Core/Src/usbd_core.c.obj
 .debug_info    0x000150d7      0x8f8 CMakeFiles/adc_usb.dir/Middlewares/ST/STM32_USB_Device_Library/Core/Src/usbd_ctlreq.c.obj
 .debug_info    0x000159cf      0x67c CMakeFiles/adc_usb.dir/Middlewares/ST/STM32_USB_Device_Library/Core/Src/usbd_ioreq.c.obj
 .debug_info    0x0001604b      0xff8 CMakeFiles/adc_usb.dir/Middlewares/ST/STM32_USB_Device_Library/Class/CDC/Src/usbd_cdc.c.obj
 .debug_info    0x00017043      0x150 CMakeFiles/adc_usb.dir/Core/Src/sysmem.c.obj
 .debug_info    0x00017193      0x6a3 CMakeFiles/adc_usb.dir/Core/Src/syscalls.c.obj
 .debug_info    0x00017836       0x30 CMakeFiles/adc_usb.dir/startup_stm32f303xc.s.obj
 .debug_info    0x00017866      0x6f1 /usr/lib/gcc/arm-none-eabi/13.2.1/../../../arm-none-eabi/lib/thumb/v7e-m+fp/hard/libg_nano.a(libc_a-errno.o)
 .debug_info    0x00017f57      0x837 /usr/lib/gcc/arm-none-eabi/13.2.1/../../../arm-none-eabi/lib/thumb/v7e-m+fp/hard/libg_nano.a(libc_a-printf.o)
 .debug_info    0x0001878e     0x108a /usr/lib/gcc/arm-none-eabi/13.2.1/../../../arm-none-eabi/lib/thumb/v7e-m+fp/hard/libg_nano.a(libc_a-nano-vfprintf.o)
 .debug_info    0x00019818      0x863 /usr/lib/gcc/arm-none-eabi/13.2.1/../../../arm-none-eabi/lib/thumb/v7e-m+fp/hard/libg_nano.a(libc_a-wbuf.o)
 .debug_info    0x0001a07b      0xaf1 /usr/lib/gcc/arm-none-eabi/13.2.1/../../../arm-none-eabi/lib/thumb/v7e-m+fp/hard/libg_nano.a(libc_a-fvwrite.o)
 .debug_info    0x0001ab6c      0x148 /usr/lib/gcc/arm-none-eabi/13.2.1/../../../arm-none-eabi/lib/thumb/v7e-m+fp/hard/libg_nano.a(libc_a-memmove.o)
 .debug_info    0x0001acb4       0x25 /usr/lib/gcc/arm-none-eabi/13.2.1/../../../arm-none-eabi/lib/thumb/v7e-m+fp/hard/libg_nano.a(libc_a-memchr.o)
 .debug_info    0x0001acd9      0x7b1 /usr/lib/gcc/arm-none-eabi/13.2.1/../../../arm-none-eabi/lib/thumb/v7e-m+fp/hard/libg_nano.a(libc_a-wsetup.o)
 .debug_info    0x0001b48a       0x33 /usr/lib/gcc/arm-none-eabi/13.2.1/../../../arm-none-eabi/lib/thumb/v7e-m+fp/hard/libg_nano.a(libc_a-memcpy.o)
 .debug_info    0x0001b4bd      0x8cd /usr/lib/gcc/arm-none-eabi/13.2.1/../../../arm-none-eabi/lib/thumb/v7e-m+fp/hard/libg_nano.a(libc_a-reallocr.o)
 .debug_info    0x0001bd8a      0xdd7 /usr/lib/gcc/arm-none-eabi/13.2.1/../../../arm-none-eabi/lib/thumb/v7e-m+fp/hard/libg_nano.a(libc_a-nano-vfprintf_i.o)
 .debug_info    0x0001cb61      0xbe6 /usr/lib/gcc/arm-none-eabi/13.2.1/../../../arm-none-eabi/lib/thumb/v7e-m+fp/hard/libg_nano.a(libc_a-makebuf.o)
 .debug_info    0x0001d747      0x752 /usr/lib/gcc/arm-none-eabi/13.2.1/../../../arm-none-eabi/lib/thumb/v7e-m+fp/hard/libg_nano.a(libc_a-isattyr.o)
 .debug_info    0x0001de99      0x78a /usr/lib/gcc/arm-none-eabi/13.2.1/../../../arm-none-eabi/lib/thumb/v7e-m+fp/hard/libg_nano.a(libc_a-msizer.o)
 .debug_info    0x0001e623      0x977 /usr/lib/gcc/arm-none-eabi/13.2.1/../../../arm-none-eabi/lib/thumb/v7e-m+fp/hard/libg_nano.a(libc_a-fstatr.o)

.debug_abbrev   0x00000000     0x6988
 .debug_abbrev  0x00000000       0xc9 /usr/lib/gcc/arm-none-eabi/13.2.1/../../../arm-none-eabi/lib/thumb/v7e-m+fp/hard/libc_nano.a(libc_a-init.o)
 .debug_abbrev  0x000000c9       0xb7 /usr/lib/gcc/arm-none-eabi/13.2.1/../../../arm-none-eabi/lib/thumb/v7e-m+fp/hard/libc_nano.a(libc_a-memset.o)
 .debug_abbrev  0x00000180      0x408 /usr/lib/gcc/arm-none-eabi/13.2.1/../../../arm-none-eabi/lib/thumb/v7e-m+fp/hard/libc_nano.a(libc_a-findfp.o)
 .debug_abbrev  0x00000588      0x2e4 /usr/lib/gcc/arm-none-eabi/13.2.1/../../../arm-none-eabi/lib/thumb/v7e-m+fp/hard/libc_nano.a(libc_a-fflush.o)
 .debug_abbrev  0x0000086c      0x24a /usr/lib/gcc/arm-none-eabi/13.2.1/../../../arm-none-eabi/lib/thumb/v7e-m+fp/hard/libc_nano.a(libc_a-mallocr.o)
 .debug_abbrev  0x00000ab6      0x249 /usr/lib/gcc/arm-none-eabi/13.2.1/../../../arm-none-eabi/lib/thumb/v7e-m+fp/hard/libc_nano.a(libc_a-freer.o)
 .debug_abbrev  0x00000cff      0x19b /usr/lib/gcc/arm-none-eabi/13.2.1/../../../arm-none-eabi/lib/thumb/v7e-m+fp/hard/libc_nano.a(libc_a-fwalk.o)
 .debug_abbrev  0x00000e9a      0x192 /usr/lib/gcc/arm-none-eabi/13.2.1/../../../arm-none-eabi/lib/thumb/v7e-m+fp/hard/libc_nano.a(libc_a-mlock.o)
 .debug_abbrev  0x0000102c      0x1da /usr/lib/gcc/arm-none-eabi/13.2.1/../../../arm-none-eabi/lib/thumb/v7e-m+fp/hard/libc_nano.a(libc_a-sbrkr.o)
 .debug_abbrev  0x00001206      0x224 /usr/lib/gcc/arm-none-eabi/13.2.1/../../../arm-none-eabi/lib/thumb/v7e-m+fp/hard/libc_nano.a(libc_a-stdio.o)
 .debug_abbrev  0x0000142a      0x149 /usr/lib/gcc/arm-none-eabi/13.2.1/../../../arm-none-eabi/lib/thumb/v7e-m+fp/hard/libc_nano.a(libc_a-impure.o)
 .debug_abbrev  0x00001573      0x1b0 /usr/lib/gcc/arm-none-eabi/13.2.1/../../../arm-none-eabi/lib/thumb/v7e-m+fp/hard/libc_nano.a(libc_a-closer.o)
 .debug_abbrev  0x00001723      0x1b0 /usr/lib/gcc/arm-none-eabi/13.2.1/../../../arm-none-eabi/lib/thumb/v7e-m+fp/hard/libc_nano.a(libc_a-readr.o)
 .debug_abbrev  0x000018d3      0x1ee /usr/lib/gcc/arm-none-eabi/13.2.1/../../../arm-none-eabi/lib/thumb/v7e-m+fp/hard/libc_nano.a(libc_a-reent.o)
 .debug_abbrev  0x00001ac1      0x1c4 /usr/lib/gcc/arm-none-eabi/13.2.1/../../../arm-none-eabi/lib/thumb/v7e-m+fp/hard/libc_nano.a(libc_a-lseekr.o)
 .debug_abbrev  0x00001c85      0x1b5 /usr/lib/gcc/arm-none-eabi/13.2.1/../../../arm-none-eabi/lib/thumb/v7e-m+fp/hard/libc_nano.a(libc_a-writer.o)
 .debug_abbrev  0x00001e3a      0x25a CMakeFiles/adc_usb.dir/Core/Src/main.c.obj
 .debug_abbrev  0x00002094      0x192 CMakeFiles/adc_usb.dir/Core/Src/stm32f3xx_it.c.obj
 .debug_abbrev  0x00002226      0x1a0 CMakeFiles/adc_usb.dir/Core/Src/stm32f3xx_hal_msp.c.obj
 .debug_abbrev  0x000023c6      0x1da CMakeFiles/adc_usb.dir/USB_DEVICE/App/usb_device.c.obj
 .debug_abbrev  0x000025a0      0x1ff CMakeFiles/adc_usb.dir/USB_DEVICE/App/usbd_desc.c.obj
 .debug_abbrev  0x0000279f      0x25d CMakeFiles/adc_usb.dir/USB_DEVICE/App/usbd_cdc_if.c.obj
 .debug_abbrev  0x000029fc      0x31e CMakeFiles/adc_usb.dir/USB_DEVICE/Target/usbd_conf.c.obj
 .debug_abbrev  0x00002d1a      0x247 CMakeFiles/adc_usb.dir/Drivers/STM32F3xx_HAL_Driver/Src/stm32f3xx_ll_usb.c.obj
 .debug_abbrev  0x00002f61      0x2d9 CMakeFiles/adc_usb.dir/Drivers/STM32F3xx_HAL_Driver/Src/stm32f3xx_hal_pcd.c.obj
 .debug_abbrev  0x0000323a      0x189 CMakeFiles/adc_usb.dir/Drivers/STM32F3xx_HAL_Driver/Src/stm32f3xx_hal_pcd_ex.c.obj
 .debug_abbrev  0x000033c3      0x215 CMakeFiles/adc_usb.dir/Drivers/STM32F3xx_HAL_Driver/Src/stm32f3xx_hal.c.obj
 .debug_abbrev  0x000035d8      0x300 CMakeFiles/adc_usb.dir/Drivers/STM32F3xx_HAL_Driver/Src/stm32f3xx_hal_rcc.c.obj
 .debug_abbrev  0x000038d8      0x221 CMakeFiles/adc_usb.dir/Drivers/STM32F3xx_HAL_Driver/Src/stm32f3xx_hal_rcc_ex.c.obj
 .debug_abbrev  0x00003af9      0x1ca CMakeFiles/adc_usb.dir/Drivers/STM32F3xx_HAL_Driver/Src/stm32f3xx_hal_gpio.c.obj
 .debug_abbrev  0x00003cc3      0x31e CMakeFiles/adc_usb.dir/Drivers/STM32F3xx_HAL_Driver/Src/stm32f3xx_hal_cortex.c.obj
 .debug_abbrev  0x00003fe1      0x28e CMakeFiles/adc_usb.dir/Drivers/STM32F3xx_HAL_Driver/Src/stm32f3xx_hal_adc_ex.c.obj
 .debug_abbrev  0x0000426f      0x11b CMakeFiles/adc_usb.dir/Core/Src/system_stm32f3xx.c.obj
 .debug_abbrev  0x0000438a      0x24a CMakeFiles/adc_usb.dir/Middlewares/ST/STM32_USB_Device_Library/Core/Src/usbd_core.c.obj
 .debug_abbrev  0x000045d4      0x26b CMakeFiles/adc_usb.dir/Middlewares/ST/STM32_USB_Device_Library/Core/Src/usbd_ctlreq.c.obj
 .debug_abbrev  0x0000483f      0x192 CMakeFiles/adc_usb.dir/Middlewares/ST/STM32_USB_Device_Library/Core/Src/usbd_ioreq.c.obj
 .debug_abbrev  0x000049d1      0x2d3 CMakeFiles/adc_usb.dir/Middlewares/ST/STM32_USB_Device_Library/Class/CDC/Src/usbd_cdc.c.obj
 .debug_abbrev  0x00004ca4       0xbc CMakeFiles/adc_usb.dir/Core/Src/sysmem.c.obj
 .debug_abbrev  0x00004d60      0x1b6 CMakeFiles/adc_usb.dir/Core/Src/syscalls.c.obj
 .debug_abbrev  0x00004f16       0x24 CMakeFiles/adc_usb.dir/startup_stm32f303xc.s.obj
 .debug_abbrev  0x00004f3a      0x15e /usr/lib/gcc/arm-none-eabi/13.2.1/../../../arm-none-eabi/lib/thumb/v7e-m+fp/hard/libg_nano.a(libc_a-errno.o)
 .debug_abbrev  0x00005098      0x21a /usr/lib/gcc/arm-none-eabi/13.2.1/../../../arm-none-eabi/lib/thumb/v7e-m+fp/hard/libg_nano.a(libc_a-printf.o)
 .debug_abbrev  0x000052b2      0x36e /usr/lib/gcc/arm-none-eabi/13.2.1/../../../arm-none-eabi/lib/thumb/v7e-m+fp/hard/libg_nano.a(libc_a-nano-vfprintf.o)
 .debug_abbrev  0x00005620      0x236 /usr/lib/gcc/arm-none-eabi/13.2.1/../../../arm-none-eabi/lib/thumb/v7e-m+fp/hard/libg_nano.a(libc_a-wbuf.o)
 .debug_abbrev  0x00005856      0x21b /usr/lib/gcc/arm-none-eabi/13.2.1/../../../arm-none-eabi/lib/thumb/v7e-m+fp/hard/libg_nano.a(libc_a-fvwrite.o)
 .debug_abbrev  0x00005a71       0xc3 /usr/lib/gcc/arm-none-eabi/13.2.1/../../../arm-none-eabi/lib/thumb/v7e-m+fp/hard/libg_nano.a(libc_a-memmove.o)
 .debug_abbrev  0x00005b34       0x14 /usr/lib/gcc/arm-none-eabi/13.2.1/../../../arm-none-eabi/lib/thumb/v7e-m+fp/hard/libg_nano.a(libc_a-memchr.o)
 .debug_abbrev  0x00005b48      0x1e2 /usr/lib/gcc/arm-none-eabi/13.2.1/../../../arm-none-eabi/lib/thumb/v7e-m+fp/hard/libg_nano.a(libc_a-wsetup.o)
 .debug_abbrev  0x00005d2a       0x28 /usr/lib/gcc/arm-none-eabi/13.2.1/../../../arm-none-eabi/lib/thumb/v7e-m+fp/hard/libg_nano.a(libc_a-memcpy.o)
 .debug_abbrev  0x00005d52      0x20c /usr/lib/gcc/arm-none-eabi/13.2.1/../../../arm-none-eabi/lib/thumb/v7e-m+fp/hard/libg_nano.a(libc_a-reallocr.o)
 .debug_abbrev  0x00005f5e      0x284 /usr/lib/gcc/arm-none-eabi/13.2.1/../../../arm-none-eabi/lib/thumb/v7e-m+fp/hard/libg_nano.a(libc_a-nano-vfprintf_i.o)
 .debug_abbrev  0x000061e2      0x29d /usr/lib/gcc/arm-none-eabi/13.2.1/../../../arm-none-eabi/lib/thumb/v7e-m+fp/hard/libg_nano.a(libc_a-makebuf.o)
 .debug_abbrev  0x0000647f      0x1b0 /usr/lib/gcc/arm-none-eabi/13.2.1/../../../arm-none-eabi/lib/thumb/v7e-m+fp/hard/libg_nano.a(libc_a-isattyr.o)
 .debug_abbrev  0x0000662f      0x196 /usr/lib/gcc/arm-none-eabi/13.2.1/../../../arm-none-eabi/lib/thumb/v7e-m+fp/hard/libg_nano.a(libc_a-msizer.o)
 .debug_abbrev  0x000067c5      0x1c3 /usr/lib/gcc/arm-none-eabi/13.2.1/../../../arm-none-eabi/lib/thumb/v7e-m+fp/hard/libg_nano.a(libc_a-fstatr.o)

.debug_loclists
                0x00000000     0x2678
 .debug_loclists
                0x00000000       0x65 /usr/lib/gcc/arm-none-eabi/13.2.1/../../../arm-none-eabi/lib/thumb/v7e-m+fp/hard/libc_nano.a(libc_a-init.o)
 .debug_loclists
                0x00000065      0x1c2 /usr/lib/gcc/arm-none-eabi/13.2.1/../../../arm-none-eabi/lib/thumb/v7e-m+fp/hard/libc_nano.a(libc_a-memset.o)
 .debug_loclists
                0x00000227      0x1d0 /usr/lib/gcc/arm-none-eabi/13.2.1/../../../arm-none-eabi/lib/thumb/v7e-m+fp/hard/libc_nano.a(libc_a-findfp.o)
 .debug_loclists
                0x000003f7      0x2f3 /usr/lib/gcc/arm-none-eabi/13.2.1/../../../arm-none-eabi/lib/thumb/v7e-m+fp/hard/libc_nano.a(libc_a-fflush.o)
 .debug_loclists
                0x000006ea      0x263 /usr/lib/gcc/arm-none-eabi/13.2.1/../../../arm-none-eabi/lib/thumb/v7e-m+fp/hard/libc_nano.a(libc_a-mallocr.o)
 .debug_loclists
                0x0000094d      0x164 /usr/lib/gcc/arm-none-eabi/13.2.1/../../../arm-none-eabi/lib/thumb/v7e-m+fp/hard/libc_nano.a(libc_a-freer.o)
 .debug_loclists
                0x00000ab1       0x87 /usr/lib/gcc/arm-none-eabi/13.2.1/../../../arm-none-eabi/lib/thumb/v7e-m+fp/hard/libc_nano.a(libc_a-fwalk.o)
 .debug_loclists
                0x00000b38       0x4b /usr/lib/gcc/arm-none-eabi/13.2.1/../../../arm-none-eabi/lib/thumb/v7e-m+fp/hard/libc_nano.a(libc_a-sbrkr.o)
 .debug_loclists
                0x00000b83      0x23b /usr/lib/gcc/arm-none-eabi/13.2.1/../../../arm-none-eabi/lib/thumb/v7e-m+fp/hard/libc_nano.a(libc_a-stdio.o)
 .debug_loclists
                0x00000dbe       0x4b /usr/lib/gcc/arm-none-eabi/13.2.1/../../../arm-none-eabi/lib/thumb/v7e-m+fp/hard/libc_nano.a(libc_a-closer.o)
 .debug_loclists
                0x00000e09       0x9e /usr/lib/gcc/arm-none-eabi/13.2.1/../../../arm-none-eabi/lib/thumb/v7e-m+fp/hard/libc_nano.a(libc_a-readr.o)
 .debug_loclists
                0x00000ea7       0x80 /usr/lib/gcc/arm-none-eabi/13.2.1/../../../arm-none-eabi/lib/thumb/v7e-m+fp/hard/libc_nano.a(libc_a-reent.o)
 .debug_loclists
                0x00000f27       0x9e /usr/lib/gcc/arm-none-eabi/13.2.1/../../../arm-none-eabi/lib/thumb/v7e-m+fp/hard/libc_nano.a(libc_a-lseekr.o)
 .debug_loclists
                0x00000fc5       0x9e /usr/lib/gcc/arm-none-eabi/13.2.1/../../../arm-none-eabi/lib/thumb/v7e-m+fp/hard/libc_nano.a(libc_a-writer.o)
 .debug_loclists
                0x00001063       0x3c /usr/lib/gcc/arm-none-eabi/13.2.1/../../../arm-none-eabi/lib/thumb/v7e-m+fp/hard/libg_nano.a(libc_a-printf.o)
 .debug_loclists
                0x0000109f      0x5fd /usr/lib/gcc/arm-none-eabi/13.2.1/../../../arm-none-eabi/lib/thumb/v7e-m+fp/hard/libg_nano.a(libc_a-nano-vfprintf.o)
 .debug_loclists
                0x0000169c      0x104 /usr/lib/gcc/arm-none-eabi/13.2.1/../../../arm-none-eabi/lib/thumb/v7e-m+fp/hard/libg_nano.a(libc_a-wbuf.o)
 .debug_loclists
                0x000017a0      0x42a /usr/lib/gcc/arm-none-eabi/13.2.1/../../../arm-none-eabi/lib/thumb/v7e-m+fp/hard/libg_nano.a(libc_a-fvwrite.o)
 .debug_loclists
                0x00001bca      0x233 /usr/lib/gcc/arm-none-eabi/13.2.1/../../../arm-none-eabi/lib/thumb/v7e-m+fp/hard/libg_nano.a(libc_a-memmove.o)
 .debug_loclists
                0x00001dfd       0x61 /usr/lib/gcc/arm-none-eabi/13.2.1/../../../arm-none-eabi/lib/thumb/v7e-m+fp/hard/libg_nano.a(libc_a-wsetup.o)
 .debug_loclists
                0x00001e5e      0x102 /usr/lib/gcc/arm-none-eabi/13.2.1/../../../arm-none-eabi/lib/thumb/v7e-m+fp/hard/libg_nano.a(libc_a-reallocr.o)
 .debug_loclists
                0x00001f60      0x44f /usr/lib/gcc/arm-none-eabi/13.2.1/../../../arm-none-eabi/lib/thumb/v7e-m+fp/hard/libg_nano.a(libc_a-nano-vfprintf_i.o)
 .debug_loclists
                0x000023af      0x1b4 /usr/lib/gcc/arm-none-eabi/13.2.1/../../../arm-none-eabi/lib/thumb/v7e-m+fp/hard/libg_nano.a(libc_a-makebuf.o)
 .debug_loclists
                0x00002563       0x4b /usr/lib/gcc/arm-none-eabi/13.2.1/../../../arm-none-eabi/lib/thumb/v7e-m+fp/hard/libg_nano.a(libc_a-isattyr.o)
 .debug_loclists
                0x000025ae       0x59 /usr/lib/gcc/arm-none-eabi/13.2.1/../../../arm-none-eabi/lib/thumb/v7e-m+fp/hard/libg_nano.a(libc_a-msizer.o)
 .debug_loclists
                0x00002607       0x71 /usr/lib/gcc/arm-none-eabi/13.2.1/../../../arm-none-eabi/lib/thumb/v7e-m+fp/hard/libg_nano.a(libc_a-fstatr.o)

.debug_aranges  0x00000000     0x1090
 .debug_aranges
                0x00000000       0x20 /usr/lib/gcc/arm-none-eabi/13.2.1/../../../arm-none-eabi/lib/thumb/v7e-m+fp/hard/libc_nano.a(libc_a-init.o)
 .debug_aranges
                0x00000020       0x20 /usr/lib/gcc/arm-none-eabi/13.2.1/../../../arm-none-eabi/lib/thumb/v7e-m+fp/hard/libc_nano.a(libc_a-memset.o)
 .debug_aranges