Archive member included to satisfy reference by file (symbol)

/usr/lib/gcc/arm-none-eabi/13.2.1/../../../arm-none-eabi/lib/thumb/v7e-m+fp/hard/libc_nano.a(libc_a-init.o)
                              /usr/lib/gcc/arm-none-eabi/13.2.1/../../../arm-none-eabi/lib/thumb/v7e-m+fp/hard/crt0.o (__libc_init_array)
/usr/lib/gcc/arm-none-eabi/13.2.1/../../../arm-none-eabi/lib/thumb/v7e-m+fp/hard/libc_nano.a(libc_a-memset.o)
                              /usr/lib/gcc/arm-none-eabi/13.2.1/../../../arm-none-eabi/lib/thumb/v7e-m+fp/hard/crt0.o (memset)
/usr/lib/gcc/arm-none-eabi/13.2.1/../../../arm-none-eabi/lib/thumb/v7e-m+fp/hard/libc_nano.a(libc_a-exit.o)
                              /usr/lib/gcc/arm-none-eabi/13.2.1/../../../arm-none-eabi/lib/thumb/v7e-m+fp/hard/crt0.o (exit)
/usr/lib/gcc/arm-none-eabi/13.2.1/../../../arm-none-eabi/lib/thumb/v7e-m+fp/hard/libc_nano.a(libc_a-atexit.o)
                              /usr/lib/gcc/arm-none-eabi/13.2.1/../../../arm-none-eabi/lib/thumb/v7e-m+fp/hard/crt0.o (atexit)
/usr/lib/gcc/arm-none-eabi/13.2.1/../../../arm-none-eabi/lib/thumb/v7e-m+fp/hard/libc_nano.a(libc_a-fini.o)
                              /usr/lib/gcc/arm-none-eabi/13.2.1/../../../arm-none-eabi/lib/thumb/v7e-m+fp/hard/crt0.o (__libc_fini_array)
/usr/lib/gcc/arm-none-eabi/13.2.1/../../../arm-none-eabi/lib/thumb/v7e-m+fp/hard/libc_nano.a(libc_a-findfp.o)
                              /usr/lib/gcc/arm-none-eabi/13.2.1/../../../arm-none-eabi/lib/thumb/v7e-m+fp/hard/libc_nano.a(libc_a-exit.o) (__stdio_exit_handler)
/usr/lib/gcc/arm-none-eabi/13.2.1/../../../arm-none-eabi/lib/thumb/v7e-m+fp/hard/libc_nano.a(libc_a-fflush.o)
                              /usr/lib/gcc/arm-none-eabi/13.2.1/../../../arm-none-eabi/lib/thumb/v7e-m+fp/hard/libc_nano.a(libc_a-findfp.o) (_fflush_r)
/usr/lib/gcc/arm-none-eabi/13.2.1/../../../arm-none-eabi/lib/thumb/v7e-m+fp/hard/libc_nano.a(libc_a-mallocr.o)
                              /usr/lib/gcc/arm-none-eabi/13.2.1/../../../arm-none-eabi/lib/thumb/v7e-m+fp/hard/libc_nano.a(libc_a-findfp.o) (_malloc_r)
/usr/lib/gcc/arm-none-eabi/13.2.1/../../../arm-none-eabi/lib/thumb/v7e-m+fp/hard/libc_nano.a(libc_a-freer.o)
                              /usr/lib/gcc/arm-none-eabi/13.2.1/../../../arm-none-eabi/lib/thumb/v7e-m+fp/hard/libc_nano.a(libc_a-fflush.o) (_free_r)
/usr/lib/gcc/arm-none-eabi/13.2.1/../../../arm-none-eabi/lib/thumb/v7e-m+fp/hard/libc_nano.a(libc_a-fwalk.o)
                              /usr/lib/gcc/arm-none-eabi/13.2.1/../../../arm-none-eabi/lib/thumb/v7e-m+fp/hard/libc_nano.a(libc_a-findfp.o) (_fwalk_sglue)
/usr/lib/gcc/arm-none-eabi/13.2.1/../../../arm-none-eabi/lib/thumb/v7e-m+fp/hard/libc_nano.a(libc_a-__atexit.o)
                              /usr/lib/gcc/arm-none-eabi/13.2.1/../../../arm-none-eabi/lib/thumb/v7e-m+fp/hard/libc_nano.a(libc_a-atexit.o) (__register_exitproc)
/usr/lib/gcc/arm-none-eabi/13.2.1/../../../arm-none-eabi/lib/thumb/v7e-m+fp/hard/libc_nano.a(libc_a-mlock.o)
                              /usr/lib/gcc/arm-none-eabi/13.2.1/../../../arm-none-eabi/lib/thumb/v7e-m+fp/hard/libc_nano.a(libc_a-mallocr.o) (__malloc_lock)
/usr/lib/gcc/arm-none-eabi/13.2.1/../../../arm-none-eabi/lib/thumb/v7e-m+fp/hard/libc_nano.a(libc_a-sbrkr.o)
                              /usr/lib/gcc/arm-none-eabi/13.2.1/../../../arm-none-eabi/lib/thumb/v7e-m+fp/hard/libc_nano.a(libc_a-mallocr.o) (_sbrk_r)
/usr/lib/gcc/arm-none-eabi/13.2.1/../../../arm-none-eabi/lib/thumb/v7e-m+fp/hard/libc_nano.a(libc_a-stdio.o)
                              /usr/lib/gcc/arm-none-eabi/13.2.1/../../../arm-none-eabi/lib/thumb/v7e-m+fp/hard/libc_nano.a(libc_a-findfp.o) (__sread)
/usr/lib/gcc/arm-none-eabi/13.2.1/../../../arm-none-eabi/lib/thumb/v7e-m+fp/hard/libc_nano.a(libc_a-impure.o)
                              /usr/lib/gcc/arm-none-eabi/13.2.1/../../../arm-none-eabi/lib/thumb/v7e-m+fp/hard/libc_nano.a(libc_a-fflush.o) (_impure_ptr)
/usr/lib/gcc/arm-none-eabi/13.2.1/../../../arm-none-eabi/lib/thumb/v7e-m+fp/hard/libc_nano.a(libc_a-closer.o)
                              /usr/lib/gcc/arm-none-eabi/13.2.1/../../../arm-none-eabi/lib/thumb/v7e-m+fp/hard/libc_nano.a(libc_a-stdio.o) (_close_r)
/usr/lib/gcc/arm-none-eabi/13.2.1/../../../arm-none-eabi/lib/thumb/v7e-m+fp/hard/libc_nano.a(libc_a-__call_atexit.o)
                              /usr/lib/gcc/arm-none-eabi/13.2.1/../../../arm-none-eabi/lib/thumb/v7e-m+fp/hard/libc_nano.a(libc_a-__atexit.o) (__call_exitprocs)
/usr/lib/gcc/arm-none-eabi/13.2.1/../../../arm-none-eabi/lib/thumb/v7e-m+fp/hard/libc_nano.a(libc_a-readr.o)
                              /usr/lib/gcc/arm-none-eabi/13.2.1/../../../arm-none-eabi/lib/thumb/v7e-m+fp/hard/libc_nano.a(libc_a-stdio.o) (_read_r)
/usr/lib/gcc/arm-none-eabi/13.2.1/../../../arm-none-eabi/lib/thumb/v7e-m+fp/hard/libc_nano.a(libc_a-reent.o)
                              /usr/lib/gcc/arm-none-eabi/13.2.1/../../../arm-none-eabi/lib/thumb/v7e-m+fp/hard/libc_nano.a(libc_a-sbrkr.o) (errno)
[...]
Memory Configuration

Name             Origin             Length             Attributes
RAM              0x20000000         0x00008000         xrw
CCMRAM           0x10000000         0x00002000         xrw
FLASH            0x08000000         0x00020000         xr
*default*        0x00000000         0xffffffff

Linker script and memory map

LOAD /usr/lib/gcc/arm-none-eabi/13.2.1/thumb/v7e-m+fp/hard/crti.o
LOAD /usr/lib/gcc/arm-none-eabi/13.2.1/thumb/v7e-m+fp/hard/crtbegin.o
LOAD /usr/lib/gcc/arm-none-eabi/13.2.1/../../../arm-none-eabi/lib/thumb/v7e-m+fp/hard/crt0.o
START GROUP
LOAD /usr/lib/gcc/arm-none-eabi/13.2.1/../../../arm-none-eabi/lib/thumb/v7e-m+fp/hard/libc_nano.a
LOAD /usr/lib/gcc/arm-none-eabi/13.2.1/../../../arm-none-eabi/lib/thumb/v7e-m+fp/hard/libm.a
END GROUP
LOAD CMakeFiles/single_timer_interrupt.dir/Core/Src/main.c.obj
LOAD CMakeFiles/single_timer_interrupt.dir/Core/Src/stm32f3xx_it.c.obj
LOAD CMakeFiles/single_timer_interrupt.dir/Core/Src/stm32f3xx_hal_msp.c.obj
LOAD CMakeFiles/single_timer_interrupt.dir/USB_DEVICE/App/usb_device.c.obj
LOAD CMakeFiles/single_timer_interrupt.dir/USB_DEVICE/App/usbd_desc.c.obj
LOAD CMakeFiles/single_timer_interrupt.dir/USB_DEVICE/App/usbd_cdc_if.c.obj
LOAD CMakeFiles/single_timer_interrupt.dir/USB_DEVICE/Target/usbd_conf.c.obj
LOAD CMakeFiles/single_timer_interrupt.dir/Drivers/STM32F3xx_HAL_Driver/Src/stm32f3xx_ll_usb.c.obj
LOAD CMakeFiles/single_timer_interrupt.dir/Drivers/STM32F3xx_HAL_Driver/Src/stm32f3xx_hal_pcd.c.obj
LOAD CMakeFiles/single_timer_interrupt.dir/Drivers/STM32F3xx_HAL_Driver/Src/stm32f3xx_hal_pcd_ex.c.obj
LOAD CMakeFiles/single_timer_interrupt.dir/Drivers/STM32F3xx_HAL_Driver/Src/stm32f3xx_hal.c.obj
LOAD CMakeFiles/single_timer_interrupt.dir/Drivers/STM32F3xx_HAL_Driver/Src/stm32f3xx_hal_rcc.c.obj
LOAD CMakeFiles/single_timer_interrupt.dir/Drivers/STM32F3xx_HAL_Driver/Src/stm32f3xx_hal_rcc_ex.c.obj
LOAD CMakeFiles/single_timer_interrupt.dir/Drivers/STM32F3xx_HAL_Driver/Src/stm32f3xx_hal_gpio.c.obj
LOAD CMakeFiles/single_timer_interrupt.dir/Drivers/STM32F3xx_HAL_Driver/Src/stm32f3xx_hal_dma.c.obj
LOAD CMakeFiles/single_timer_interrupt.dir/Drivers/STM32F3xx_HAL_Driver/Src/stm32f3xx_hal_cortex.c.obj
LOAD CMakeFiles/single_timer_interrupt.dir/Drivers/STM32F3xx_HAL_Driver/Src/stm32f3xx_hal_pwr.c.obj
LOAD CMakeFiles/single_timer_interrupt.dir/Drivers/STM32F3xx_HAL_Driver/Src/stm32f3xx_hal_pwr_ex.c.obj
LOAD CMakeFiles/single_timer_interrupt.dir/Drivers/STM32F3xx_HAL_Driver/Src/stm32f3xx_hal_flash.c.obj
LOAD CMakeFiles/single_timer_interrupt.dir/Drivers/STM32F3xx_HAL_Driver/Src/stm32f3xx_hal_flash_ex.c.obj
LOAD CMakeFiles/single_timer_interrupt.dir/Drivers/STM32F3xx_HAL_Driver/Src/stm32f3xx_hal_i2c.c.obj
LOAD CMakeFiles/single_timer_interrupt.dir/Drivers/STM32F3xx_HAL_Driver/Src/stm32f3xx_hal_i2c_ex.c.obj
LOAD CMakeFiles/single_timer_interrupt.dir/Drivers/STM32F3xx_HAL_Driver/Src/stm32f3xx_hal_exti.c.obj
LOAD CMakeFiles/single_timer_interrupt.dir/Drivers/STM32F3xx_HAL_Driver/Src/stm32f3xx_hal_tim.c.obj
LOAD CMakeFiles/single_timer_interrupt.dir/Drivers/STM32F3xx_HAL_Driver/Src/stm32f3xx_hal_tim_ex.c.obj
LOAD CMakeFiles/single_timer_interrupt.dir/Core/Src/system_stm32f3xx.c.obj
LOAD CMakeFiles/single_timer_interrupt.dir/Middlewares/ST/STM32_USB_Device_Library/Core/Src/usbd_core.c.obj
LOAD CMakeFiles/single_timer_interrupt.dir/Middlewares/ST/STM32_USB_Device_Library/Core/Src/usbd_ctlreq.c.obj
LOAD CMakeFiles/single_timer_interrupt.dir/Middlewares/ST/STM32_USB_Device_Library/Core/Src/usbd_ioreq.c.obj
LOAD CMakeFiles/single_timer_interrupt.dir/Middlewares/ST/STM32_USB_Device_Library/Class/CDC/Src/usbd_cdc.c.obj
LOAD CMakeFiles/single_timer_interrupt.dir/Core/Src/sysmem.c.obj
LOAD CMakeFiles/single_timer_interrupt.dir/Core/Src/syscalls.c.obj
LOAD CMakeFiles/single_timer_interrupt.dir/startup_stm32f303xc.s.obj
START GROUP
LOAD /usr/lib/gcc/arm-none-eabi/13.2.1/thumb/v7e-m+fp/hard/libgcc.a
LOAD /usr/lib/gcc/arm-none-eabi/13.2.1/../../../arm-none-eabi/lib/thumb/v7e-m+fp/hard/libg_nano.a
LOAD /usr/lib/gcc/arm-none-eabi/13.2.1/../../../arm-none-eabi/lib/thumb/v7e-m+fp/hard/libc_nano.a
END GROUP
START GROUP
LOAD /usr/lib/gcc/arm-none-eabi/13.2.1/thumb/v7e-m+fp/hard/libgcc.a
LOAD /usr/lib/gcc/arm-none-eabi/13.2.1/../../../arm-none-eabi/lib/thumb/v7e-m+fp/hard/libc_nano.a
END GROUP
LOAD /usr/lib/gcc/arm-none-eabi/13.2.1/thumb/v7e-m+fp/hard/crtend.o
LOAD /usr/lib/gcc/arm-none-eabi/13.2.1/thumb/v7e-m+fp/hard/crtn.o
                0x20008000                        _estack = (ORIGIN (RAM) + LENGTH (RAM))
                0x00000200                        _Min_Heap_Size = 0x200
                0x00000400                        _Min_Stack_Size = 0x400

.isr_vector     0x08000000      0x188
                0x08000000                        . = ALIGN (0x4)
 *(.isr_vector)
 .isr_vector    0x08000000      0x188 CMakeFiles/single_timer_interrupt.dir/startup_stm32f303xc.s.obj
                0x08000000                g_pfnVectors
                0x08000188                        . = ALIGN (0x4)

.text           0x08000190     0xa874
                0x08000190                        . = ALIGN (0x4)
 *(.text)
 .text          0x08000190       0x88 /usr/lib/gcc/arm-none-eabi/13.2.1/thumb/v7e-m+fp/hard/crtbegin.o
 .text          0x08000218       0x50 /usr/lib/gcc/arm-none-eabi/13.2.1/../../../arm-none-eabi/lib/thumb/v7e-m+fp/hard/libc_nano.a(libc_a-init.o)
                0x08000218                __libc_init_array
 .text          0x08000268       0xa4 /usr/lib/gcc/arm-none-eabi/13.2.1/../../../arm-none-eabi/lib/thumb/v7e-m+fp/hard/libc_nano.a(libc_a-memset.o)
                0x08000268                memset
 .text          0x0800030c      0x224 /usr/lib/gcc/arm-none-eabi/13.2.1/../../../arm-none-eabi/lib/thumb/v7e-m+fp/hard/libc_nano.a(libc_a-findfp.o)
                0x0800043c                __sfp
                0x080004e0                __sinit
                0x08000500                __sfp_lock_acquire
                0x08000504                __sfp_lock_release
                0x08000508                __fp_lock_all
                0x0800051c                __fp_unlock_all
 .text          0x08000530      0x1a8 /usr/lib/gcc/arm-none-eabi/13.2.1/../../../arm-none-eabi/lib/thumb/v7e-m+fp/hard/libc_nano.a(libc_a-fflush.o)
                0x08000530                __sflush_r
                0x08000654                _fflush_r
                0x0800068c                fflush
 .text          0x080006d8      0x148 /usr/lib/gcc/arm-none-eabi/13.2.1/../../../arm-none-eabi/lib/thumb/v7e-m+fp/hard/libc_nano.a(libc_a-mallocr.o)
                0x08000720                _malloc_r
 .text          0x08000820       0xbc /usr/lib/gcc/arm-none-eabi/13.2.1/../../../arm-none-eabi/lib/thumb/v7e-m+fp/hard/libc_nano.a(libc_a-freer.o)
                0x08000820                _free_r
 .text          0x080008dc       0x44 /usr/lib/gcc/arm-none-eabi/13.2.1/../../../arm-none-eabi/lib/thumb/v7e-m+fp/hard/libc_nano.a(libc_a-fwalk.o)
                0x080008dc                _fwalk_sglue
 .text          0x08000920        0x8 /usr/lib/gcc/arm-none-eabi/13.2.1/../../../arm-none-eabi/lib/thumb/v7e-m+fp/hard/libc_nano.a(libc_a-mlock.o)
                0x08000920                __malloc_lock
                0x08000924                __malloc_unlock
 .text          0x08000928       0x24 /usr/lib/gcc/arm-none-eabi/13.2.1/../../../arm-none-eabi/lib/thumb/v7e-m+fp/hard/libc_nano.a(libc_a-sbrkr.o)
                0x08000928                _sbrk_r
 .text          0x0800094c       0x94 /usr/lib/gcc/arm-none-eabi/13.2.1/../../../arm-none-eabi/lib/thumb/v7e-m+fp/hard/libc_nano.a(libc_a-stdio.o)
                0x0800094c                __sread
                0x08000970                __seofread
                0x08000974                __swrite
                0x080009b4                __sseek
                0x080009d8                __sclose
 .text          0x080009e0       0x24 /usr/lib/gcc/arm-none-eabi/13.2.1/../../../arm-none-eabi/lib/thumb/v7e-m+fp/hard/libc_nano.a(libc_a-closer.o)
                0x080009e0                _close_r
 .text          0x08000a04       0x2c /usr/lib/gcc/arm-none-eabi/13.2.1/../../../arm-none-eabi/lib/thumb/v7e-m+fp/hard/libc_nano.a(libc_a-readr.o)
                0x08000a04                _read_r
 .text          0x08000a30       0x2c /usr/lib/gcc/arm-none-eabi/13.2.1/../../../arm-none-eabi/lib/thumb/v7e-m+fp/hard/libc_nano.a(libc_a-lseekr.o)
                0x08000a30                _lseek_r
 .text          0x08000a5c       0x2c /usr/lib/gcc/arm-none-eabi/13.2.1/../../../arm-none-eabi/lib/thumb/v7e-m+fp/hard/libc_nano.a(libc_a-writer.o)
                0x08000a5c                _write_r
 .text          0x08000a88       0xa0 /usr/lib/gcc/arm-none-eabi/13.2.1/../../../arm-none-eabi/lib/thumb/v7e-m+fp/hard/libg_nano.a(libc_a-puts.o)
                0x08000a88                _puts_r
                0x08000b18                puts
 .text          0x08000b28        0xc /usr/lib/gcc/arm-none-eabi/13.2.1/../../../arm-none-eabi/lib/thumb/v7e-m+fp/hard/libg_nano.a(libc_a-errno.o)
                0x08000b28                __errno
 .text          0x08000b34       0xc4 /usr/lib/gcc/arm-none-eabi/13.2.1/../../../arm-none-eabi/lib/thumb/v7e-m+fp/hard/libg_nano.a(libc_a-wsetup.o)
                0x08000b34                __swsetup_r
 .text          0x08000bf8      0x114 /usr/lib/gcc/arm-none-eabi/13.2.1/../../../arm-none-eabi/lib/thumb/v7e-m+fp/hard/libg_nano.a(libc_a-makebuf.o)
                0x08000bf8                __smakebuf_r
                0x08000cbc                __swhatbuf_r
 .text          0x08000d0c       0x48 /usr/lib/gcc/arm-none-eabi/13.2.1/../../../arm-none-eabi/lib/thumb/v7e-m+fp/hard/libg_nano.a(libc_a-printf.o)
                0x08000d0c                _printf_r
                0x08000d0c                _iprintf_r
                0x08000d2c                printf
                0x08000d2c                iprintf
 .text          0x08000d54       0x24 /usr/lib/gcc/arm-none-eabi/13.2.1/../../../arm-none-eabi/lib/thumb/v7e-m+fp/hard/libg_nano.a(libc_a-isattyr.o)
                0x08000d54                _isatty_r
 .text          0x08000d78      0x314 /usr/lib/gcc/arm-none-eabi/13.2.1/../../../arm-none-eabi/lib/thumb/v7e-m+fp/hard/libg_nano.a(libc_a-nano-vfprintf.o)
                0x08000db4                __sfputs_r
                0x08000de4                __sprint_r
                0x08000e04                _vfiprintf_r
                0x08000e04                _vfprintf_r
                0x08001070                vfiprintf
                0x08001070                vfprintf
 .text          0x0800108c       0xa0 /usr/lib/gcc/arm-none-eabi/13.2.1/../../../arm-none-eabi/lib/thumb/v7e-m+fp/hard/libg_nano.a(libc_a-wbuf.o)
                0x0800108c                __swbuf_r
                0x08001114                __swbuf
 .text          0x0800112c      0x300 /usr/lib/gcc/arm-none-eabi/13.2.1/../../../arm-none-eabi/lib/thumb/v7e-m+fp/hard/libg_nano.a(libc_a-fvwrite.o)
                0x0800112c                __sfvwrite_r
 .text          0x0800142c      0x100 /usr/lib/gcc/arm-none-eabi/13.2.1/../../../arm-none-eabi/lib/thumb/v7e-m+fp/hard/libg_nano.a(libc_a-memmove.o)
                0x0800142c                memmove
 *fill*         0x0800152c        0x4 
 .text          0x08001530       0xa0 /usr/lib/gcc/arm-none-eabi/13.2.1/../../../arm-none-eabi/lib/thumb/v7e-m+fp/hard/libg_nano.a(libc_a-memchr.o)
                0x08001530                memchr
 .text          0x080015d0      0x134 /usr/lib/gcc/arm-none-eabi/13.2.1/../../../arm-none-eabi/lib/thumb/v7e-m+fp/hard/libg_nano.a(libc_a-memcpy.o)
                0x080015d0                memcpy
 .text          0x08001704       0x64 /usr/lib/gcc/arm-none-eabi/13.2.1/../../../arm-none-eabi/lib/thumb/v7e-m+fp/hard/libg_nano.a(libc_a-reallocr.o)
                0x08001704                _realloc_r
 .text          0x08001768      0x3a8 /usr/lib/gcc/arm-none-eabi/13.2.1/../../../arm-none-eabi/lib/thumb/v7e-m+fp/hard/libg_nano.a(libc_a-nano-vfprintf_i.o)
                0x08001768                _printf_common
                0x0800188c                _printf_i
 .text          0x08001b10       0x2c /usr/lib/gcc/arm-none-eabi/13.2.1/../../../arm-none-eabi/lib/thumb/v7e-m+fp/hard/libg_nano.a(libc_a-fstatr.o)
                0x08001b10                _fstat_r
 .text          0x08001b3c       0x10 /usr/lib/gcc/arm-none-eabi/13.2.1/../../../arm-none-eabi/lib/thumb/v7e-m+fp/hard/libg_nano.a(libc_a-msizer.o)
                0x08001b3c                _malloc_usable_size_r
 *(.text*)
 .text.main     0x08001b4c       0x7c CMakeFiles/single_timer_interrupt.dir/Core/Src/main.c.obj
                0x08001b4c                main
 .text.SystemClock_Config
                0x08001bc8       0xbc CMakeFiles/single_timer_interrupt.dir/Core/Src/main.c.obj
                0x08001bc8                SystemClock_Config
 .text.MX_TIM8_Init
                0x08001c84       0xa8 CMakeFiles/single_timer_interrupt.dir/Core/Src/main.c.obj
 .text.MX_GPIO_Init
                0x08001d2c      0x108 CMakeFiles/single_timer_interrupt.dir/Core/Src/main.c.obj
 .text.Error_Handler
                0x08001e34        0xc CMakeFiles/single_timer_interrupt.dir/Core/Src/main.c.obj
                0x08001e34                Error_Handler
 .text.NMI_Handler
                0x08001e40        0x8 CMakeFiles/single_timer_interrupt.dir/Core/Src/stm32f3xx_it.c.obj
                0x08001e40                NMI_Handler
 .text.HardFault_Handler
                0x08001e48        0x8 CMakeFiles/single_timer_interrupt.dir/Core/Src/stm32f3xx_it.c.obj
                0x08001e48                HardFault_Handler
 .text.MemManage_Handler
                0x08001e50        0x8 CMakeFiles/single_timer_interrupt.dir/Core/Src/stm32f3xx_it.c.obj
                0x08001e50                MemManage_Handler
 .text.BusFault_Handler
                0x08001e58        0x8 CMakeFiles/single_timer_interrupt.dir/Core/Src/stm32f3xx_it.c.obj
                0x08001e58                BusFault_Handler
 .text.UsageFault_Handler
                0x08001e60        0x8 CMakeFiles/single_timer_interrupt.dir/Core/Src/stm32f3xx_it.c.obj
                0x08001e60                UsageFault_Handler
 .text.SVC_Handler
                0x08001e68        0xe CMakeFiles/single_timer_interrupt.dir/Core/Src/stm32f3xx_it.c.obj
                0x08001e68                SVC_Handler
 .text.DebugMon_Handler
                0x08001e76        0xe CMakeFiles/single_timer_interrupt.dir/Core/Src/stm32f3xx_it.c.obj
                0x08001e76                DebugMon_Handler
 .text.PendSV_Handler
                0x08001e84        0xe CMakeFiles/single_timer_interrupt.dir/Core/Src/stm32f3xx_it.c.obj
                0x08001e84                PendSV_Handler
 .text.SysTick_Handler
                0x08001e92        0xc CMakeFiles/single_timer_interrupt.dir/Core/Src/stm32f3xx_it.c.obj
                0x08001e92                SysTick_Handler
 *fill*         0x08001e9e        0x2 
 .text.USB_LP_CAN_RX0_IRQHandler
                0x08001ea0       0x14 CMakeFiles/single_timer_interrupt.dir/Core/Src/stm32f3xx_it.c.obj
                0x08001ea0                USB_LP_CAN_RX0_IRQHandler
 .text.TIM8_UP_IRQHandler
                0x08001eb4      0x130 CMakeFiles/single_timer_interrupt.dir/Core/Src/stm32f3xx_it.c.obj
                0x08001eb4                TIM8_UP_IRQHandler
 .text.HAL_MspInit
                0x08001fe4       0x48 CMakeFiles/single_timer_interrupt.dir/Core/Src/stm32f3xx_hal_msp.c.obj
                0x08001fe4                HAL_MspInit
 .text.HAL_TIM_Base_MspInit
                0x0800202c       0x4c CMakeFiles/single_timer_interrupt.dir/Core/Src/stm32f3xx_hal_msp.c.obj
                0x0800202c                HAL_TIM_Base_MspInit
 .text._write   0x08002078       0x3c CMakeFiles/single_timer_interrupt.dir/USB_DEVICE/App/usb_device.c.obj
                0x08002078                _write
 .text.MX_USB_DEVICE_Init
                0x080020b4       0x60 CMakeFiles/single_timer_interrupt.dir/USB_DEVICE/App/usb_device.c.obj
                0x080020b4                MX_USB_DEVICE_Init
 .text.USBD_FS_DeviceDescriptor
                0x08002114       0x24 CMakeFiles/single_timer_interrupt.dir/USB_DEVICE/App/usbd_desc.c.obj
                0x08002114                USBD_FS_DeviceDescriptor
 .text.USBD_FS_LangIDStrDescriptor
                0x08002138       0x24 CMakeFiles/single_timer_interrupt.dir/USB_DEVICE/App/usbd_desc.c.obj
                0x08002138                USBD_FS_LangIDStrDescriptor
 .text.USBD_FS_ProductStrDescriptor
                0x0800215c       0x3c CMakeFiles/single_timer_interrupt.dir/USB_DEVICE/App/usbd_desc.c.obj
                0x0800215c                USBD_FS_ProductStrDescriptor
 .text.USBD_FS_ManufacturerStrDescriptor
                0x08002198       0x28 CMakeFiles/single_timer_interrupt.dir/USB_DEVICE/App/usbd_desc.c.obj
                0x08002198                USBD_FS_ManufacturerStrDescriptor
 .text.USBD_FS_SerialStrDescriptor
                0x080021c0       0x24 CMakeFiles/single_timer_interrupt.dir/USB_DEVICE/App/usbd_desc.c.obj
                0x080021c0                USBD_FS_SerialStrDescriptor
 .text.USBD_FS_ConfigStrDescriptor
                0x080021e4       0x3c CMakeFiles/single_timer_interrupt.dir/USB_DEVICE/App/usbd_desc.c.obj
                0x080021e4                USBD_FS_ConfigStrDescriptor
 .text.USBD_FS_InterfaceStrDescriptor
                0x08002220       0x3c CMakeFiles/single_timer_interrupt.dir/USB_DEVICE/App/usbd_desc.c.obj
                0x08002220                USBD_FS_InterfaceStrDescriptor
 .text.Get_SerialNum
                0x0800225c       0x58 CMakeFiles/single_timer_interrupt.dir/USB_DEVICE/App/usbd_desc.c.obj
 .text.IntToUnicode
                0x080022b4       0x7e CMakeFiles/single_timer_interrupt.dir/USB_DEVICE/App/usbd_desc.c.obj
 *fill*         0x08002332        0x2 
 .text.CDC_Init_FS
                0x08002334       0x28 CMakeFiles/single_timer_interrupt.dir/USB_DEVICE/App/usbd_cdc_if.c.obj
 .text.CDC_DeInit_FS
                0x0800235c       0x10 CMakeFiles/single_timer_interrupt.dir/USB_DEVICE/App/usbd_cdc_if.c.obj
 .text.CDC_Control_FS
                0x0800236c       0xbc CMakeFiles/single_timer_interrupt.dir/USB_DEVICE/App/usbd_cdc_if.c.obj
 .text.CDC_Receive_FS
                0x08002428       0x28 CMakeFiles/single_timer_interrupt.dir/USB_DEVICE/App/usbd_cdc_if.c.obj
 .text.CDC_Transmit_FS
                0x08002450       0x4c CMakeFiles/single_timer_interrupt.dir/USB_DEVICE/App/usbd_cdc_if.c.obj
                0x08002450                CDC_Transmit_FS
 .text.HAL_PCD_MspInit
                0x0800249c       0x98 CMakeFiles/single_timer_interrupt.dir/USB_DEVICE/Target/usbd_conf.c.obj
                0x0800249c                HAL_PCD_MspInit
 .text.HAL_PCD_SetupStageCallback
                0x08002534       0x24 CMakeFiles/single_timer_interrupt.dir/USB_DEVICE/Target/usbd_conf.c.obj
                0x08002534                HAL_PCD_SetupStageCallback
 .text.HAL_PCD_DataOutStageCallback
                0x08002558       0x36 CMakeFiles/single_timer_interrupt.dir/USB_DEVICE/Target/usbd_conf.c.obj
                0x08002558                HAL_PCD_DataOutStageCallback
 .text.HAL_PCD_DataInStageCallback
                0x0800258e       0x34 CMakeFiles/single_timer_interrupt.dir/USB_DEVICE/Target/usbd_conf.c.obj
                0x0800258e                HAL_PCD_DataInStageCallback
 .text.HAL_PCD_SOFCallback
                0x080025c2       0x1c CMakeFiles/single_timer_interrupt.dir/USB_DEVICE/Target/usbd_conf.c.obj
                0x080025c2                HAL_PCD_SOFCallback
 .text.HAL_PCD_ResetCallback
                0x080025de       0x3c CMakeFiles/single_timer_interrupt.dir/USB_DEVICE/Target/usbd_conf.c.obj
                0x080025de                HAL_PCD_ResetCallback
 *fill*         0x0800261a        0x2 
 .text.HAL_PCD_SuspendCallback
                0x0800261c       0x34 CMakeFiles/single_timer_interrupt.dir/USB_DEVICE/Target/usbd_conf.c.obj
                0x0800261c                HAL_PCD_SuspendCallback
 .text.HAL_PCD_ResumeCallback
                0x08002650       0x1c CMakeFiles/single_timer_interrupt.dir/USB_DEVICE/Target/usbd_conf.c.obj
                0x08002650                HAL_PCD_ResumeCallback
 .text.USBD_LL_Init
                0x0800266c       0xb4 CMakeFiles/single_timer_interrupt.dir/USB_DEVICE/Target/usbd_conf.c.obj
                0x0800266c                USBD_LL_Init
 .text.USBD_LL_Start
                0x08002720       0x36 CMakeFiles/single_timer_interrupt.dir/USB_DEVICE/Target/usbd_conf.c.obj
                0x08002720                USBD_LL_Start
 .text.USBD_LL_OpenEP
                0x08002756       0x4c CMakeFiles/single_timer_interrupt.dir/USB_DEVICE/Target/usbd_conf.c.obj
                0x08002756                USBD_LL_OpenEP
 .text.USBD_LL_CloseEP
                0x080027a2       0x3e CMakeFiles/single_timer_interrupt.dir/USB_DEVICE/Target/usbd_conf.c.obj
                0x080027a2                USBD_LL_CloseEP
 .text.USBD_LL_StallEP
                0x080027e0       0x3e CMakeFiles/single_timer_interrupt.dir/USB_DEVICE/Target/usbd_conf.c.obj
                0x080027e0                USBD_LL_StallEP
 .text.USBD_LL_ClearStallEP
                0x0800281e       0x3e CMakeFiles/single_timer_interrupt.dir/USB_DEVICE/Target/usbd_conf.c.obj
                0x0800281e                USBD_LL_ClearStallEP
 .text.USBD_LL_IsStallEP
                0x0800285c       0x58 CMakeFiles/single_timer_interrupt.dir/USB_DEVICE/Target/usbd_conf.c.obj
                0x0800285c                USBD_LL_IsStallEP
 .text.USBD_LL_SetUSBAddress
                0x080028b4       0x3e CMakeFiles/single_timer_interrupt.dir/USB_DEVICE/Target/usbd_conf.c.obj
                0x080028b4                USBD_LL_SetUSBAddress
 .text.USBD_LL_Transmit
                0x080028f2       0x46 CMakeFiles/single_timer_interrupt.dir/USB_DEVICE/Target/usbd_conf.c.obj
                0x080028f2                USBD_LL_Transmit
 .text.USBD_LL_PrepareReceive
                0x08002938       0x46 CMakeFiles/single_timer_interrupt.dir/USB_DEVICE/Target/usbd_conf.c.obj
                0x08002938                USBD_LL_PrepareReceive
 .text.USBD_LL_GetRxDataSize
                0x0800297e       0x26 CMakeFiles/single_timer_interrupt.dir/USB_DEVICE/Target/usbd_conf.c.obj
                0x0800297e                USBD_LL_GetRxDataSize
 .text.USBD_static_malloc
                0x080029a4       0x1c CMakeFiles/single_timer_interrupt.dir/USB_DEVICE/Target/usbd_conf.c.obj
                0x080029a4                USBD_static_malloc
 .text.USBD_static_free
                0x080029c0       0x14 CMakeFiles/single_timer_interrupt.dir/USB_DEVICE/Target/usbd_conf.c.obj
                0x080029c0                USBD_static_free
 .text.HAL_PCDEx_SetConnectionState
                0x080029d4       0x18 CMakeFiles/single_timer_interrupt.dir/USB_DEVICE/Target/usbd_conf.c.obj
                0x080029d4                HAL_PCDEx_SetConnectionState
 .text.USBD_Get_USB_Status
                0x080029ec       0x58 CMakeFiles/single_timer_interrupt.dir/USB_DEVICE/Target/usbd_conf.c.obj
 .text.USB_EnableGlobalInt
                0x08002a44       0x2e CMakeFiles/single_timer_interrupt.dir/Drivers/STM32F3xx_HAL_Driver/Src/stm32f3xx_ll_usb.c.obj
                0x08002a44                USB_EnableGlobalInt
 .text.USB_DisableGlobalInt
                0x08002a72       0x36 CMakeFiles/single_timer_interrupt.dir/Drivers/STM32F3xx_HAL_Driver/Src/stm32f3xx_ll_usb.c.obj
                0x08002a72                USB_DisableGlobalInt
 .text.USB_DevInit
                0x08002aa8       0x3c CMakeFiles/single_timer_interrupt.dir/Drivers/STM32F3xx_HAL_Driver/Src/stm32f3xx_ll_usb.c.obj
                0x08002aa8                USB_DevInit
 .text.USB_ActivateEndpoint
                0x08002ae4      0x788 CMakeFiles/single_timer_interrupt.dir/Drivers/STM32F3xx_HAL_Driver/Src/stm32f3xx_ll_usb.c.obj
                0x08002ae4                USB_ActivateEndpoint
 .text.USB_DeactivateEndpoint
                0x0800326c      0x3da CMakeFiles/single_timer_interrupt.dir/Drivers/STM32F3xx_HAL_Driver/Src/stm32f3xx_ll_usb.c.obj
                0x0800326c                USB_DeactivateEndpoint
 .text.USB_EPStartXfer
                0x08003646     0x1764 CMakeFiles/single_timer_interrupt.dir/Drivers/STM32F3xx_HAL_Driver/Src/stm32f3xx_ll_usb.c.obj
                0x08003646                USB_EPStartXfer
 .text.USB_EPSetStall
                0x08004daa       0xa2 CMakeFiles/single_timer_interrupt.dir/Drivers/STM32F3xx_HAL_Driver/Src/stm32f3xx_ll_usb.c.obj
                0x08004daa                USB_EPSetStall
 .text.USB_EPClearStall
                0x08004e4c      0x15c CMakeFiles/single_timer_interrupt.dir/Drivers/STM32F3xx_HAL_Driver/Src/stm32f3xx_ll_usb.c.obj
                0x08004e4c                USB_EPClearStall
 .text.USB_SetDevAddress
                0x08004fa8       0x28 CMakeFiles/single_timer_interrupt.dir/Drivers/STM32F3xx_HAL_Driver/Src/stm32f3xx_ll_usb.c.obj
                0x08004fa8                USB_SetDevAddress
 .text.USB_DevConnect
                0x08004fd0       0x16 CMakeFiles/single_timer_interrupt.dir/Drivers/STM32F3xx_HAL_Driver/Src/stm32f3xx_ll_usb.c.obj
                0x08004fd0                USB_DevConnect
 .text.USB_ReadInterrupts
                0x08004fe6       0x20 CMakeFiles/single_timer_interrupt.dir/Drivers/STM32F3xx_HAL_Driver/Src/stm32f3xx_ll_usb.c.obj
                0x08004fe6                USB_ReadInterrupts
 .text.USB_WritePMA
                0x08005006       0x8e CMakeFiles/single_timer_interrupt.dir/Drivers/STM32F3xx_HAL_Driver/Src/stm32f3xx_ll_usb.c.obj
                0x08005006                USB_WritePMA
 .text.USB_ReadPMA
                0x08005094       0xa0 CMakeFiles/single_timer_interrupt.dir/Drivers/STM32F3xx_HAL_Driver/Src/stm32f3xx_ll_usb.c.obj
                0x08005094                USB_ReadPMA
 .text.HAL_PCD_Init
                0x08005134      0x18e CMakeFiles/single_timer_interrupt.dir/Drivers/STM32F3xx_HAL_Driver/Src/stm32f3xx_hal_pcd.c.obj
                0x08005134                HAL_PCD_Init
 .text.HAL_PCD_Start
                0x080052c2       0x4c CMakeFiles/single_timer_interrupt.dir/Drivers/STM32F3xx_HAL_Driver/Src/stm32f3xx_hal_pcd.c.obj
                0x080052c2                HAL_PCD_Start
 .text.HAL_PCD_IRQHandler
                0x0800530e      0x1a8 CMakeFiles/single_timer_interrupt.dir/Drivers/STM32F3xx_HAL_Driver/Src/stm32f3xx_hal_pcd.c.obj
                0x0800530e                HAL_PCD_IRQHandler
 .text.HAL_PCD_SetAddress
                0x080054b6       0x48 CMakeFiles/single_timer_interrupt.dir/Drivers/STM32F3xx_HAL_Driver/Src/stm32f3xx_hal_pcd.c.obj
                0x080054b6                HAL_PCD_SetAddress
 .text.HAL_PCD_EP_Open
                0x080054fe       0xba CMakeFiles/single_timer_interrupt.dir/Drivers/STM32F3xx_HAL_Driver/Src/stm32f3xx_hal_pcd.c.obj
                0x080054fe                HAL_PCD_EP_Open
 .text.HAL_PCD_EP_Close
                0x080055b8       0x90 CMakeFiles/single_timer_interrupt.dir/Drivers/STM32F3xx_HAL_Driver/Src/stm32f3xx_hal_pcd.c.obj
                0x080055b8                HAL_PCD_EP_Close
 .text.HAL_PCD_EP_Receive
                0x08005648       0x62 CMakeFiles/single_timer_interrupt.dir/Drivers/STM32F3xx_HAL_Driver/Src/stm32f3xx_hal_pcd.c.obj
                0x08005648                HAL_PCD_EP_Receive
 .text.HAL_PCD_EP_GetRxCount
                0x080056aa       0x30 CMakeFiles/single_timer_interrupt.dir/Drivers/STM32F3xx_HAL_Driver/Src/stm32f3xx_hal_pcd.c.obj
                0x080056aa                HAL_PCD_EP_GetRxCount
 .text.HAL_PCD_EP_Transmit
                0x080056da       0x6e CMakeFiles/single_timer_interrupt.dir/Drivers/STM32F3xx_HAL_Driver/Src/stm32f3xx_hal_pcd.c.obj
                0x080056da                HAL_PCD_EP_Transmit
 .text.HAL_PCD_EP_SetStall
                0x08005748       0xa4 CMakeFiles/single_timer_interrupt.dir/Drivers/STM32F3xx_HAL_Driver/Src/stm32f3xx_hal_pcd.c.obj
                0x08005748                HAL_PCD_EP_SetStall
 .text.HAL_PCD_EP_ClrStall
                0x080057ec       0xa8 CMakeFiles/single_timer_interrupt.dir/Drivers/STM32F3xx_HAL_Driver/Src/stm32f3xx_hal_pcd.c.obj
                0x080057ec                HAL_PCD_EP_ClrStall
 .text.PCD_EP_ISR_Handler
                0x08005894      0x79e CMakeFiles/single_timer_interrupt.dir/Drivers/STM32F3xx_HAL_Driver/Src/stm32f3xx_hal_pcd.c.obj
 .text.HAL_PCD_EP_DB_Receive
                0x08006032      0x21a CMakeFiles/single_timer_interrupt.dir/Drivers/STM32F3xx_HAL_Driver/Src/stm32f3xx_hal_pcd.c.obj
 .text.HAL_PCD_EP_DB_Transmit
                0x0800624c      0x7f4 CMakeFiles/single_timer_interrupt.dir/Drivers/STM32F3xx_HAL_Driver/Src/stm32f3xx_hal_pcd.c.obj
 .text.HAL_PCDEx_PMAConfig
                0x08006a40       0x86 CMakeFiles/single_timer_interrupt.dir/Drivers/STM32F3xx_HAL_Driver/Src/stm32f3xx_hal_pcd_ex.c.obj
                0x08006a40                HAL_PCDEx_PMAConfig
 *fill*         0x08006ac6        0x2 
 .text.HAL_Init
                0x08006ac8       0x2c CMakeFiles/single_timer_interrupt.dir/Drivers/STM32F3xx_HAL_Driver/Src/stm32f3xx_hal.c.obj
                0x08006ac8                HAL_Init
 .text.HAL_InitTick
                0x08006af4       0x60 CMakeFiles/single_timer_interrupt.dir/Drivers/STM32F3xx_HAL_Driver/Src/stm32f3xx_hal.c.obj
                0x08006af4                HAL_InitTick
 .text.HAL_IncTick
                0x08006b54       0x28 CMakeFiles/single_timer_interrupt.dir/Drivers/STM32F3xx_HAL_Driver/Src/stm32f3xx_hal.c.obj
                0x08006b54                HAL_IncTick
 .text.HAL_GetTick
                0x08006b7c       0x18 CMakeFiles/single_timer_interrupt.dir/Drivers/STM32F3xx_HAL_Driver/Src/stm32f3xx_hal.c.obj
                0x08006b7c                HAL_GetTick
 .text.HAL_Delay
                0x08006b94       0x48 CMakeFiles/single_timer_interrupt.dir/Drivers/STM32F3xx_HAL_Driver/Src/stm32f3xx_hal.c.obj
                0x08006b94                HAL_Delay
 .text.HAL_RCC_OscConfig
                0x08006bdc     0x101c CMakeFiles/single_timer_interrupt.dir/Drivers/STM32F3xx_HAL_Driver/Src/stm32f3xx_hal_rcc.c.obj
                0x08006bdc                HAL_RCC_OscConfig
 .text.HAL_RCC_ClockConfig
                0x08007bf8      0x2dc CMakeFiles/single_timer_interrupt.dir/Drivers/STM32F3xx_HAL_Driver/Src/stm32f3xx_hal_rcc.c.obj
                0x08007bf8                HAL_RCC_ClockConfig
 .text.HAL_RCC_GetSysClockFreq
                0x08007ed4       0xa8 CMakeFiles/single_timer_interrupt.dir/Drivers/STM32F3xx_HAL_Driver/Src/stm32f3xx_hal_rcc.c.obj
                0x08007ed4                HAL_RCC_GetSysClockFreq
 .text.HAL_RCCEx_PeriphCLKConfig
                0x08007f7c      0x35c CMakeFiles/single_timer_interrupt.dir/Drivers/STM32F3xx_HAL_Driver/Src/stm32f3xx_hal_rcc_ex.c.obj
                0x08007f7c                HAL_RCCEx_PeriphCLKConfig
 .text.HAL_GPIO_Init
                0x080082d8      0x2f4 CMakeFiles/single_timer_interrupt.dir/Drivers/STM32F3xx_HAL_Driver/Src/stm32f3xx_hal_gpio.c.obj
                0x080082d8                HAL_GPIO_Init
 .text.HAL_GPIO_WritePin
                0x080085cc       0x30 CMakeFiles/single_timer_interrupt.dir/Drivers/STM32F3xx_HAL_Driver/Src/stm32f3xx_hal_gpio.c.obj
                0x080085cc                HAL_GPIO_WritePin
 .text.HAL_GPIO_TogglePin
                0x080085fc       0x34 CMakeFiles/single_timer_interrupt.dir/Drivers/STM32F3xx_HAL_Driver/Src/stm32f3xx_hal_gpio.c.obj
                0x080085fc                HAL_GPIO_TogglePin
 .text.__NVIC_SetPriorityGrouping
                0x08008630       0x48 CMakeFiles/single_timer_interrupt.dir/Drivers/STM32F3xx_HAL_Driver/Src/stm32f3xx_hal_cortex.c.obj
 .text.__NVIC_GetPriorityGrouping
                0x08008678       0x1c CMakeFiles/single_timer_interrupt.dir/Drivers/STM32F3xx_HAL_Driver/Src/stm32f3xx_hal_cortex.c.obj
 .text.__NVIC_EnableIRQ
                0x08008694       0x3c CMakeFiles/single_timer_interrupt.dir/Drivers/STM32F3xx_HAL_Driver/Src/stm32f3xx_hal_cortex.c.obj
 .text.__NVIC_SetPriority
                0x080086d0       0x54 CMakeFiles/single_timer_interrupt.dir/Drivers/STM32F3xx_HAL_Driver/Src/stm32f3xx_hal_cortex.c.obj
 .text.NVIC_EncodePriority
                0x08008724       0x66 CMakeFiles/single_timer_interrupt.dir/Drivers/STM32F3xx_HAL_Driver/Src/stm32f3xx_hal_cortex.c.obj
 *fill*         0x0800878a        0x2 
 .text.SysTick_Config
                0x0800878c       0x44 CMakeFiles/single_timer_interrupt.dir/Drivers/STM32F3xx_HAL_Driver/Src/stm32f3xx_hal_cortex.c.obj
 .text.HAL_NVIC_SetPriorityGrouping
                0x080087d0       0x16 CMakeFiles/single_timer_interrupt.dir/Drivers/STM32F3xx_HAL_Driver/Src/stm32f3xx_hal_cortex.c.obj
                0x080087d0                HAL_NVIC_SetPriorityGrouping
 .text.HAL_NVIC_SetPriority
                0x080087e6       0x38 CMakeFiles/single_timer_interrupt.dir/Drivers/STM32F3xx_HAL_Driver/Src/stm32f3xx_hal_cortex.c.obj
                0x080087e6                HAL_NVIC_SetPriority
 .text.HAL_NVIC_EnableIRQ
                0x0800881e       0x1c CMakeFiles/single_timer_interrupt.dir/Drivers/STM32F3xx_HAL_Driver/Src/stm32f3xx_hal_cortex.c.obj
                0x0800881e                HAL_NVIC_EnableIRQ
 .text.HAL_SYSTICK_Config
                0x0800883a       0x18 CMakeFiles/single_timer_interrupt.dir/Drivers/STM32F3xx_HAL_Driver/Src/stm32f3xx_hal_cortex.c.obj
                0x0800883a                HAL_SYSTICK_Config
 .text.HAL_TIM_Base_Init
                0x08008852       0xae CMakeFiles/single_timer_interrupt.dir/Drivers/STM32F3xx_HAL_Driver/Src/stm32f3xx_hal_tim.c.obj
                0x08008852                HAL_TIM_Base_Init
 .text.HAL_TIM_Base_Start_IT
                0x08008900       0xd4 CMakeFiles/single_timer_interrupt.dir/Drivers/STM32F3xx_HAL_Driver/Src/stm32f3xx_hal_tim.c.obj
                0x08008900                HAL_TIM_Base_Start_IT
 .text.HAL_TIM_IRQHandler
                0x080089d4      0x204 CMakeFiles/single_timer_interrupt.dir/Drivers/STM32F3xx_HAL_Driver/Src/stm32f3xx_hal_tim.c.obj
                0x080089d4                HAL_TIM_IRQHandler
 .text.HAL_TIM_ConfigClockSource
                0x08008bd8      0x192 CMakeFiles/single_timer_interrupt.dir/Drivers/STM32F3xx_HAL_Driver/Src/stm32f3xx_hal_tim.c.obj
                0x08008bd8                HAL_TIM_ConfigClockSource
 .text.HAL_TIM_PeriodElapsedCallback
                0x08008d6a       0x14 CMakeFiles/single_timer_interrupt.dir/Drivers/STM32F3xx_HAL_Driver/Src/stm32f3xx_hal_tim.c.obj
                0x08008d6a                HAL_TIM_PeriodElapsedCallback
 .text.HAL_TIM_OC_DelayElapsedCallback
                0x08008d7e       0x14 CMakeFiles/single_timer_interrupt.dir/Drivers/STM32F3xx_HAL_Driver/Src/stm32f3xx_hal_tim.c.obj
                0x08008d7e                HAL_TIM_OC_DelayElapsedCallback
 .text.HAL_TIM_IC_CaptureCallback
                0x08008d92       0x14 CMakeFiles/single_timer_interrupt.dir/Drivers/STM32F3xx_HAL_Driver/Src/stm32f3xx_hal_tim.c.obj
                0x08008d92                HAL_TIM_IC_CaptureCallback
 .text.HAL_TIM_PWM_PulseFinishedCallback
                0x08008da6       0x14 CMakeFiles/single_timer_interrupt.dir/Drivers/STM32F3xx_HAL_Driver/Src/stm32f3xx_hal_tim.c.obj
                0x08008da6                HAL_TIM_PWM_PulseFinishedCallback
 .text.HAL_TIM_TriggerCallback
                0x08008dba       0x14 CMakeFiles/single_timer_interrupt.dir/Drivers/STM32F3xx_HAL_Driver/Src/stm32f3xx_hal_tim.c.obj
                0x08008dba                HAL_TIM_TriggerCallback
 *fill*         0x08008dce        0x2 
 .text.TIM_Base_SetConfig
                0x08008dd0      0x138 CMakeFiles/single_timer_interrupt.dir/Drivers/STM32F3xx_HAL_Driver/Src/stm32f3xx_hal_tim.c.obj
                0x08008dd0                TIM_Base_SetConfig
 .text.TIM_TI1_ConfigInputStage
                0x08008f08       0x5e CMakeFiles/single_timer_interrupt.dir/Drivers/STM32F3xx_HAL_Driver/Src/stm32f3xx_hal_tim.c.obj
 .text.TIM_TI2_ConfigInputStage
                0x08008f66       0x60 CMakeFiles/single_timer_interrupt.dir/Drivers/STM32F3xx_HAL_Driver/Src/stm32f3xx_hal_tim.c.obj
 .text.TIM_ITRx_SetConfig
                0x08008fc6       0x36 CMakeFiles/single_timer_interrupt.dir/Drivers/STM32F3xx_HAL_Driver/Src/stm32f3xx_hal_tim.c.obj
 .text.TIM_ETR_SetConfig
                0x08008ffc       0x40 CMakeFiles/single_timer_interrupt.dir/Drivers/STM32F3xx_HAL_Driver/Src/stm32f3xx_hal_tim.c.obj
                0x08008ffc                TIM_ETR_SetConfig
 .text.HAL_TIMEx_MasterConfigSynchronization
                0x0800903c      0x100 CMakeFiles/single_timer_interrupt.dir/Drivers/STM32F3xx_HAL_Driver/Src/stm32f3xx_hal_tim_ex.c.obj
                0x0800903c                HAL_TIMEx_MasterConfigSynchronization
 .text.HAL_TIMEx_CommutCallback
                0x0800913c       0x14 CMakeFiles/single_timer_interrupt.dir/Drivers/STM32F3xx_HAL_Driver/Src/stm32f3xx_hal_tim_ex.c.obj
                0x0800913c                HAL_TIMEx_CommutCallback
 .text.HAL_TIMEx_BreakCallback
                0x08009150       0x14 CMakeFiles/single_timer_interrupt.dir/Drivers/STM32F3xx_HAL_Driver/Src/stm32f3xx_hal_tim_ex.c.obj
                0x08009150                HAL_TIMEx_BreakCallback
 .text.HAL_TIMEx_Break2Callback
                0x08009164       0x14 CMakeFiles/single_timer_interrupt.dir/Drivers/STM32F3xx_HAL_Driver/Src/stm32f3xx_hal_tim_ex.c.obj
                0x08009164                HAL_TIMEx_Break2Callback
 .text.SystemInit
                0x08009178       0x24 CMakeFiles/single_timer_interrupt.dir/Core/Src/system_stm32f3xx.c.obj
                0x08009178                SystemInit
 .text.USBD_Init
                0x0800919c       0x56 CMakeFiles/single_timer_interrupt.dir/Middlewares/ST/STM32_USB_Device_Library/Core/Src/usbd_core.c.obj
                0x0800919c                USBD_Init
 .text.USBD_RegisterClass
                0x080091f2       0x34 CMakeFiles/single_timer_interrupt.dir/Middlewares/ST/STM32_USB_Device_Library/Core/Src/usbd_core.c.obj
                0x080091f2                USBD_RegisterClass
 .text.USBD_Start
                0x08009226       0x18 CMakeFiles/single_timer_interrupt.dir/Middlewares/ST/STM32_USB_Device_Library/Core/Src/usbd_core.c.obj
                0x08009226                USBD_Start
 .text.USBD_RunTestMode
                0x0800923e       0x16 CMakeFiles/single_timer_interrupt.dir/Middlewares/ST/STM32_USB_Device_Library/Core/Src/usbd_core.c.obj
                0x0800923e                USBD_RunTestMode
 .text.USBD_SetClassConfig
                0x08009254       0x3e CMakeFiles/single_timer_interrupt.dir/Middlewares/ST/STM32_USB_Device_Library/Core/Src/usbd_core.c.obj
                0x08009254                USBD_SetClassConfig
 .text.USBD_ClrClassConfig
                0x08009292       0x26 CMakeFiles/single_timer_interrupt.dir/Middlewares/ST/STM32_USB_Device_Library/Core/Src/usbd_core.c.obj
                0x08009292                USBD_ClrClassConfig
 .text.USBD_LL_SetupStage
                0x080092b8       0x9a CMakeFiles/single_timer_interrupt.dir/Middlewares/ST/STM32_USB_Device_Library/Core/Src/usbd_core.c.obj
                0x080092b8                USBD_LL_SetupStage
 .text.USBD_LL_DataOutStage
                0x08009352       0xe2 CMakeFiles/single_timer_interrupt.dir/Middlewares/ST/STM32_USB_Device_Library/Core/Src/usbd_core.c.obj
                0x08009352                USBD_LL_DataOutStage
 .text.USBD_LL_DataInStage
                0x08009434      0x14a CMakeFiles/single_timer_interrupt.dir/Middlewares/ST/STM32_USB_Device_Library/Core/Src/usbd_core.c.obj
                0x08009434                USBD_LL_DataInStage
 .text.USBD_LL_Reset
                0x0800957e       0x82 CMakeFiles/single_timer_interrupt.dir/Middlewares/ST/STM32_USB_Device_Library/Core/Src/usbd_core.c.obj
                0x0800957e                USBD_LL_Reset
 .text.USBD_LL_SetSpeed
                0x08009600       0x20 CMakeFiles/single_timer_interrupt.dir/Middlewares/ST/STM32_USB_Device_Library/Core/Src/usbd_core.c.obj
                0x08009600                USBD_LL_SetSpeed
 .text.USBD_LL_Suspend
                0x08009620       0x2a CMakeFiles/single_timer_interrupt.dir/Middlewares/ST/STM32_USB_Device_Library/Core/Src/usbd_core.c.obj
                0x08009620                USBD_LL_Suspend
 .text.USBD_LL_Resume
                0x0800964a       0x2c CMakeFiles/single_timer_interrupt.dir/Middlewares/ST/STM32_USB_Device_Library/Core/Src/usbd_core.c.obj
                0x0800964a                USBD_LL_Resume
 .text.USBD_LL_SOF
                0x08009676       0x34 CMakeFiles/single_timer_interrupt.dir/Middlewares/ST/STM32_USB_Device_Library/Core/Src/usbd_core.c.obj
                0x08009676                USBD_LL_SOF
 *fill*         0x080096aa        0x2 
 .text.USBD_StdDevReq
                0x080096ac       0xd4 CMakeFiles/single_timer_interrupt.dir/Middlewares/ST/STM32_USB_Device_Library/Core/Src/usbd_ctlreq.c.obj
                0x080096ac                USBD_StdDevReq
 .text.USBD_StdItfReq
                0x08009780       0x90 CMakeFiles/single_timer_interrupt.dir/Middlewares/ST/STM32_USB_Device_Library/Core/Src/usbd_ctlreq.c.obj
                0x08009780                USBD_StdItfReq
 .text.USBD_StdEPReq
                0x08009810      0x2c6 CMakeFiles/single_timer_interrupt.dir/Middlewares/ST/STM32_USB_Device_Library/Core/Src/usbd_ctlreq.c.obj
                0x08009810                USBD_StdEPReq
 *fill*         0x08009ad6        0x2 
 .text.USBD_GetDescriptor
                0x08009ad8      0x2d0 CMakeFiles/single_timer_interrupt.dir/Middlewares/ST/STM32_USB_Device_Library/Core/Src/usbd_ctlreq.c.obj
 .text.USBD_SetAddress
                0x08009da8       0x86 CMakeFiles/single_timer_interrupt.dir/Middlewares/ST/STM32_USB_Device_Library/Core/Src/usbd_ctlreq.c.obj
 *fill*         0x08009e2e        0x2 
 .text.USBD_SetConfig
                0x08009e30      0x11c CMakeFiles/single_timer_interrupt.dir/Middlewares/ST/STM32_USB_Device_Library/Core/Src/usbd_ctlreq.c.obj
 .text.USBD_GetConfig
                0x08009f4c       0x6a CMakeFiles/single_timer_interrupt.dir/Middlewares/ST/STM32_USB_Device_Library/Core/Src/usbd_ctlreq.c.obj
 .text.USBD_GetStatus
                0x08009fb6       0x66 CMakeFiles/single_timer_interrupt.dir/Middlewares/ST/STM32_USB_Device_Library/Core/Src/usbd_ctlreq.c.obj
 .text.USBD_SetFeature
                0x0800a01c       0x28 CMakeFiles/single_timer_interrupt.dir/Middlewares/ST/STM32_USB_Device_Library/Core/Src/usbd_ctlreq.c.obj
 .text.USBD_ClrFeature
                0x0800a044       0x42 CMakeFiles/single_timer_interrupt.dir/Middlewares/ST/STM32_USB_Device_Library/Core/Src/usbd_ctlreq.c.obj
 .text.USBD_ParseSetupRequest
                0x0800a086       0x74 CMakeFiles/single_timer_interrupt.dir/Middlewares/ST/STM32_USB_Device_Library/Core/Src/usbd_ctlreq.c.obj
                0x0800a086                USBD_ParseSetupRequest
 .text.USBD_CtlError
                0x0800a0fa       0x22 CMakeFiles/single_timer_interrupt.dir/Middlewares/ST/STM32_USB_Device_Library/Core/Src/usbd_ctlreq.c.obj
                0x0800a0fa                USBD_CtlError
 .text.USBD_GetString
                0x0800a11c       0x84 CMakeFiles/single_timer_interrupt.dir/Middlewares/ST/STM32_USB_Device_Library/Core/Src/usbd_ctlreq.c.obj
                0x0800a11c                USBD_GetString
 .text.USBD_GetLen
                0x0800a1a0       0x30 CMakeFiles/single_timer_interrupt.dir/Middlewares/ST/STM32_USB_Device_Library/Core/Src/usbd_ctlreq.c.obj
 .text.USBD_CtlSendData
                0x0800a1d0       0x38 CMakeFiles/single_timer_interrupt.dir/Middlewares/ST/STM32_USB_Device_Library/Core/Src/usbd_ioreq.c.obj
                0x0800a1d0                USBD_CtlSendData
 .text.USBD_CtlContinueSendData
                0x0800a208       0x24 CMakeFiles/single_timer_interrupt.dir/Middlewares/ST/STM32_USB_Device_Library/Core/Src/usbd_ioreq.c.obj
                0x0800a208                USBD_CtlContinueSendData
 .text.USBD_CtlPrepareRx
                0x0800a22c       0x3c CMakeFiles/single_timer_interrupt.dir/Middlewares/ST/STM32_USB_Device_Library/Core/Src/usbd_ioreq.c.obj
                0x0800a22c                USBD_CtlPrepareRx
 .text.USBD_CtlContinueRx
                0x0800a268       0x24 CMakeFiles/single_timer_interrupt.dir/Middlewares/ST/STM32_USB_Device_Library/Core/Src/usbd_ioreq.c.obj
                0x0800a268                USBD_CtlContinueRx
 .text.USBD_CtlSendStatus
                0x0800a28c       0x26 CMakeFiles/single_timer_interrupt.dir/Middlewares/ST/STM32_USB_Device_Library/Core/Src/usbd_ioreq.c.obj
                0x0800a28c                USBD_CtlSendStatus
 .text.USBD_CtlReceiveStatus
                0x0800a2b2       0x26 CMakeFiles/single_timer_interrupt.dir/Middlewares/ST/STM32_USB_Device_Library/Core/Src/usbd_ioreq.c.obj
                0x0800a2b2                USBD_CtlReceiveStatus
 .text.USBD_CDC_Init
                0x0800a2d8       0xf4 CMakeFiles/single_timer_interrupt.dir/Middlewares/ST/STM32_USB_Device_Library/Class/CDC/Src/usbd_cdc.c.obj
 .text.USBD_CDC_DeInit
                0x0800a3cc       0x6e CMakeFiles/single_timer_interrupt.dir/Middlewares/ST/STM32_USB_Device_Library/Class/CDC/Src/usbd_cdc.c.obj
 .text.USBD_CDC_Setup
                0x0800a43a      0x146 CMakeFiles/single_timer_interrupt.dir/Middlewares/ST/STM32_USB_Device_Library/Class/CDC/Src/usbd_cdc.c.obj
 .text.USBD_CDC_DataIn
                0x0800a580       0xa6 CMakeFiles/single_timer_interrupt.dir/Middlewares/ST/STM32_USB_Device_Library/Class/CDC/Src/usbd_cdc.c.obj
 .text.USBD_CDC_DataOut
                0x0800a626       0x56 CMakeFiles/single_timer_interrupt.dir/Middlewares/ST/STM32_USB_Device_Library/Class/CDC/Src/usbd_cdc.c.obj
 .text.USBD_CDC_EP0_RxReady
                0x0800a67c       0x4e CMakeFiles/single_timer_interrupt.dir/Middlewares/ST/STM32_USB_Device_Library/Class/CDC/Src/usbd_cdc.c.obj
 *fill*         0x0800a6ca        0x2 
 .text.USBD_CDC_GetFSCfgDesc
                0x0800a6cc       0x20 CMakeFiles/single_timer_interrupt.dir/Middlewares/ST/STM32_USB_Device_Library/Class/CDC/Src/usbd_cdc.c.obj
 .text.USBD_CDC_GetHSCfgDesc
                0x0800a6ec       0x20 CMakeFiles/single_timer_interrupt.dir/Middlewares/ST/STM32_USB_Device_Library/Class/CDC/Src/usbd_cdc.c.obj
 .text.USBD_CDC_GetOtherSpeedCfgDesc
                0x0800a70c       0x20 CMakeFiles/single_timer_interrupt.dir/Middlewares/ST/STM32_USB_Device_Library/Class/CDC/Src/usbd_cdc.c.obj
 .text.USBD_CDC_GetDeviceQualifierDescriptor
                0x0800a72c       0x20 CMakeFiles/single_timer_interrupt.dir/Middlewares/ST/STM32_USB_Device_Library/Class/CDC/Src/usbd_cdc.c.obj
                0x0800a72c                USBD_CDC_GetDeviceQualifierDescriptor
 .text.USBD_CDC_RegisterInterface
                0x0800a74c       0x2e CMakeFiles/single_timer_interrupt.dir/Middlewares/ST/STM32_USB_Device_Library/Class/CDC/Src/usbd_cdc.c.obj
                0x0800a74c                USBD_CDC_RegisterInterface
 .text.USBD_CDC_SetTxBuffer
                0x0800a77a       0x34 CMakeFiles/single_timer_interrupt.dir/Middlewares/ST/STM32_USB_Device_Library/Class/CDC/Src/usbd_cdc.c.obj
                0x0800a77a                USBD_CDC_SetTxBuffer
 .text.USBD_CDC_SetRxBuffer
                0x0800a7ae       0x28 CMakeFiles/single_timer_interrupt.dir/Middlewares/ST/STM32_USB_Device_Library/Class/CDC/Src/usbd_cdc.c.obj
                0x0800a7ae                USBD_CDC_SetRxBuffer
 .text.USBD_CDC_TransmitPacket
                0x0800a7d6       0x5e CMakeFiles/single_timer_interrupt.dir/Middlewares/ST/STM32_USB_Device_Library/Class/CDC/Src/usbd_cdc.c.obj
                0x0800a7d6                USBD_CDC_TransmitPacket
 .text.USBD_CDC_ReceivePacket
                0x0800a834       0x54 CMakeFiles/single_timer_interrupt.dir/Middlewares/ST/STM32_USB_Device_Library/Class/CDC/Src/usbd_cdc.c.obj
                0x0800a834                USBD_CDC_ReceivePacket
 .text._sbrk    0x0800a888       0x6c CMakeFiles/single_timer_interrupt.dir/Core/Src/sysmem.c.obj
                0x0800a888                _sbrk
 .text._read    0x0800a8f4       0x3a CMakeFiles/single_timer_interrupt.dir/Core/Src/syscalls.c.obj
                0x0800a8f4                _read
 .text._close   0x0800a92e       0x18 CMakeFiles/single_timer_interrupt.dir/Core/Src/syscalls.c.obj
                0x0800a92e                _close
 .text._fstat   0x0800a946       0x20 CMakeFiles/single_timer_interrupt.dir/Core/Src/syscalls.c.obj
                0x0800a946                _fstat
 .text._isatty  0x0800a966       0x16 CMakeFiles/single_timer_interrupt.dir/Core/Src/syscalls.c.obj
                0x0800a966                _isatty
 .text._lseek   0x0800a97c       0x1a CMakeFiles/single_timer_interrupt.dir/Core/Src/syscalls.c.obj
                0x0800a97c                _lseek
 *fill*         0x0800a996        0x2 
 .text.Reset_Handler
                0x0800a998       0x50 CMakeFiles/single_timer_interrupt.dir/startup_stm32f303xc.s.obj
                0x0800a998                Reset_Handler
 .text.Default_Handler
                0x0800a9e8        0x2 CMakeFiles/single_timer_interrupt.dir/startup_stm32f303xc.s.obj
                0x0800a9e8                RTC_Alarm_IRQHandler
                0x0800a9e8                TIM8_TRG_COM_IRQHandler
                0x0800a9e8                TIM8_CC_IRQHandler
                0x0800a9e8                TIM1_CC_IRQHandler
                0x0800a9e8                USB_HP_IRQHandler
                0x0800a9e8                PVD_IRQHandler
                0x0800a9e8                TAMP_STAMP_IRQHandler
                0x0800a9e8                EXTI3_IRQHandler
                0x0800a9e8                USB_HP_CAN_TX_IRQHandler
                0x0800a9e8                EXTI0_IRQHandler
                0x0800a9e8                I2C2_EV_IRQHandler
                0x0800a9e8                FPU_IRQHandler
                0x0800a9e8                TIM1_UP_TIM16_IRQHandler
                0x0800a9e8                ADC1_2_IRQHandler
                0x0800a9e8                SPI1_IRQHandler
                0x0800a9e8                CAN_SCE_IRQHandler
                0x0800a9e8                TIM6_DAC_IRQHandler
                0x0800a9e8                DMA2_Channel2_IRQHandler
                0x0800a9e8                DMA1_Channel4_IRQHandler
                0x0800a9e8                USART3_IRQHandler
                0x0800a9e8                DMA1_Channel7_IRQHandler
                0x0800a9e8                UART5_IRQHandler
                0x0800a9e8                ADC3_IRQHandler
                0x0800a9e8                TIM4_IRQHandler
                0x0800a9e8                CAN_RX1_IRQHandler
                0x0800a9e8                DMA2_Channel1_IRQHandler
                0x0800a9e8                I2C1_EV_IRQHandler
                0x0800a9e8                DMA1_Channel6_IRQHandler
                0x0800a9e8                UART4_IRQHandler
                0x0800a9e8                DMA2_Channel4_IRQHandler
                0x0800a9e8                TIM3_IRQHandler
                0x0800a9e8                RCC_IRQHandler
                0x0800a9e8                DMA1_Channel1_IRQHandler
                0x0800a9e8                Default_Handler
                0x0800a9e8                USBWakeUp_RMP_IRQHandler
                0x0800a9e8                EXTI15_10_IRQHandler
                0x0800a9e8                TIM7_IRQHandler
                0x0800a9e8                EXTI9_5_IRQHandler
                0x0800a9e8                RTC_WKUP_IRQHandler
                0x0800a9e8                SPI2_IRQHandler
                0x0800a9e8                DMA2_Channel5_IRQHandler
                0x0800a9e8                DMA1_Channel5_IRQHandler
                0x0800a9e8                USB_LP_IRQHandler
                0x0800a9e8                EXTI4_IRQHandler
                0x0800a9e8                TIM1_TRG_COM_TIM17_IRQHandler
                0x0800a9e8                DMA1_Channel3_IRQHandler
                0x0800a9e8                ADC4_IRQHandler
                0x0800a9e8                WWDG_IRQHandler
                0x0800a9e8                TIM2_IRQHandler
                0x0800a9e8                COMP7_IRQHandler
                0x0800a9e8                COMP1_2_3_IRQHandler
                0x0800a9e8                EXTI1_IRQHandler
                0x0800a9e8                USART2_IRQHandler
                0x0800a9e8                COMP4_5_6_IRQHandler
                0x0800a9e8                I2C2_ER_IRQHandler
                0x0800a9e8                DMA1_Channel2_IRQHandler
                0x0800a9e8                TIM8_BRK_IRQHandler
                0x0800a9e8                FLASH_IRQHandler
                0x0800a9e8                USART1_IRQHandler
                0x0800a9e8                SPI3_IRQHandler
                0x0800a9e8                I2C1_ER_IRQHandler
                0x0800a9e8                USBWakeUp_IRQHandler
                0x0800a9e8                DMA2_Channel3_IRQHandler
                0x0800a9e8                EXTI2_TSC_IRQHandler
                0x0800a9e8                TIM1_BRK_TIM15_IRQHandler
 *(.glue_7)
 .glue_7        0x0800a9ea        0x0 linker stubs
 *(.glue_7t)
 .glue_7t       0x0800a9ea        0x0 linker stubs
 *(.eh_frame)
 *fill*         0x0800a9ea        0x2 
 .eh_frame      0x0800a9ec        0x0 /usr/lib/gcc/arm-none-eabi/13.2.1/thumb/v7e-m+fp/hard/crtbegin.o
 *(.init)
 .init          0x0800a9ec        0x4 /usr/lib/gcc/arm-none-eabi/13.2.1/thumb/v7e-m+fp/hard/crti.o
                0x0800a9ec                _init
 .init          0x0800a9f0        0x8 /usr/lib/gcc/arm-none-eabi/13.2.1/thumb/v7e-m+fp/hard/crtn.o
 *(.fini)
 .fini          0x0800a9f8        0x4 /usr/lib/gcc/arm-none-eabi/13.2.1/thumb/v7e-m+fp/hard/crti.o
                0x0800a9f8                _fini
 .fini          0x0800a9fc        0x8 /usr/lib/gcc/arm-none-eabi/13.2.1/thumb/v7e-m+fp/hard/crtn.o
                0x0800aa04                        . = ALIGN (0x4)
                0x0800aa04                        _etext = .

.vfp11_veneer   0x0800aa04        0x0
 .vfp11_veneer  0x0800aa04        0x0 linker stubs

.v4_bx          0x0800aa04        0x0
 .v4_bx         0x0800aa04        0x0 linker stubs

.iplt           0x0800aa04        0x0
 .iplt          0x0800aa04        0x0 /usr/lib/gcc/arm-none-eabi/13.2.1/thumb/v7e-m+fp/hard/crtbegin.o

.rodata         0x0800aa04       0xc4
                0x0800aa04                        . = ALIGN (0x4)
 *(.rodata)
 .rodata        0x0800aa04        0x7 CMakeFiles/single_timer_interrupt.dir/Core/Src/main.c.obj
 *fill*         0x0800aa0b        0x1 
 .rodata        0x0800aa0c        0x7 CMakeFiles/single_timer_interrupt.dir/USB_DEVICE/App/usb_device.c.obj
 *fill*         0x0800aa13        0x1 
 .rodata        0x0800aa14       0x46 CMakeFiles/single_timer_interrupt.dir/USB_DEVICE/App/usbd_desc.c.obj
 *(.rodata*)
 *fill*         0x0800aa5a        0x2 
 .rodata.aPLLMULFactorTable
                0x0800aa5c       0x10 CMakeFiles/single_timer_interrupt.dir/Drivers/STM32F3xx_HAL_Driver/Src/stm32f3xx_hal_rcc.c.obj
 .rodata.aPredivFactorTable
                0x0800aa6c       0x10 CMakeFiles/single_timer_interrupt.dir/Drivers/STM32F3xx_HAL_Driver/Src/stm32f3xx_hal_rcc.c.obj
 .rodata.AHBPrescTable
                0x0800aa7c       0x10 CMakeFiles/single_timer_interrupt.dir/Core/Src/system_stm32f3xx.c.obj
                0x0800aa7c                AHBPrescTable
 .rodata.str1.4
                0x0800aa8c       0x39 /usr/lib/gcc/arm-none-eabi/13.2.1/../../../arm-none-eabi/lib/thumb/v7e-m+fp/hard/libg_nano.a(libc_a-nano-vfprintf.o)
                                 0x13 (size before relaxing)
 .rodata.str1.4
                0x0800aac5       0x25 /usr/lib/gcc/arm-none-eabi/13.2.1/../../../arm-none-eabi/lib/thumb/v7e-m+fp/hard/libg_nano.a(libc_a-nano-vfprintf_i.o)
                0x0800aaec                        . = ALIGN (0x4)
 *fill*         0x0800aac5        0x3 

.ARM.extab
 *(.ARM.extab* .gnu.linkonce.armextab.*)

.ARM            0x0800aac8        0x8
                0x0800aac8                        __exidx_start = .
 *(.ARM.exidx*)
 .ARM.exidx     0x0800aac8        0x8 /usr/lib/gcc/arm-none-eabi/13.2.1/../../../arm-none-eabi/lib/thumb/v7e-m+fp/hard/libg_nano.a(libc_a-memchr.o)
 .ARM.exidx     0x0800aad0        0x0 /usr/lib/gcc/arm-none-eabi/13.2.1/../../../arm-none-eabi/lib/thumb/v7e-m+fp/hard/libg_nano.a(libc_a-memcpy.o)
                                  0x8 (size before relaxing)
                0x0800aad0                        __exidx_end = .

.rel.dyn        0x0800aad0        0x0
 .rel.iplt      0x0800aad0        0x0 /usr/lib/gcc/arm-none-eabi/13.2.1/thumb/v7e-m+fp/hard/crtbegin.o

.preinit_array  0x0800aad0        0x0
                0x0800aad0                        PROVIDE (__preinit_array_start = .)
 *(.preinit_array*)
                0x0800aad0                        PROVIDE (__preinit_array_end = .)

.init_array     0x0800aad0        0x4
                0x0800aad0                        PROVIDE (__init_array_start = .)
 *(SORT_BY_NAME(.init_array.*))
 *(.init_array*)
 .init_array    0x0800aad0        0x4 /usr/lib/gcc/arm-none-eabi/13.2.1/thumb/v7e-m+fp/hard/crtbegin.o
                0x0800aad4                        PROVIDE (__init_array_end = .)

.fini_array     0x0800aad4        0x4
                0x0800aad4                        PROVIDE (__fini_array_start = .)
 *(SORT_BY_NAME(.fini_array.*))
 *(.fini_array*)
 .fini_array    0x0800aad4        0x4 /usr/lib/gcc/arm-none-eabi/13.2.1/thumb/v7e-m+fp/hard/crtbegin.o
                0x0800aad8                        PROVIDE (__fini_array_end = .)
                0x0800aad8                        _sidata = LOADADDR (.data)

.data           0x20000000      0x1d8 load address 0x0800aad8
                0x20000000                        . = ALIGN (0x4)
                0x20000000                        _sdata = .
 *(.data)
 .data          0x20000000        0xc /usr/lib/gcc/arm-none-eabi/13.2.1/../../../arm-none-eabi/lib/thumb/v7e-m+fp/hard/libc_nano.a(libc_a-findfp.o)
                0x20000000                __sglue
 .data          0x2000000c       0x50 /usr/lib/gcc/arm-none-eabi/13.2.1/../../../arm-none-eabi/lib/thumb/v7e-m+fp/hard/libc_nano.a(libc_a-impure.o)
                0x2000000c                _impure_ptr
                0x20000010                _impure_data
 *(.data*)
 .data.FS_Desc  0x2000005c       0x1c CMakeFiles/single_timer_interrupt.dir/USB_DEVICE/App/usbd_desc.c.obj
                0x2000005c                FS_Desc
 .data.USBD_FS_DeviceDesc
                0x20000078       0x12 CMakeFiles/single_timer_interrupt.dir/USB_DEVICE/App/usbd_desc.c.obj
                0x20000078                USBD_FS_DeviceDesc
 *fill*         0x2000008a        0x2 
 .data.USBD_LangIDDesc
                0x2000008c        0x4 CMakeFiles/single_timer_interrupt.dir/USB_DEVICE/App/usbd_desc.c.obj
                0x2000008c                USBD_LangIDDesc
 .data.USBD_StringSerial
                0x20000090       0x1a CMakeFiles/single_timer_interrupt.dir/USB_DEVICE/App/usbd_desc.c.obj
                0x20000090                USBD_StringSerial
 *fill*         0x200000aa        0x2 
 .data.USBD_Interface_fops_FS
                0x200000ac       0x10 CMakeFiles/single_timer_interrupt.dir/USB_DEVICE/App/usbd_cdc_if.c.obj
                0x200000ac                USBD_Interface_fops_FS
 .data.uwTickPrio
                0x200000bc        0x4 CMakeFiles/single_timer_interrupt.dir/Drivers/STM32F3xx_HAL_Driver/Src/stm32f3xx_hal.c.obj
                0x200000bc                uwTickPrio
 .data.uwTickFreq
                0x200000c0        0x1 CMakeFiles/single_timer_interrupt.dir/Drivers/STM32F3xx_HAL_Driver/Src/stm32f3xx_hal.c.obj
                0x200000c0                uwTickFreq
 *fill*         0x200000c1        0x3 
 .data.SystemCoreClock
                0x200000c4        0x4 CMakeFiles/single_timer_interrupt.dir/Core/Src/system_stm32f3xx.c.obj
                0x200000c4                SystemCoreClock
 .data.USBD_CDC_DeviceQualifierDesc
                0x200000c8        0xa CMakeFiles/single_timer_interrupt.dir/Middlewares/ST/STM32_USB_Device_Library/Class/CDC/Src/usbd_cdc.c.obj
 *fill*         0x200000d2        0x2 
 .data.USBD_CDC
                0x200000d4       0x38 CMakeFiles/single_timer_interrupt.dir/Middlewares/ST/STM32_USB_Device_Library/Class/CDC/Src/usbd_cdc.c.obj
                0x200000d4                USBD_CDC
 .data.USBD_CDC_CfgHSDesc
                0x2000010c       0x43 CMakeFiles/single_timer_interrupt.dir/Middlewares/ST/STM32_USB_Device_Library/Class/CDC/Src/usbd_cdc.c.obj
                0x2000010c                USBD_CDC_CfgHSDesc
 *fill*         0x2000014f        0x1 
 .data.USBD_CDC_CfgFSDesc
                0x20000150       0x43 CMakeFiles/single_timer_interrupt.dir/Middlewares/ST/STM32_USB_Device_Library/Class/CDC/Src/usbd_cdc.c.obj
                0x20000150                USBD_CDC_CfgFSDesc
 *fill*         0x20000193        0x1 
 .data.USBD_CDC_OtherSpeedCfgDesc
                0x20000194       0x43 CMakeFiles/single_timer_interrupt.dir/Middlewares/ST/STM32_USB_Device_Library/Class/CDC/Src/usbd_cdc.c.obj
                0x20000194                USBD_CDC_OtherSpeedCfgDesc
                0x200001d8                        . = ALIGN (0x4)
 *fill*         0x200001d7        0x1 
                0x200001d8                        _edata = .
                0x0800acb0                        _siccmram = LOADADDR (.ccmram)

.tm_clone_table
                0x200001d8        0x0 load address 0x0800acb0
 .tm_clone_table
                0x200001d8        0x0 /usr/lib/gcc/arm-none-eabi/13.2.1/thumb/v7e-m+fp/hard/crtbegin.o
 .tm_clone_table
                0x200001d8        0x0 /usr/lib/gcc/arm-none-eabi/13.2.1/thumb/v7e-m+fp/hard/crtend.o

.igot.plt       0x200001d8        0x0 load address 0x0800acb0
 .igot.plt      0x200001d8        0x0 /usr/lib/gcc/arm-none-eabi/13.2.1/thumb/v7e-m+fp/hard/crtbegin.o

.ccmram         0x10000000        0x0 load address 0x0800acb0
                0x10000000                        . = ALIGN (0x4)
                0x10000000                        _sccmram = .
 *(.ccmram)
 *(.ccmram*)
                0x10000000                        . = ALIGN (0x4)
                0x10000000                        _eccmram = .
                0x10000000                        . = ALIGN (0x4)

.bss            0x200001d8     0x1378
                0x200001d8                        _sbss = .
                0x200001d8                        __bss_start__ = _sbss
 *(.bss)
 .bss           0x200001d8       0x1c /usr/lib/gcc/arm-none-eabi/13.2.1/thumb/v7e-m+fp/hard/crtbegin.o
 .bss           0x200001f4      0x13c /usr/lib/gcc/arm-none-eabi/13.2.1/../../../arm-none-eabi/lib/thumb/v7e-m+fp/hard/libc_nano.a(libc_a-findfp.o)
                0x200001f4                __sf
                0x2000032c                __stdio_exit_handler
 .bss           0x20000330        0x8 /usr/lib/gcc/arm-none-eabi/13.2.1/../../../arm-none-eabi/lib/thumb/v7e-m+fp/hard/libc_nano.a(libc_a-mallocr.o)
                0x20000330                __malloc_sbrk_start
                0x20000334                __malloc_free_list
 .bss           0x20000338        0x4 /usr/lib/gcc/arm-none-eabi/13.2.1/../../../arm-none-eabi/lib/thumb/v7e-m+fp/hard/libc_nano.a(libc_a-reent.o)
                0x20000338                errno
 *(.bss*)
 .bss.htim8     0x2000033c       0x4c CMakeFiles/single_timer_interrupt.dir/Core/Src/main.c.obj
                0x2000033c                htim8
 .bss.period_counter
                0x20000388        0x4 CMakeFiles/single_timer_interrupt.dir/Core/Src/stm32f3xx_it.c.obj
                0x20000388                period_counter
 .bss.hUsbDeviceFS
                0x2000038c      0x2c4 CMakeFiles/single_timer_interrupt.dir/USB_DEVICE/App/usb_device.c.obj
                0x2000038c                hUsbDeviceFS
 .bss.USBD_StrDesc
                0x20000650      0x200 CMakeFiles/single_timer_interrupt.dir/USB_DEVICE/App/usbd_desc.c.obj
                0x20000650                USBD_StrDesc
 .bss.UserRxBufferFS
                0x20000850      0x400 CMakeFiles/single_timer_interrupt.dir/USB_DEVICE/App/usbd_cdc_if.c.obj
                0x20000850                UserRxBufferFS
 .bss.UserTxBufferFS
                0x20000c50      0x400 CMakeFiles/single_timer_interrupt.dir/USB_DEVICE/App/usbd_cdc_if.c.obj
                0x20000c50                UserTxBufferFS
 .bss.hpcd_USB_FS
                0x20001050      0x2d4 CMakeFiles/single_timer_interrupt.dir/USB_DEVICE/Target/usbd_conf.c.obj
                0x20001050                hpcd_USB_FS
 .bss.mem.0     0x20001324      0x220 CMakeFiles/single_timer_interrupt.dir/USB_DEVICE/Target/usbd_conf.c.obj
 .bss.uwTick    0x20001544        0x4 CMakeFiles/single_timer_interrupt.dir/Drivers/STM32F3xx_HAL_Driver/Src/stm32f3xx_hal.c.obj
                0x20001544                uwTick
 .bss.cfgidx.0  0x20001548        0x1 CMakeFiles/single_timer_interrupt.dir/Middlewares/ST/STM32_USB_Device_Library/Core/Src/usbd_ctlreq.c.obj
 *fill*         0x20001549        0x3 
 .bss.__sbrk_heap_end
                0x2000154c        0x4 CMakeFiles/single_timer_interrupt.dir/Core/Src/sysmem.c.obj
 *(COMMON)
                0x20001550                        . = ALIGN (0x4)
                0x20001550                        _ebss = .
                0x20001550                        __bss_end__ = _ebss

._user_heap_stack
                0x20001550      0x600
                0x20001550                        . = ALIGN (0x8)
                [!provide]                        PROVIDE (end = .)
                0x20001550                        PROVIDE (_end = .)
                0x20001750                        . = (. + _Min_Heap_Size)
 *fill*         0x20001550      0x200 
                0x20001b50                        . = (. + _Min_Stack_Size)
 *fill*         0x20001750      0x400 
                0x20001b50                        . = ALIGN (0x8)

/DISCARD/
 libc.a(*)
 libm.a(*)
 libgcc.a(*)
OUTPUT(single_timer_interrupt.elf elf32-littlearm)
LOAD linker stubs
LOAD /usr/lib/gcc/arm-none-eabi/13.2.1/../../../arm-none-eabi/lib/thumb/v7e-m+fp/hard/libc.a
LOAD /usr/lib/gcc/arm-none-eabi/13.2.1/../../../arm-none-eabi/lib/thumb/v7e-m+fp/hard/libm.a
LOAD /usr/lib/gcc/arm-none-eabi/13.2.1/thumb/v7e-m+fp/hard/libgcc.a

.ARM.attributes
                0x00000000       0x30
 .ARM.attributes
                0x00000000       0x22 /usr/lib/gcc/arm-none-eabi/13.2.1/thumb/v7e-m+fp/hard/crti.o
 .ARM.attributes
                0x00000022       0x34 /usr/lib/gcc/arm-none-eabi/13.2.1/thumb/v7e-m+fp/hard/crtbegin.o
 .ARM.attributes
                0x00000056       0x34 /usr/lib/gcc/arm-none-eabi/13.2.1/../../../arm-none-eabi/lib/thumb/v7e-m+fp/hard/libc_nano.a(libc_a-init.o)
 .ARM.attributes
                0x0000008a       0x34 /usr/lib/gcc/arm-none-eabi/13.2.1/../../../arm-none-eabi/lib/thumb/v7e-m+fp/hard/libc_nano.a(libc_a-memset.o)
 .ARM.attributes
                0x000000be       0x34 /usr/lib/gcc/arm-none-eabi/13.2.1/../../../arm-none-eabi/lib/thumb/v7e-m+fp/hard/libc_nano.a(libc_a-findfp.o)
 .ARM.attributes
                0x000000f2       0x34 /usr/lib/gcc/arm-none-eabi/13.2.1/../../../arm-none-eabi/lib/thumb/v7e-m+fp/hard/libc_nano.a(libc_a-fflush.o)
 .ARM.attributes
                0x00000126       0x34 /usr/lib/gcc/arm-none-eabi/13.2.1/../../../arm-none-eabi/lib/thumb/v7e-m+fp/hard/libc_nano.a(libc_a-mallocr.o)
 .ARM.attributes
                0x0000015a       0x34 /usr/lib/gcc/arm-none-eabi/13.2.1/../../../arm-none-eabi/lib/thumb/v7e-m+fp/hard/libc_nano.a(libc_a-freer.o)
 .ARM.attributes
                0x0000018e       0x34 /usr/lib/gcc/arm-none-eabi/13.2.1/../../../arm-none-eabi/lib/thumb/v7e-m+fp/hard/libc_nano.a(libc_a-fwalk.o)
 .ARM.attributes
                0x000001c2       0x34 /usr/lib/gcc/arm-none-eabi/13.2.1/../../../arm-none-eabi/lib/thumb/v7e-m+fp/hard/libc_nano.a(libc_a-mlock.o)
 .ARM.attributes
                0x000001f6       0x34 /usr/lib/gcc/arm-none-eabi/13.2.1/../../../arm-none-eabi/lib/thumb/v7e-m+fp/hard/libc_nano.a(libc_a-sbrkr.o)
 .ARM.attributes
                0x0000022a       0x34 /usr/lib/gcc/arm-none-eabi/13.2.1/../../../arm-none-eabi/lib/thumb/v7e-m+fp/hard/libc_nano.a(libc_a-stdio.o)
 .ARM.attributes
                0x0000025e       0x34 /usr/lib/gcc/arm-none-eabi/13.2.1/../../../arm-none-eabi/lib/thumb/v7e-m+fp/hard/libc_nano.a(libc_a-impure.o)
 .ARM.attributes
                0x00000292       0x34 /usr/lib/gcc/arm-none-eabi/13.2.1/../../../arm-none-eabi/lib/thumb/v7e-m+fp/hard/libc_nano.a(libc_a-closer.o)
 .ARM.attributes
                0x000002c6       0x34 /usr/lib/gcc/arm-none-eabi/13.2.1/../../../arm-none-eabi/lib/thumb/v7e-m+fp/hard/libc_nano.a(libc_a-readr.o)
 .ARM.attributes
                0x000002fa       0x34 /usr/lib/gcc/arm-none-eabi/13.2.1/../../../arm-none-eabi/lib/thumb/v7e-m+fp/hard/libc_nano.a(libc_a-reent.o)
 .ARM.attributes
                0x0000032e       0x34 /usr/lib/gcc/arm-none-eabi/13.2.1/../../../arm-none-eabi/lib/thumb/v7e-m+fp/hard/libc_nano.a(libc_a-lseekr.o)
 .ARM.attributes
                0x00000362       0x34 /usr/lib/gcc/arm-none-eabi/13.2.1/../../../arm-none-eabi/lib/thumb/v7e-m+fp/hard/libc_nano.a(libc_a-writer.o)
 .ARM.attributes
                0x00000396       0x34 CMakeFiles/single_timer_interrupt.dir/Core/Src/main.c.obj
 .ARM.attributes
                0x000003ca       0x34 CMakeFiles/single_timer_interrupt.dir/Core/Src/stm32f3xx_it.c.obj
 .ARM.attributes
                0x000003fe       0x34 CMakeFiles/single_timer_interrupt.dir/Core/Src/stm32f3xx_hal_msp.c.obj
 .ARM.attributes
                0x00000432       0x34 CMakeFiles/single_timer_interrupt.dir/USB_DEVICE/App/usb_device.c.obj
 .ARM.attributes
                0x00000466       0x34 CMakeFiles/single_timer_interrupt.dir/USB_DEVICE/App/usbd_desc.c.obj
 .ARM.attributes
                0x0000049a       0x34 CMakeFiles/single_timer_interrupt.dir/USB_DEVICE/App/usbd_cdc_if.c.obj
 .ARM.attributes
                0x000004ce       0x34 CMakeFiles/single_timer_interrupt.dir/USB_DEVICE/Target/usbd_conf.c.obj
 .ARM.attributes
                0x00000502       0x34 CMakeFiles/single_timer_interrupt.dir/Drivers/STM32F3xx_HAL_Driver/Src/stm32f3xx_ll_usb.c.obj
 .ARM.attributes
                0x00000536       0x34 CMakeFiles/single_timer_interrupt.dir/Drivers/STM32F3xx_HAL_Driver/Src/stm32f3xx_hal_pcd.c.obj
 .ARM.attributes
                0x0000056a       0x34 CMakeFiles/single_timer_interrupt.dir/Drivers/STM32F3xx_HAL_Driver/Src/stm32f3xx_hal_pcd_ex.c.obj
 .ARM.attributes
                0x0000059e       0x34 CMakeFiles/single_timer_interrupt.dir/Drivers/STM32F3xx_HAL_Driver/Src/stm32f3xx_hal.c.obj
 .ARM.attributes
                0x000005d2       0x34 CMakeFiles/single_timer_interrupt.dir/Drivers/STM32F3xx_HAL_Driver/Src/stm32f3xx_hal_rcc.c.obj
 .ARM.attributes
                0x00000606       0x34 CMakeFiles/single_timer_interrupt.dir/Drivers/STM32F3xx_HAL_Driver/Src/stm32f3xx_hal_rcc_ex.c.obj
 .ARM.attributes
                0x0000063a       0x34 CMakeFiles/single_timer_interrupt.dir/Drivers/STM32F3xx_HAL_Driver/Src/stm32f3xx_hal_gpio.c.obj
 .ARM.attributes
                0x0000066e       0x34 CMakeFiles/single_timer_interrupt.dir/Drivers/STM32F3xx_HAL_Driver/Src/stm32f3xx_hal_cortex.c.obj
 .ARM.attributes
                0x000006a2       0x34 CMakeFiles/single_timer_interrupt.dir/Drivers/STM32F3xx_HAL_Driver/Src/stm32f3xx_hal_tim.c.obj
 .ARM.attributes
                0x000006d6       0x34 CMakeFiles/single_timer_interrupt.dir/Drivers/STM32F3xx_HAL_Driver/Src/stm32f3xx_hal_tim_ex.c.obj
 .ARM.attributes
                0x0000070a       0x34 CMakeFiles/single_timer_interrupt.dir/Core/Src/system_stm32f3xx.c.obj
 .ARM.attributes
                0x0000073e       0x34 CMakeFiles/single_timer_interrupt.dir/Middlewares/ST/STM32_USB_Device_Library/Core/Src/usbd_core.c.obj
 .ARM.attributes
                0x00000772       0x34 CMakeFiles/single_timer_interrupt.dir/Middlewares/ST/STM32_USB_Device_Library/Core/Src/usbd_ctlreq.c.obj
 .ARM.attributes
                0x000007a6       0x34 CMakeFiles/single_timer_interrupt.dir/Middlewares/ST/STM32_USB_Device_Library/Core/Src/usbd_ioreq.c.obj
 .ARM.attributes
                0x000007da       0x34 CMakeFiles/single_timer_interrupt.dir/Middlewares/ST/STM32_USB_Device_Library/Class/CDC/Src/usbd_cdc.c.obj
 .ARM.attributes
                0x0000080e       0x34 CMakeFiles/single_timer_interrupt.dir/Core/Src/sysmem.c.obj
 .ARM.attributes
                0x00000842       0x34 CMakeFiles/single_timer_interrupt.dir/Core/Src/syscalls.c.obj
 .ARM.attributes
                0x00000876       0x21 CMakeFiles/single_timer_interrupt.dir/startup_stm32f303xc.s.obj
 .ARM.attributes
                0x00000897       0x34 /usr/lib/gcc/arm-none-eabi/13.2.1/../../../arm-none-eabi/lib/thumb/v7e-m+fp/hard/libg_nano.a(libc_a-puts.o)
 .ARM.attributes
                0x000008cb       0x34 /usr/lib/gcc/arm-none-eabi/13.2.1/../../../arm-none-eabi/lib/thumb/v7e-m+fp/hard/libg_nano.a(libc_a-errno.o)
 .ARM.attributes
                0x000008ff       0x34 /usr/lib/gcc/arm-none-eabi/13.2.1/../../../arm-none-eabi/lib/thumb/v7e-m+fp/hard/libg_nano.a(libc_a-wsetup.o)
 .ARM.attributes
                0x00000933       0x34 /usr/lib/gcc/arm-none-eabi/13.2.1/../../../arm-none-eabi/lib/thumb/v7e-m+fp/hard/libg_nano.a(libc_a-makebuf.o)
 .ARM.attributes
                0x00000967       0x34 /usr/lib/gcc/arm-none-eabi/13.2.1/../../../arm-none-eabi/lib/thumb/v7e-m+fp/hard/libg_nano.a(libc_a-printf.o)
 .ARM.attributes
                0x0000099b       0x34 /usr/lib/gcc/arm-none-eabi/13.2.1/../../../arm-none-eabi/lib/thumb/v7e-m+fp/hard/libg_nano.a(libc_a-isattyr.o)
 .ARM.attributes
                0x000009cf       0x34 /usr/lib/gcc/arm-none-eabi/13.2.1/../../../arm-none-eabi/lib/thumb/v7e-m+fp/hard/libg_nano.a(libc_a-nano-vfprintf.o)
 .ARM.attributes
                0x00000a03       0x34 /usr/lib/gcc/arm-none-eabi/13.2.1/../../../arm-none-eabi/lib/thumb/v7e-m+fp/hard/libg_nano.a(libc_a-wbuf.o)
 .ARM.attributes
                0x00000a37       0x34 /usr/lib/gcc/arm-none-eabi/13.2.1/../../../arm-none-eabi/lib/thumb/v7e-m+fp/hard/libg_nano.a(libc_a-fvwrite.o)
 .ARM.attributes
                0x00000a6b       0x34 /usr/lib/gcc/arm-none-eabi/13.2.1/../../../arm-none-eabi/lib/thumb/v7e-m+fp/hard/libg_nano.a(libc_a-memmove.o)
 .ARM.attributes
                0x00000a9f       0x1c /usr/lib/gcc/arm-none-eabi/13.2.1/../../../arm-none-eabi/lib/thumb/v7e-m+fp/hard/libg_nano.a(libc_a-memchr.o)
 .ARM.attributes
                0x00000abb       0x20 /usr/lib/gcc/arm-none-eabi/13.2.1/../../../arm-none-eabi/lib/thumb/v7e-m+fp/hard/libg_nano.a(libc_a-memcpy.o)
 .ARM.attributes
                0x00000adb       0x34 /usr/lib/gcc/arm-none-eabi/13.2.1/../../../arm-none-eabi/lib/thumb/v7e-m+fp/hard/libg_nano.a(libc_a-reallocr.o)
 .ARM.attributes
                0x00000b0f       0x34 /usr/lib/gcc/arm-none-eabi/13.2.1/../../../arm-none-eabi/lib/thumb/v7e-m+fp/hard/libg_nano.a(libc_a-nano-vfprintf_i.o)
 .ARM.attributes
                0x00000b43       0x34 /usr/lib/gcc/arm-none-eabi/13.2.1/../../../arm-none-eabi/lib/thumb/v7e-m+fp/hard/libg_nano.a(libc_a-fstatr.o)
 .ARM.attributes
                0x00000b77       0x34 /usr/lib/gcc/arm-none-eabi/13.2.1/../../../arm-none-eabi/lib/thumb/v7e-m+fp/hard/libg_nano.a(libc_a-msizer.o)
 .ARM.attributes
                0x00000bab       0x34 /usr/lib/gcc/arm-none-eabi/13.2.1/thumb/v7e-m+fp/hard/crtend.o
 .ARM.attributes
                0x00000bdf       0x22 /usr/lib/gcc/arm-none-eabi/13.2.1/thumb/v7e-m+fp/hard/crtn.o

.comment        0x00000000       0x26
 .comment       0x00000000       0x26 /usr/lib/gcc/arm-none-eabi/13.2.1/thumb/v7e-m+fp/hard/crtbegin.o
                                 0x27 (size before relaxing)
 .comment       0x00000026       0x27 /usr/lib/gcc/arm-none-eabi/13.2.1/../../../arm-none-eabi/lib/thumb/v7e-m+fp/hard/libc_nano.a(libc_a-init.o)
 .comment       0x00000026       0x27 /usr/lib/gcc/arm-none-eabi/13.2.1/../../../arm-none-eabi/lib/thumb/v7e-m+fp/hard/libc_nano.a(libc_a-memset.o)
 .comment       0x00000026       0x27 /usr/lib/gcc/arm-none-eabi/13.2.1/../../../arm-none-eabi/lib/thumb/v7e-m+fp/hard/libc_nano.a(libc_a-findfp.o)
 .comment       0x00000026       0x27 /usr/lib/gcc/arm-none-eabi/13.2.1/../../../arm-none-eabi/lib/thumb/v7e-m+fp/hard/libc_nano.a(libc_a-fflush.o)
 .comment       0x00000026       0x27 /usr/lib/gcc/arm-none-eabi/13.2.1/../../../arm-none-eabi/lib/thumb/v7e-m+fp/hard/libc_nano.a(libc_a-mallocr.o)
 .comment       0x00000026       0x27 /usr/lib/gcc/arm-none-eabi/13.2.1/../../../arm-none-eabi/lib/thumb/v7e-m+fp/hard/libc_nano.a(libc_a-freer.o)
 .comment       0x00000026       0x27 /usr/lib/gcc/arm-none-eabi/13.2.1/../../../arm-none-eabi/lib/thumb/v7e-m+fp/hard/libc_nano.a(libc_a-fwalk.o)
 .comment       0x00000026       0x27 /usr/lib/gcc/arm-none-eabi/13.2.1/../../../arm-none-eabi/lib/thumb/v7e-m+fp/hard/libc_nano.a(libc_a-mlock.o)
 .comment       0x00000026       0x27 /usr/lib/gcc/arm-none-eabi/13.2.1/../../../arm-none-eabi/lib/thumb/v7e-m+fp/hard/libc_nano.a(libc_a-sbrkr.o)
 .comment       0x00000026       0x27 /usr/lib/gcc/arm-none-eabi/13.2.1/../../../arm-none-eabi/lib/thumb/v7e-m+fp/hard/libc_nano.a(libc_a-stdio.o)
 .comment       0x00000026       0x27 /usr/lib/gcc/arm-none-eabi/13.2.1/../../../arm-none-eabi/lib/thumb/v7e-m+fp/hard/libc_nano.a(libc_a-impure.o)
 .comment       0x00000026       0x27 /usr/lib/gcc/arm-none-eabi/13.2.1/../../../arm-none-eabi/lib/thumb/v7e-m+fp/hard/libc_nano.a(libc_a-closer.o)
 .comment       0x00000026       0x27 /usr/lib/gcc/arm-none-eabi/13.2.1/../../../arm-none-eabi/lib/thumb/v7e-m+fp/hard/libc_nano.a(libc_a-readr.o)
 .comment       0x00000026       0x27 /usr/lib/gcc/arm-none-eabi/13.2.1/../../../arm-none-eabi/lib/thumb/v7e-m+fp/hard/libc_nano.a(libc_a-reent.o)
 .comment       0x00000026       0x27 /usr/lib/gcc/arm-none-eabi/13.2.1/../../../arm-none-eabi/lib/thumb/v7e-m+fp/hard/libc_nano.a(libc_a-lseekr.o)
 .comment       0x00000026       0x27 /usr/lib/gcc/arm-none-eabi/13.2.1/../../../arm-none-eabi/lib/thumb/v7e-m+fp/hard/libc_nano.a(libc_a-writer.o)
 .comment       0x00000026       0x27 CMakeFiles/single_timer_interrupt.dir/Core/Src/main.c.obj
 .comment       0x00000026       0x27 CMakeFiles/single_timer_interrupt.dir/Core/Src/stm32f3xx_it.c.obj
 .comment       0x00000026       0x27 CMakeFiles/single_timer_interrupt.dir/Core/Src/stm32f3xx_hal_msp.c.obj
 .comment       0x00000026       0x27 CMakeFiles/single_timer_interrupt.dir/USB_DEVICE/App/usb_device.c.obj
 .comment       0x00000026       0x27 CMakeFiles/single_timer_interrupt.dir/USB_DEVICE/App/usbd_desc.c.obj
 .comment       0x00000026       0x27 CMakeFiles/single_timer_interrupt.dir/USB_DEVICE/App/usbd_cdc_if.c.obj
 .comment       0x00000026       0x27 CMakeFiles/single_timer_interrupt.dir/USB_DEVICE/Target/usbd_conf.c.obj
 .comment       0x00000026       0x27 CMakeFiles/single_timer_interrupt.dir/Drivers/STM32F3xx_HAL_Driver/Src/stm32f3xx_ll_usb.c.obj
 .comment       0x00000026       0x27 CMakeFiles/single_timer_interrupt.dir/Drivers/STM32F3xx_HAL_Driver/Src/stm32f3xx_hal_pcd.c.obj
 .comment       0x00000026       0x27 CMakeFiles/single_timer_interrupt.dir/Drivers/STM32F3xx_HAL_Driver/Src/stm32f3xx_hal_pcd_ex.c.obj
 .comment       0x00000026       0x27 CMakeFiles/single_timer_interrupt.dir/Drivers/STM32F3xx_HAL_Driver/Src/stm32f3xx_hal.c.obj
 .comment       0x00000026       0x27 CMakeFiles/single_timer_interrupt.dir/Drivers/STM32F3xx_HAL_Driver/Src/stm32f3xx_hal_rcc.c.obj
 .comment       0x00000026       0x27 CMakeFiles/single_timer_interrupt.dir/Drivers/STM32F3xx_HAL_Driver/Src/stm32f3xx_hal_rcc_ex.c.obj
 .comment       0x00000026       0x27 CMakeFiles/single_timer_interrupt.dir/Drivers/STM32F3xx_HAL_Driver/Src/stm32f3xx_hal_gpio.c.obj
 .comment       0x00000026       0x27 CMakeFiles/single_timer_interrupt.dir/Drivers/STM32F3xx_HAL_Driver/Src/stm32f3xx_hal_cortex.c.obj
 .comment       0x00000026       0x27 CMakeFiles/single_timer_interrupt.dir/Drivers/STM32F3xx_HAL_Driver/Src/stm32f3xx_hal_tim.c.obj
 .comment       0x00000026       0x27 CMakeFiles/single_timer_interrupt.dir/Drivers/STM32F3xx_HAL_Driver/Src/stm32f3xx_hal_tim_ex.c.obj
 .comment       0x00000026       0x27 CMakeFiles/single_timer_interrupt.dir/Core/Src/system_stm32f3xx.c.obj
 .comment       0x00000026       0x27 CMakeFiles/single_timer_interrupt.dir/Middlewares/ST/STM32_USB_Device_Library/Core/Src/usbd_core.c.obj
 .comment       0x00000026       0x27 CMakeFiles/single_timer_interrupt.dir/Middlewares/ST/STM32_USB_Device_Library/Core/Src/usbd_ctlreq.c.obj
 .comment       0x00000026       0x27 CMakeFiles/single_timer_interrupt.dir/Middlewares/ST/STM32_USB_Device_Library/Core/Src/usbd_ioreq.c.obj
 .comment       0x00000026       0x27 CMakeFiles/single_timer_interrupt.dir/Middlewares/ST/STM32_USB_Device_Library/Class/CDC/Src/usbd_cdc.c.obj
 .comment       0x00000026       0x27 CMakeFiles/single_timer_interrupt.dir/Core/Src/sysmem.c.obj
 .comment       0x00000026       0x27 CMakeFiles/single_timer_interrupt.dir/Core/Src/syscalls.c.obj
 .comment       0x00000026       0x27 /usr/lib/gcc/arm-none-eabi/13.2.1/../../../arm-none-eabi/lib/thumb/v7e-m+fp/hard/libg_nano.a(libc_a-puts.o)
 .comment       0x00000026       0x27 /usr/lib/gcc/arm-none-eabi/13.2.1/../../../arm-none-eabi/lib/thumb/v7e-m+fp/hard/libg_nano.a(libc_a-errno.o)
 .comment       0x00000026       0x27 /usr/lib/gcc/arm-none-eabi/13.2.1/../../../arm-none-eabi/lib/thumb/v7e-m+fp/hard/libg_nano.a(libc_a-wsetup.o)
 .comment       0x00000026       0x27 /usr/lib/gcc/arm-none-eabi/13.2.1/../../../arm-none-eabi/lib/thumb/v7e-m+fp/hard/libg_nano.a(libc_a-makebuf.o)
 .comment       0x00000026       0x27 /usr/lib/gcc/arm-none-eabi/13.2.1/../../../arm-none-eabi/lib/thumb/v7e-m+fp/hard/libg_nano.a(libc_a-printf.o)
 .comment       0x00000026       0x27 /usr/lib/gcc/arm-none-eabi/13.2.1/../../../arm-none-eabi/lib/thumb/v7e-m+fp/hard/libg_nano.a(libc_a-isattyr.o)
 .comment       0x00000026       0x27 /usr/lib/gcc/arm-none-eabi/13.2.1/../../../arm-none-eabi/lib/thumb/v7e-m+fp/hard/libg_nano.a(libc_a-nano-vfprintf.o)
 .comment       0x00000026       0x27 /usr/lib/gcc/arm-none-eabi/13.2.1/../../../arm-none-eabi/lib/thumb/v7e-m+fp/hard/libg_nano.a(libc_a-wbuf.o)
 .comment       0x00000026       0x27 /usr/lib/gcc/arm-none-eabi/13.2.1/../../../arm-none-eabi/lib/thumb/v7e-m+fp/hard/libg_nano.a(libc_a-fvwrite.o)
 .comment       0x00000026       0x27 /usr/lib/gcc/arm-none-eabi/13.2.1/../../../arm-none-eabi/lib/thumb/v7e-m+fp/hard/libg_nano.a(libc_a-memmove.o)
 .comment       0x00000026       0x27 /usr/lib/gcc/arm-none-eabi/13.2.1/../../../arm-none-eabi/lib/thumb/v7e-m+fp/hard/libg_nano.a(libc_a-reallocr.o)
 .comment       0x00000026       0x27 /usr/lib/gcc/arm-none-eabi/13.2.1/../../../arm-none-eabi/lib/thumb/v7e-m+fp/hard/libg_nano.a(libc_a-nano-vfprintf_i.o)
 .comment       0x00000026       0x27 /usr/lib/gcc/arm-none-eabi/13.2.1/../../../arm-none-eabi/lib/thumb/v7e-m+fp/hard/libg_nano.a(libc_a-fstatr.o)
 .comment       0x00000026       0x27 /usr/lib/gcc/arm-none-eabi/13.2.1/../../../arm-none-eabi/lib/thumb/v7e-m+fp/hard/libg_nano.a(libc_a-msizer.o)
 .comment       0x00000026       0x27 /usr/lib/gcc/arm-none-eabi/13.2.1/thumb/v7e-m+fp/hard/crtend.o

.debug_info     0x00000000    0x229c6
 .debug_info    0x00000000      0x10b /usr/lib/gcc/arm-none-eabi/13.2.1/../../../arm-none-eabi/lib/thumb/v7e-m+fp/hard/libc_nano.a(libc_a-init.o)
 .debug_info    0x0000010b      0x135 /usr/lib/gcc/arm-none-eabi/13.2.1/../../../arm-none-eabi/lib/thumb/v7e-m+fp/hard/libc_nano.a(libc_a-memset.o)
 .debug_info    0x00000240      0xe8c /usr/lib/gcc/arm-none-eabi/13.2.1/../../../arm-none-eabi/lib/thumb/v7e-m+fp/hard/libc_nano.a(libc_a-findfp.o)
 .debug_info    0x000010cc      0xa33 /usr/lib/gcc/arm-none-eabi/13.2.1/../../../arm-none-eabi/lib/thumb/v7e-m+fp/hard/libc_nano.a(libc_a-fflush.o)
 .debug_info    0x00001aff      0x9b6 /usr/lib/gcc/arm-none-eabi/13.2.1/../../../arm-none-eabi/lib/thumb/v7e-m+fp/hard/libc_nano.a(libc_a-mallocr.o)
 .debug_info    0x000024b5      0x87f /usr/lib/gcc/arm-none-eabi/13.2.1/../../../arm-none-eabi/lib/thumb/v7e-m+fp/hard/libc_nano.a(libc_a-freer.o)
 .debug_info    0x00002d34      0x7c8 /usr/lib/gcc/arm-none-eabi/13.2.1/../../../arm-none-eabi/lib/thumb/v7e-m+fp/hard/libc_nano.a(libc_a-fwalk.o)
 .debug_info    0x000034fc      0x71c /usr/lib/gcc/arm-none-eabi/13.2.1/../../../arm-none-eabi/lib/thumb/v7e-m+fp/hard/libc_nano.a(libc_a-mlock.o)
 .debug_info    0x00003c18      0x778 /usr/lib/gcc/arm-none-eabi/13.2.1/../../../arm-none-eabi/lib/thumb/v7e-m+fp/hard/libc_nano.a(libc_a-sbrkr.o)
 .debug_info    0x00004390      0xa80 /usr/lib/gcc/arm-none-eabi/13.2.1/../../../arm-none-eabi/lib/thumb/v7e-m+fp/hard/libc_nano.a(libc_a-stdio.o)
 .debug_info    0x00004e10      0x70b /usr/lib/gcc/arm-none-eabi/13.2.1/../../../arm-none-eabi/lib/thumb/v7e-m+fp/hard/libc_nano.a(libc_a-impure.o)
 .debug_info    0x0000551b      0x752 /usr/lib/gcc/arm-none-eabi/13.2.1/../../../arm-none-eabi/lib/thumb/v7e-m+fp/hard/libc_nano.a(libc_a-closer.o)
 .debug_info    0x00005c6d      0x7b5 /usr/lib/gcc/arm-none-eabi/13.2.1/../../../arm-none-eabi/lib/thumb/v7e-m+fp/hard/libc_nano.a(libc_a-readr.o)
 .debug_info    0x00006422      0x89f /usr/lib/gcc/arm-none-eabi/13.2.1/../../../arm-none-eabi/lib/thumb/v7e-m+fp/hard/libc_nano.a(libc_a-reent.o)
 .debug_info    0x00006cc1      0x79e /usr/lib/gcc/arm-none-eabi/13.2.1/../../../arm-none-eabi/lib/thumb/v7e-m+fp/hard/libc_nano.a(libc_a-lseekr.o)
 .debug_info    0x0000745f      0x7bb /usr/lib/gcc/arm-none-eabi/13.2.1/../../../arm-none-eabi/lib/thumb/v7e-m+fp/hard/libc_nano.a(libc_a-writer.o)
 .debug_info    0x00007c1a      0xdc0 CMakeFiles/single_timer_interrupt.dir/Core/Src/main.c.obj
 .debug_info    0x000089da      0xca1 CMakeFiles/single_timer_interrupt.dir/Core/Src/stm32f3xx_it.c.obj
 .debug_info    0x0000967b      0x98f CMakeFiles/single_timer_interrupt.dir/Core/Src/stm32f3xx_hal_msp.c.obj
 .debug_info    0x0000a00a      0x6ab CMakeFiles/single_timer_interrupt.dir/USB_DEVICE/App/usb_device.c.obj
 .debug_info    0x0000a6b5      0x426 CMakeFiles/single_timer_interrupt.dir/USB_DEVICE/App/usbd_desc.c.obj
 .debug_info    0x0000aadb      0x7bc CMakeFiles/single_timer_interrupt.dir/USB_DEVICE/App/usbd_cdc_if.c.obj
 .debug_info    0x0000b297     0x1a68 CMakeFiles/single_timer_interrupt.dir/USB_DEVICE/Target/usbd_conf.c.obj
 .debug_info    0x0000ccff     0x1617 CMakeFiles/single_timer_interrupt.dir/Drivers/STM32F3xx_HAL_Driver/Src/stm32f3xx_ll_usb.c.obj
 .debug_info    0x0000e316     0x164b CMakeFiles/single_timer_interrupt.dir/Drivers/STM32F3xx_HAL_Driver/Src/stm32f3xx_hal_pcd.c.obj
 .debug_info    0x0000f961      0x685 CMakeFiles/single_timer_interrupt.dir/Drivers/STM32F3xx_HAL_Driver/Src/stm32f3xx_hal_pcd_ex.c.obj
 .debug_info    0x0000ffe6      0x7c8 CMakeFiles/single_timer_interrupt.dir/Drivers/STM32F3xx_HAL_Driver/Src/stm32f3xx_hal.c.obj
 .debug_info    0x000107ae     0x145a CMakeFiles/single_timer_interrupt.dir/Drivers/STM32F3xx_HAL_Driver/Src/stm32f3xx_hal_rcc.c.obj
 .debug_info    0x00011c08      0x595 CMakeFiles/single_timer_interrupt.dir/Drivers/STM32F3xx_HAL_Driver/Src/stm32f3xx_hal_rcc_ex.c.obj
 .debug_info    0x0001219d      0x5e6 CMakeFiles/single_timer_interrupt.dir/Drivers/STM32F3xx_HAL_Driver/Src/stm32f3xx_hal_gpio.c.obj
 .debug_info    0x00012783      0xcc0 CMakeFiles/single_timer_interrupt.dir/Drivers/STM32F3xx_HAL_Driver/Src/stm32f3xx_hal_cortex.c.obj
 .debug_info    0x00013443     0x2a58 CMakeFiles/single_timer_interrupt.dir/Drivers/STM32F3xx_HAL_Driver/Src/stm32f3xx_hal_tim.c.obj
 .debug_info    0x00015e9b     0x1555 CMakeFiles/single_timer_interrupt.dir/Drivers/STM32F3xx_HAL_Driver/Src/stm32f3xx_hal_tim_ex.c.obj
 .debug_info    0x000173f0      0x3ed CMakeFiles/single_timer_interrupt.dir/Core/Src/system_stm32f3xx.c.obj
 .debug_info    0x000177dd      0xa2e CMakeFiles/single_timer_interrupt.dir/Middlewares/ST/STM32_USB_Device_Library/Core/Src/usbd_core.c.obj
 .debug_info    0x0001820b      0x8f8 CMakeFiles/single_timer_interrupt.dir/Middlewares/ST/STM32_USB_Device_Library/Core/Src/usbd_ctlreq.c.obj
 .debug_info    0x00018b03      0x67c CMakeFiles/single_timer_interrupt.dir/Middlewares/ST/STM32_USB_Device_Library/Core/Src/usbd_ioreq.c.obj
 .debug_info    0x0001917f      0xff8 CMakeFiles/single_timer_interrupt.dir/Middlewares/ST/STM32_USB_Device_Library/Class/CDC/Src/usbd_cdc.c.obj
 .debug_info    0x0001a177      0x150 CMakeFiles/single_timer_interrupt.dir/Core/Src/sysmem.c.obj
 .debug_info    0x0001a2c7      0x6a3 CMakeFiles/single_timer_interrupt.dir/Core/Src/syscalls.c.obj
 .debug_info    0x0001a96a       0x30 CMakeFiles/single_timer_interrupt.dir/startup_stm32f303xc.s.obj
 .debug_info    0x0001a99a      0x8f8 /usr/lib/gcc/arm-none-eabi/13.2.1/../../../arm-none-eabi/lib/thumb/v7e-m+fp/hard/libg_nano.a(libc_a-puts.o)
 .debug_info    0x0001b292      0x6f1 /usr/lib/gcc/arm-none-eabi/13.2.1/../../../arm-none-eabi/lib/thumb/v7e-m+fp/hard/libg_nano.a(libc_a-errno.o)
 .debug_info    0x0001b983      0x7b1 /usr/lib/gcc/arm-none-eabi/13.2.1/../../../arm-none-eabi/lib/thumb/v7e-m+fp/hard/libg_nano.a(libc_a-wsetup.o)
 .debug_info    0x0001c134      0xbe6 /usr/lib/gcc/arm-none-eabi/13.2.1/../../../arm-none-eabi/lib/thumb/v7e-m+fp/hard/libg_nano.a(libc_a-makebuf.o)
 .debug_info    0x0001cd1a      0x837 /usr/lib/gcc/arm-none-eabi/13.2.1/../../../arm-none-eabi/lib/thumb/v7e-m+fp/hard/libg_nano.a(libc_a-printf.o)
 .debug_info    0x0001d551      0x752 /usr/lib/gcc/arm-none-eabi/13.2.1/../../../arm-none-eabi/lib/thumb/v7e-m+fp/hard/libg_nano.a(libc_a-isattyr.o)
 .debug_info    0x0001dca3     0x108a /usr/lib/gcc/arm-none-eabi/13.2.1/../../../arm-none-eabi/lib/thumb/v7e-m+fp/hard/libg_nano.a(libc_a-nano-vfprintf.o)
 .debug_info    0x0001ed2d      0x863 /usr/lib/gcc/arm-none-eabi/13.2.1/../../../arm-none-eabi/lib/thumb/v7e-m+fp/hard/libg_nano.a(libc_a-wbuf.o)
 .debug_info    0x0001f590      0xaf1 /usr/lib/gcc/arm-none-eabi/13.2.1/../../../arm-none-eabi/lib/thumb/v7e-m+fp/hard/libg_nano.a(libc_a-fvwrite.o)
 .debug_info    0x00020081      0x148 /usr/lib/gcc/arm-none-eabi/13.2.1/../../../arm-none-eabi/lib/thumb/v7e-m+fp/hard/libg_nano.a(libc_a-memmove.o)
 .debug_info    0x000201c9       0x25 /usr/lib/gcc/arm-none-eabi/13.2.1/../../../arm-none-eabi/lib/thumb/v7e-m+fp/hard/libg_nano.a(libc_a-memchr.o)
 .debug_info    0x000201ee       0x33 /usr/lib/gcc/arm-none-eabi/13.2.1/../../../arm-none-eabi/lib/thumb/v7e-m+fp/hard/libg_nano.a(libc_a-memcpy.o)
 .debug_info    0x00020221      0x8cd /usr/lib/gcc/arm-none-eabi/13.2.1/../../../arm-none-eabi/lib/thumb/v7e-m+fp/hard/libg_nano.a(libc_a-reallocr.o)
 .debug_info    0x00020aee      0xdd7 /usr/lib/gcc/arm-none-eabi/13.2.1/../../../arm-none-eabi/lib/thumb/v7e-m+fp/hard/libg_nano.a(libc_a-nano-vfprintf_i.o)
 .debug_info    0x000218c5      0x977 /usr/lib/gcc/arm-none-eabi/13.2.1/../../../arm-none-eabi/lib/thumb/v7e-m+fp/hard/libg_nano.a(libc_a-fstatr.o)
 .debug_info    0x0002223c      0x78a /usr/lib/gcc/arm-none-eabi/13.2.1/../../../arm-none-eabi/lib/thumb/v7e-m+fp/hard/libg_nano.a(libc_a-msizer.o)

.debug_abbrev   0x00000000     0x6f0e
 .debug_abbrev  0x00000000       0xc9 /usr/lib/gcc/arm-none-eabi/13.2.1/../../../arm-none-eabi/lib/thumb/v7e-m+fp/hard/libc_nano.a(libc_a-init.o)
 .debug_abbrev  0x000000c9       0xb7 /usr/lib/gcc/arm-none-eabi/13.2.1/../../../arm-none-eabi/lib/thumb/v7e-m+fp/hard/libc_nano.a(libc_a-memset.o)
 .debug_abbrev  0x00000180      0x408 /usr/lib/gcc/arm-none-eabi/13.2.1/../../../arm-none-eabi/lib/thumb/v7e-m+fp/hard/libc_nano.a(libc_a-findfp.o)
 .debug_abbrev  0x00000588      0x2e4 /usr/lib/gcc/arm-none-eabi/13.2.1/../../../arm-none-eabi/lib/thumb/v7e-m+fp/hard/libc_nano.a(libc_a-fflush.o)
 .debug_abbrev  0x0000086c      0x24a /usr/lib/gcc/arm-none-eabi/13.2.1/../../../arm-none-eabi/lib/thumb/v7e-m+fp/hard/libc_nano.a(libc_a-mallocr.o)
 .debug_abbrev  0x00000ab6      0x249 /usr/lib/gcc/arm-none-eabi/13.2.1/../../../arm-none-eabi/lib/thumb/v7e-m+fp/hard/libc_nano.a(libc_a-freer.o)
 .debug_abbrev  0x00000cff      0x19b /usr/lib/gcc/arm-none-eabi/13.2.1/../../../arm-none-eabi/lib/thumb/v7e-m+fp/hard/libc_nano.a(libc_a-fwalk.o)
 .debug_abbrev  0x00000e9a      0x192 /usr/lib/gcc/arm-none-eabi/13.2.1/../../../arm-none-eabi/lib/thumb/v7e-m+fp/hard/libc_nano.a(libc_a-mlock.o)
 .debug_abbrev  0x0000102c      0x1da /usr/lib/gcc/arm-none-eabi/13.2.1/../../../arm-none-eabi/lib/thumb/v7e-m+fp/hard/libc_nano.a(libc_a-sbrkr.o)
 .debug_abbrev  0x00001206      0x224 /usr/lib/gcc/arm-none-eabi/13.2.1/../../../arm-none-eabi/lib/thumb/v7e-m+fp/hard/libc_nano.a(libc_a-stdio.o)
 .debug_abbrev  0x0000142a      0x149 /usr/lib/gcc/arm-none-eabi/13.2.1/../../../arm-none-eabi/lib/thumb/v7e-m+fp/hard/libc_nano.a(libc_a-impure.o)
 .debug_abbrev  0x00001573      0x1b0 /usr/lib/gcc/arm-none-eabi/13.2.1/../../../arm-none-eabi/lib/thumb/v7e-m+fp/hard/libc_nano.a(libc_a-closer.o)
 .debug_abbrev  0x00001723      0x1b0 /usr/lib/gcc/arm-none-eabi/13.2.1/../../../arm-none-eabi/lib/thumb/v7e-m+fp/hard/libc_nano.a(libc_a-readr.o)
 .debug_abbrev  0x000018d3      0x1ee /usr/lib/gcc/arm-none-eabi/13.2.1/../../../arm-none-eabi/lib/thumb/v7e-m+fp/hard/libc_nano.a(libc_a-reent.o)
 .debug_abbrev  0x00001ac1      0x1c4 /usr/lib/gcc/arm-none-eabi/13.2.1/../../../arm-none-eabi/lib/thumb/v7e-m+fp/hard/libc_nano.a(libc_a-lseekr.o)
 .debug_abbrev  0x00001c85      0x1b5 /usr/lib/gcc/arm-none-eabi/13.2.1/../../../arm-none-eabi/lib/thumb/v7e-m+fp/hard/libc_nano.a(libc_a-writer.o)
 .debug_abbrev  0x00001e3a      0x265 CMakeFiles/single_timer_interrupt.dir/Core/Src/main.c.obj
 .debug_abbrev  0x0000209f      0x1d9 CMakeFiles/single_timer_interrupt.dir/Core/Src/stm32f3xx_it.c.obj
 .debug_abbrev  0x00002278      0x1ae CMakeFiles/single_timer_interrupt.dir/Core/Src/stm32f3xx_hal_msp.c.obj
 .debug_abbrev  0x00002426      0x1f7 CMakeFiles/single_timer_interrupt.dir/USB_DEVICE/App/usb_device.c.obj
 .debug_abbrev  0x0000261d      0x1ff CMakeFiles/single_timer_interrupt.dir/USB_DEVICE/App/usbd_desc.c.obj
 .debug_abbrev  0x0000281c      0x25d CMakeFiles/single_timer_interrupt.dir/USB_DEVICE/App/usbd_cdc_if.c.obj
 .debug_abbrev  0x00002a79      0x31e CMakeFiles/single_timer_interrupt.dir/USB_DEVICE/Target/usbd_conf.c.obj
 .debug_abbrev  0x00002d97      0x247 CMakeFiles/single_timer_interrupt.dir/Drivers/STM32F3xx_HAL_Driver/Src/stm32f3xx_ll_usb.c.obj
 .debug_abbrev  0x00002fde      0x2d9 CMakeFiles/single_timer_interrupt.dir/Drivers/STM32F3xx_HAL_Driver/Src/stm32f3xx_hal_pcd.c.obj